Archive member included because of file (symbol)

.\CortexM0\ARM_GCC_473\Debug\controllers.a(cyfitter_cfg.o)
                              .\CortexM0\ARM_GCC_473\Debug\Cm0Start.o (cyfitter_cfg)
.\CortexM0\ARM_GCC_473\Debug\controllers.a(CyBootAsmGnu.o)
                              .\CortexM0\ARM_GCC_473\Debug\controllers.a(cyfitter_cfg.o) (CyDelayCycles)
.\CortexM0\ARM_GCC_473\Debug\controllers.a(CyLib.o)
                              .\CortexM0\ARM_GCC_473\Debug\controllers.a(cyfitter_cfg.o) (CyDelayUs)
.\CortexM0\ARM_GCC_473\Debug\controllers.a(logDataTimer.o)
                              .\CortexM0\ARM_GCC_473\Debug\loadData.o (logDataTimer_Start)
.\CortexM0\ARM_GCC_473\Debug\controllers.a(waterTimer.o)
                              .\CortexM0\ARM_GCC_473\Debug\loadData.o (waterTimer_Start)
.\CortexM0\ARM_GCC_473\Debug\controllers.a(logDataInterrupt.o)
                              .\CortexM0\ARM_GCC_473\Debug\loadData.o (logDataInterrupt_StartEx)
.\CortexM0\ARM_GCC_473\Debug\controllers.a(waterInterrupt.o)
                              .\CortexM0\ARM_GCC_473\Debug\loadData.o (waterInterrupt_StartEx)
.\CortexM0\ARM_GCC_473\Debug\controllers.a(SLC.o)
                              .\CortexM0\ARM_GCC_473\Debug\humiSensor.o (SLC_Write)
.\CortexM0\ARM_GCC_473\Debug\controllers.a(water_pin.o)
                              .\CortexM0\ARM_GCC_473\Debug\sensorPackage.o (water_pin_Write)
.\CortexM0\ARM_GCC_473\Debug\controllers.a(ADC_SAR_Seq_0.o)
                              .\CortexM0\ARM_GCC_473\Debug\sensorPackage.o (ADC_SAR_Seq_0_Start)
.\CortexM0\ARM_GCC_473\Debug\controllers.a(ADC_SAR_Seq_0_INT.o)
                              .\CortexM0\ARM_GCC_473\Debug\controllers.a(ADC_SAR_Seq_0.o) (ADC_SAR_Seq_0_ISR)
c:/program files (x86)/cypress/psoc creator/3.0/psoc creator/import/gnu_cs/arm/4.7.3/bin/../lib/gcc/arm-none-eabi/4.7.3/armv6-m\libgcc.a(_udivsi3.o)
                              .\CortexM0\ARM_GCC_473\Debug\controllers.a(CyLib.o) (__aeabi_uidiv)
c:/program files (x86)/cypress/psoc creator/3.0/psoc creator/import/gnu_cs/arm/4.7.3/bin/../lib/gcc/arm-none-eabi/4.7.3/armv6-m\libgcc.a(_divsi3.o)
                              .\CortexM0\ARM_GCC_473\Debug\Cm0Start.o (__aeabi_idiv)
c:/program files (x86)/cypress/psoc creator/3.0/psoc creator/import/gnu_cs/arm/4.7.3/bin/../lib/gcc/arm-none-eabi/4.7.3/armv6-m\libgcc.a(_dvmd_tls.o)
                              c:/program files (x86)/cypress/psoc creator/3.0/psoc creator/import/gnu_cs/arm/4.7.3/bin/../lib/gcc/arm-none-eabi/4.7.3/armv6-m\libgcc.a(_udivsi3.o) (__aeabi_idiv0)
c:/program files (x86)/cypress/psoc creator/3.0/psoc creator/import/gnu_cs/arm/4.7.3/bin/../lib/gcc/arm-none-eabi/4.7.3/armv6-m\libgcc.a(_arm_cmpdf2.o)
                              .\CortexM0\ARM_GCC_473\Debug\loadData.o (__aeabi_dcmpge)
c:/program files (x86)/cypress/psoc creator/3.0/psoc creator/import/gnu_cs/arm/4.7.3/bin/../lib/gcc/arm-none-eabi/4.7.3/armv6-m\libgcc.a(_arm_cmpsf2.o)
                              .\CortexM0\ARM_GCC_473\Debug\loadData.o (__aeabi_fcmplt)
c:/program files (x86)/cypress/psoc creator/3.0/psoc creator/import/gnu_cs/arm/4.7.3/bin/../lib/gcc/arm-none-eabi/4.7.3/armv6-m\libgcc.a(_aeabi_ldivmod.o)
                              .\CortexM0\ARM_GCC_473\Debug\controllers.a(ADC_SAR_Seq_0.o) (__aeabi_ldivmod)
c:/program files (x86)/cypress/psoc creator/3.0/psoc creator/import/gnu_cs/arm/4.7.3/bin/../lib/gcc/arm-none-eabi/4.7.3/armv6-m\libgcc.a(_muldi3.o)
                              .\CortexM0\ARM_GCC_473\Debug\controllers.a(ADC_SAR_Seq_0.o) (__aeabi_lmul)
c:/program files (x86)/cypress/psoc creator/3.0/psoc creator/import/gnu_cs/arm/4.7.3/bin/../lib/gcc/arm-none-eabi/4.7.3/armv6-m\libgcc.a(bpabi.o)
                              c:/program files (x86)/cypress/psoc creator/3.0/psoc creator/import/gnu_cs/arm/4.7.3/bin/../lib/gcc/arm-none-eabi/4.7.3/armv6-m\libgcc.a(_aeabi_ldivmod.o) (__gnu_ldivmod_helper)
c:/program files (x86)/cypress/psoc creator/3.0/psoc creator/import/gnu_cs/arm/4.7.3/bin/../lib/gcc/arm-none-eabi/4.7.3/armv6-m\libgcc.a(divsf3.o)
                              .\CortexM0\ARM_GCC_473\Debug\controllers.a(ADC_SAR_Seq_0.o) (__aeabi_fdiv)
c:/program files (x86)/cypress/psoc creator/3.0/psoc creator/import/gnu_cs/arm/4.7.3/bin/../lib/gcc/arm-none-eabi/4.7.3/armv6-m\libgcc.a(eqsf2.o)
                              c:/program files (x86)/cypress/psoc creator/3.0/psoc creator/import/gnu_cs/arm/4.7.3/bin/../lib/gcc/arm-none-eabi/4.7.3/armv6-m\libgcc.a(_arm_cmpsf2.o) (__eqsf2)
c:/program files (x86)/cypress/psoc creator/3.0/psoc creator/import/gnu_cs/arm/4.7.3/bin/../lib/gcc/arm-none-eabi/4.7.3/armv6-m\libgcc.a(gesf2.o)
                              c:/program files (x86)/cypress/psoc creator/3.0/psoc creator/import/gnu_cs/arm/4.7.3/bin/../lib/gcc/arm-none-eabi/4.7.3/armv6-m\libgcc.a(_arm_cmpsf2.o) (__gesf2)
[...]
Memory Configuration

Name             Origin             Length             Attributes
rom              0x00000000         0x00008000         xr
ram              0x20000000         0x00001000         xrw
*default*        0x00000000         0xffffffff

Linker script and memory map

LOAD c:/program files (x86)/cypress/psoc creator/3.0/psoc creator/import/gnu_cs/arm/4.7.3/bin/../lib/gcc/arm-none-eabi/4.7.3/armv6-m/crti.o
LOAD c:/program files (x86)/cypress/psoc creator/3.0/psoc creator/import/gnu_cs/arm/4.7.3/bin/../lib/gcc/arm-none-eabi/4.7.3/armv6-m/crtbegin.o
LOAD c:/program files (x86)/cypress/psoc creator/3.0/psoc creator/import/gnu_cs/arm/4.7.3/bin/../lib/gcc/arm-none-eabi/4.7.3/../../../../arm-none-eabi/lib/armv6-m/crt0.o
START GROUP
LOAD .\CortexM0\ARM_GCC_473\Debug\test_controllers.o
LOAD .\CortexM0\ARM_GCC_473\Debug\loadData.o
LOAD .\CortexM0\ARM_GCC_473\Debug\buffer.o
LOAD .\CortexM0\ARM_GCC_473\Debug\parameters.o
LOAD .\CortexM0\ARM_GCC_473\Debug\humiSensor.o
LOAD .\CortexM0\ARM_GCC_473\Debug\sensorPackage.o
LOAD .\CortexM0\ARM_GCC_473\Debug\sprinkler.o
LOAD .\CortexM0\ARM_GCC_473\Debug\tempSensor.o
LOAD .\CortexM0\ARM_GCC_473\Debug\cymetadata.o
LOAD .\CortexM0\ARM_GCC_473\Debug\Cm0Start.o
LOAD .\CortexM0\ARM_GCC_473\Debug\controllers.a
LOAD C:\Program Files (x86)\Cypress\PSoC Creator\3.0\PSoC Creator\psoc\content\cycomponentlibrary\CyComponentLibrary.cylib\CortexM0\ARM_GCC_473\Debug\CyComponentLibrary.a
END GROUP
START GROUP
LOAD c:/program files (x86)/cypress/psoc creator/3.0/psoc creator/import/gnu_cs/arm/4.7.3/bin/../lib/gcc/arm-none-eabi/4.7.3/armv6-m\libgcc.a
LOAD c:/program files (x86)/cypress/psoc creator/3.0/psoc creator/import/gnu_cs/arm/4.7.3/bin/../lib/gcc/arm-none-eabi/4.7.3/../../../../arm-none-eabi/lib/armv6-m\libc_s.a
END GROUP
LOAD c:/program files (x86)/cypress/psoc creator/3.0/psoc creator/import/gnu_cs/arm/4.7.3/bin/../lib/gcc/arm-none-eabi/4.7.3/armv6-m/crtend.o
LOAD c:/program files (x86)/cypress/psoc creator/3.0/psoc creator/import/gnu_cs/arm/4.7.3/bin/../lib/gcc/arm-none-eabi/4.7.3/armv6-m/crtn.o
START GROUP
LOAD c:/program files (x86)/cypress/psoc creator/3.0/psoc creator/import/gnu_cs/arm/4.7.3/bin/../lib/gcc/arm-none-eabi/4.7.3/armv6-m\libgcc.a
LOAD c:/program files (x86)/cypress/psoc creator/3.0/psoc creator/import/gnu_cs/arm/4.7.3/bin/../lib/gcc/arm-none-eabi/4.7.3/../../../../arm-none-eabi/lib/armv6-m\libc.a
LOAD c:/program files (x86)/cypress/psoc creator/3.0/psoc creator/import/gnu_cs/arm/4.7.3/bin/../lib/gcc/arm-none-eabi/4.7.3/../../../../arm-none-eabi/lib/armv6-m\libnosys.a
END GROUP
                0x00000000                CY_APPL_ORIGIN = 0x0
                0x00000080                CY_FLASH_ROW_SIZE = 0x80
                0x00000001                CY_APPL_NUM = 0x1
                0x00000040                CY_METADATA_SIZE = 0x40
                0x200001c8                PROVIDE (__cy_heap_start, _end)
                0x00000001                PROVIDE (__cy_region_num, ((__cy_regions_end - __cy_regions) / 0x10))
                0x20001000                PROVIDE (__cy_stack, (ORIGIN (ram) + 0x1000))
                0x20000c00                PROVIDE (__cy_heap_end, (__cy_stack - 0x400))

.cybootloader   0x00000000        0x0
 *(.cybootloader)
                0x00000000                appl1_start = CY_APPL_ORIGIN?CY_APPL_ORIGIN:ALIGN (CY_FLASH_ROW_SIZE)
                0x00003f80                appl2_start = (appl1_start + ALIGN ((((0x8000 - appl1_start) - (0x2 * CY_FLASH_ROW_SIZE)) / 0x2), CY_FLASH_ROW_SIZE))
                0x00000000                appl_start = (CY_APPL_NUM == 0x1)?appl1_start:appl2_start

.text           0x00000000     0x5588
 CREATE_OBJECT_SYMBOLS
                0x00000000                PROVIDE (__cy_interrupt_vector, RomVectors)
 *(.romvectors)
 .romvectors    0x00000000       0x10 .\CortexM0\ARM_GCC_473\Debug\Cm0Start.o
                0x00000000                RomVectors
                0x00000001                ASSERT ((. != __cy_interrupt_vector), No interrupt vector)
                0x00000001                ASSERT (CY_APPL_ORIGIN?(SIZEOF (.cybootloader) <= CY_APPL_ORIGIN):0x1, Wrong image location)
                0x00000010                PROVIDE (__cy_reset, Reset)
 *(.text.Reset)
 .text.Reset    0x00000010        0x8 .\CortexM0\ARM_GCC_473\Debug\Cm0Start.o
                0x00000010                Reset
                0x00000001                ASSERT ((. != __cy_reset), No reset code)
 *(.psocinit)
 .psocinit      0x00000018      0x264 .\CortexM0\ARM_GCC_473\Debug\controllers.a(cyfitter_cfg.o)
                0x00000150                cyfitter_cfg
                0x0000027c                . = MAX (., 0x100)
 *(.text .text.* .gnu.linkonce.t.*)
 .text          0x0000027c       0x60 c:/program files (x86)/cypress/psoc creator/3.0/psoc creator/import/gnu_cs/arm/4.7.3/bin/../lib/gcc/arm-none-eabi/4.7.3/armv6-m/crtbegin.o
 .text.main     0x000002dc       0x68 .\CortexM0\ARM_GCC_473\Debug\test_controllers.o
                0x000002dc                main
 *fill*         0x00000344        0x4 00
 .text.logDataISR
                0x00000348       0x50 .\CortexM0\ARM_GCC_473\Debug\loadData.o
                0x00000348                logDataISR
 .text.waterISR
                0x00000398       0x50 .\CortexM0\ARM_GCC_473\Debug\loadData.o
                0x00000398                waterISR
 .text.loadData_init
                0x000003e8       0x58 .\CortexM0\ARM_GCC_473\Debug\loadData.o
                0x000003e8                loadData_init
 .text.loadData_movementDetect
                0x00000440       0x2c .\CortexM0\ARM_GCC_473\Debug\loadData.o
                0x00000440                loadData_movementDetect
 .text.loadData_logDataTimeout
                0x0000046c      0x174 .\CortexM0\ARM_GCC_473\Debug\loadData.o
                0x0000046c                loadData_logDataTimeout
 .text.loadData_waterTimeout
                0x000005e0       0x20 .\CortexM0\ARM_GCC_473\Debug\loadData.o
                0x000005e0                loadData_waterTimeout
 .text.buffer_init
                0x00000600       0x38 .\CortexM0\ARM_GCC_473\Debug\buffer.o
                0x00000600                buffer_init
 .text.buffer_saveData
                0x00000638       0x70 .\CortexM0\ARM_GCC_473\Debug\buffer.o
                0x00000638                buffer_saveData
 .text.buffer_getData
                0x000006a8       0x2c .\CortexM0\ARM_GCC_473\Debug\buffer.o
                0x000006a8                buffer_getData
 .text.parameters_init
                0x000006d4       0x28 .\CortexM0\ARM_GCC_473\Debug\parameters.o
                0x000006d4                parameters_init
 .text.parameters_getTemp
                0x000006fc       0x1c .\CortexM0\ARM_GCC_473\Debug\parameters.o
                0x000006fc                parameters_getTemp
 .text.parameters_getHumi
                0x00000718       0x1c .\CortexM0\ARM_GCC_473\Debug\parameters.o
                0x00000718                parameters_getHumi
 .text.parameters_setActive
                0x00000734       0x20 .\CortexM0\ARM_GCC_473\Debug\parameters.o
                0x00000734                parameters_setActive
 .text.parameters_getActive
                0x00000754       0x1c .\CortexM0\ARM_GCC_473\Debug\parameters.o
                0x00000754                parameters_getActive
 .text.humiSensor_init
                0x00000770        0x8 .\CortexM0\ARM_GCC_473\Debug\humiSensor.o
                0x00000770                humiSensor_init
 .text.sensorPackage_init
                0x00000778       0x18 .\CortexM0\ARM_GCC_473\Debug\sensorPackage.o
                0x00000778                sensorPackage_init
 .text.sensorPackage_water
                0x00000790       0x38 .\CortexM0\ARM_GCC_473\Debug\sensorPackage.o
                0x00000790                sensorPackage_water
 .text.sprinkler_init
                0x000007c8        0x8 .\CortexM0\ARM_GCC_473\Debug\sprinkler.o
                0x000007c8                sprinkler_init
 .text.tempSensor_init
                0x000007d0        0x8 .\CortexM0\ARM_GCC_473\Debug\tempSensor.o
                0x000007d0                tempSensor_init
 .text.IntDefaultHandler
                0x000007d8        0x8 .\CortexM0\ARM_GCC_473\Debug\Cm0Start.o
                0x000007d8                IntDefaultHandler
 .text.Start_c  0x000007e0       0xa4 .\CortexM0\ARM_GCC_473\Debug\Cm0Start.o
                0x000007e0                Start_c
 .text.initialize_psoc
                0x00000884       0x64 .\CortexM0\ARM_GCC_473\Debug\Cm0Start.o
                0x00000884                initialize_psoc
 .text.CYMEMZERO
                0x000008e8       0x20 .\CortexM0\ARM_GCC_473\Debug\controllers.a(cyfitter_cfg.o)
 .text.cfg_write_bytes32
                0x00000908       0x80 .\CortexM0\ARM_GCC_473\Debug\controllers.a(cyfitter_cfg.o)
 .text.AnalogSetDefault
                0x00000988       0x18 .\CortexM0\ARM_GCC_473\Debug\controllers.a(cyfitter_cfg.o)
 .text.SetAnalogRoutingPumps
                0x000009a0       0x40 .\CortexM0\ARM_GCC_473\Debug\controllers.a(cyfitter_cfg.o)
                0x000009a0                SetAnalogRoutingPumps
 .text          0x000009e0       0x20 .\CortexM0\ARM_GCC_473\Debug\controllers.a(CyBootAsmGnu.o)
                0x000009e0                CyDelayCycles
                0x000009f2                CyEnterCriticalSection
                0x000009fa                CyExitCriticalSection
 .text.CyIntSetVector
                0x00000a00       0x4c .\CortexM0\ARM_GCC_473\Debug\controllers.a(CyLib.o)
                0x00000a00                CyIntSetVector
 .text.CyIntSetPriority
                0x00000a4c       0xa8 .\CortexM0\ARM_GCC_473\Debug\controllers.a(CyLib.o)
                0x00000a4c                CyIntSetPriority
 .text.CyHalt   0x00000af4       0x14 .\CortexM0\ARM_GCC_473\Debug\controllers.a(CyLib.o)
                0x00000af4                CyHalt
 .text.CyDelay  0x00000b08       0x48 .\CortexM0\ARM_GCC_473\Debug\controllers.a(CyLib.o)
                0x00000b08                CyDelay
 .text.CyDelayUs
                0x00000b50       0x28 .\CortexM0\ARM_GCC_473\Debug\controllers.a(CyLib.o)
                0x00000b50                CyDelayUs
 .text.logDataTimer_Init
                0x00000b78       0x54 .\CortexM0\ARM_GCC_473\Debug\controllers.a(logDataTimer.o)
                0x00000b78                logDataTimer_Init
 .text.logDataTimer_Enable
                0x00000bcc       0x20 .\CortexM0\ARM_GCC_473\Debug\controllers.a(logDataTimer.o)
                0x00000bcc                logDataTimer_Enable
 .text.logDataTimer_Start
                0x00000bec       0x24 .\CortexM0\ARM_GCC_473\Debug\controllers.a(logDataTimer.o)
                0x00000bec                logDataTimer_Start
 .text.logDataTimer_SetInterruptMode
                0x00000c10       0x20 .\CortexM0\ARM_GCC_473\Debug\controllers.a(logDataTimer.o)
                0x00000c10                logDataTimer_SetInterruptMode
 .text.logDataTimer_ReadStatusRegister
                0x00000c30       0x14 .\CortexM0\ARM_GCC_473\Debug\controllers.a(logDataTimer.o)
                0x00000c30                logDataTimer_ReadStatusRegister
 .text.logDataTimer_WritePeriod
                0x00000c44       0x20 .\CortexM0\ARM_GCC_473\Debug\controllers.a(logDataTimer.o)
                0x00000c44                logDataTimer_WritePeriod
 .text.logDataTimer_ReadCapture
                0x00000c64       0x14 .\CortexM0\ARM_GCC_473\Debug\controllers.a(logDataTimer.o)
                0x00000c64                logDataTimer_ReadCapture
 .text.logDataTimer_WriteCounter
                0x00000c78       0x20 .\CortexM0\ARM_GCC_473\Debug\controllers.a(logDataTimer.o)
                0x00000c78                logDataTimer_WriteCounter
 .text.logDataTimer_ClearFIFO
                0x00000c98       0x1c .\CortexM0\ARM_GCC_473\Debug\controllers.a(logDataTimer.o)
                0x00000c98                logDataTimer_ClearFIFO
 .text.waterTimer_Init
                0x00000cb4       0x54 .\CortexM0\ARM_GCC_473\Debug\controllers.a(waterTimer.o)
                0x00000cb4                waterTimer_Init
 .text.waterTimer_Enable
                0x00000d08       0x20 .\CortexM0\ARM_GCC_473\Debug\controllers.a(waterTimer.o)
                0x00000d08                waterTimer_Enable
 .text.waterTimer_Start
                0x00000d28       0x24 .\CortexM0\ARM_GCC_473\Debug\controllers.a(waterTimer.o)
                0x00000d28                waterTimer_Start
 .text.waterTimer_Stop
                0x00000d4c       0x1c .\CortexM0\ARM_GCC_473\Debug\controllers.a(waterTimer.o)
                0x00000d4c                waterTimer_Stop
 .text.waterTimer_SetInterruptMode
                0x00000d68       0x20 .\CortexM0\ARM_GCC_473\Debug\controllers.a(waterTimer.o)
                0x00000d68                waterTimer_SetInterruptMode
 .text.waterTimer_ReadStatusRegister
                0x00000d88       0x14 .\CortexM0\ARM_GCC_473\Debug\controllers.a(waterTimer.o)
                0x00000d88                waterTimer_ReadStatusRegister
 .text.waterTimer_WritePeriod
                0x00000d9c       0x20 .\CortexM0\ARM_GCC_473\Debug\controllers.a(waterTimer.o)
                0x00000d9c                waterTimer_WritePeriod
 .text.waterTimer_ReadCapture
                0x00000dbc       0x14 .\CortexM0\ARM_GCC_473\Debug\controllers.a(waterTimer.o)
                0x00000dbc                waterTimer_ReadCapture
 .text.waterTimer_WriteCounter
                0x00000dd0       0x20 .\CortexM0\ARM_GCC_473\Debug\controllers.a(waterTimer.o)
                0x00000dd0                waterTimer_WriteCounter
 .text.waterTimer_ClearFIFO
                0x00000df0       0x1c .\CortexM0\ARM_GCC_473\Debug\controllers.a(waterTimer.o)
                0x00000df0                waterTimer_ClearFIFO
 .text.logDataInterrupt_StartEx
                0x00000e0c       0x24 .\CortexM0\ARM_GCC_473\Debug\controllers.a(logDataInterrupt.o)
                0x00000e0c                logDataInterrupt_StartEx
 .text.logDataInterrupt_SetVector
                0x00000e30       0x18 .\CortexM0\ARM_GCC_473\Debug\controllers.a(logDataInterrupt.o)
                0x00000e30                logDataInterrupt_SetVector
 .text.logDataInterrupt_SetPriority
                0x00000e48       0x50 .\CortexM0\ARM_GCC_473\Debug\controllers.a(logDataInterrupt.o)
                0x00000e48                logDataInterrupt_SetPriority
 .text.logDataInterrupt_Enable
                0x00000e98       0x14 .\CortexM0\ARM_GCC_473\Debug\controllers.a(logDataInterrupt.o)
                0x00000e98                logDataInterrupt_Enable
 .text.logDataInterrupt_Disable
                0x00000eac       0x14 .\CortexM0\ARM_GCC_473\Debug\controllers.a(logDataInterrupt.o)
                0x00000eac                logDataInterrupt_Disable
 .text.waterInterrupt_StartEx
                0x00000ec0       0x24 .\CortexM0\ARM_GCC_473\Debug\controllers.a(waterInterrupt.o)
                0x00000ec0                waterInterrupt_StartEx
 .text.waterInterrupt_SetVector
                0x00000ee4       0x18 .\CortexM0\ARM_GCC_473\Debug\controllers.a(waterInterrupt.o)
                0x00000ee4                waterInterrupt_SetVector
 .text.waterInterrupt_SetPriority
                0x00000efc       0x50 .\CortexM0\ARM_GCC_473\Debug\controllers.a(waterInterrupt.o)
                0x00000efc                waterInterrupt_SetPriority
 .text.waterInterrupt_Enable
                0x00000f4c       0x14 .\CortexM0\ARM_GCC_473\Debug\controllers.a(waterInterrupt.o)
                0x00000f4c                waterInterrupt_Enable
 .text.waterInterrupt_Disable
                0x00000f60       0x14 .\CortexM0\ARM_GCC_473\Debug\controllers.a(waterInterrupt.o)
                0x00000f60                waterInterrupt_Disable
 .text.water_pin_Write
                0x00000f74       0x48 .\CortexM0\ARM_GCC_473\Debug\controllers.a(water_pin.o)
                0x00000f74                water_pin_Write
 .text.ADC_SAR_Seq_0_Start
                0x00000fbc       0x24 .\CortexM0\ARM_GCC_473\Debug\controllers.a(ADC_SAR_Seq_0.o)
                0x00000fbc                ADC_SAR_Seq_0_Start
 .text.ADC_SAR_Seq_0_Init
                0x00000fe0      0x1c0 .\CortexM0\ARM_GCC_473\Debug\controllers.a(ADC_SAR_Seq_0.o)
                0x00000fe0                ADC_SAR_Seq_0_Init
 .text.ADC_SAR_Seq_0_Enable
                0x000011a0       0x20 .\CortexM0\ARM_GCC_473\Debug\controllers.a(ADC_SAR_Seq_0.o)
                0x000011a0                ADC_SAR_Seq_0_Enable
 .text.ADC_SAR_Seq_0_ISR
                0x000011c0       0x1c .\CortexM0\ARM_GCC_473\Debug\controllers.a(ADC_SAR_Seq_0_INT.o)
                0x000011c0                ADC_SAR_Seq_0_ISR
 .text          0x000011dc       0x9c c:/program files (x86)/cypress/psoc creator/3.0/psoc creator/import/gnu_cs/arm/4.7.3/bin/../lib/gcc/arm-none-eabi/4.7.3/armv6-m\libgcc.a(_udivsi3.o)
                0x000011dc                __aeabi_uidiv
                0x000011dc                __udivsi3
                0x00001264                __aeabi_uidivmod
 .text          0x00001278       0xc0 c:/program files (x86)/cypress/psoc creator/3.0/psoc creator/import/gnu_cs/arm/4.7.3/bin/../lib/gcc/arm-none-eabi/4.7.3/armv6-m\libgcc.a(_divsi3.o)
                0x00001278                __divsi3
                0x00001278                __aeabi_idiv
                0x00001324                __aeabi_idivmod
 .text          0x00001338        0x4 c:/program files (x86)/cypress/psoc creator/3.0/psoc creator/import/gnu_cs/arm/4.7.3/bin/../lib/gcc/arm-none-eabi/4.7.3/armv6-m\libgcc.a(_dvmd_tls.o)
                0x00001338                __aeabi_idiv0
                0x00001338                __aeabi_ldiv0
 .text          0x0000133c       0x7c c:/program files (x86)/cypress/psoc creator/3.0/psoc creator/import/gnu_cs/arm/4.7.3/bin/../lib/gcc/arm-none-eabi/4.7.3/armv6-m\libgcc.a(_arm_cmpdf2.o)
                0x0000133c                __aeabi_cdrcmple
                0x0000134c                __aeabi_cdcmple
                0x0000134c                __aeabi_cdcmpeq
                0x0000135c                __aeabi_dcmpeq
                0x00001368                __aeabi_dcmplt
                0x0000137c                __aeabi_dcmple
                0x00001390                __aeabi_dcmpgt
                0x000013a4                __aeabi_dcmpge
 .text          0x000013b8       0x74 c:/program files (x86)/cypress/psoc creator/3.0/psoc creator/import/gnu_cs/arm/4.7.3/bin/../lib/gcc/arm-none-eabi/4.7.3/armv6-m\libgcc.a(_arm_cmpsf2.o)
                0x000013b8                __aeabi_cfrcmple
                0x000013c0                __aeabi_cfcmpeq
                0x000013c0                __aeabi_cfcmple
                0x000013d0                __aeabi_fcmpeq
                0x000013dc                __aeabi_fcmplt
                0x000013f0                __aeabi_fcmple
                0x00001404                __aeabi_fcmpgt
                0x00001418                __aeabi_fcmpge
 .text          0x0000142c       0x50 c:/program files (x86)/cypress/psoc creator/3.0/psoc creator/import/gnu_cs/arm/4.7.3/bin/../lib/gcc/arm-none-eabi/4.7.3/armv6-m\libgcc.a(eqsf2.o)
                0x0000142c                __eqsf2
                0x0000142c                __nesf2
 .text          0x0000147c       0x90 c:/program files (x86)/cypress/psoc creator/3.0/psoc creator/import/gnu_cs/arm/4.7.3/bin/../lib/gcc/arm-none-eabi/4.7.3/armv6-m\libgcc.a(gesf2.o)
                0x0000147c                __gesf2
                0x0000147c                __gtsf2
 .text          0x0000150c       0x90 c:/program files (x86)/cypress/psoc creator/3.0/psoc creator/import/gnu_cs/arm/4.7.3/bin/../lib/gcc/arm-none-eabi/4.7.3/armv6-m\libgcc.a(lesf2.o)
                0x0000150c                __ltsf2
                0x0000150c                __lesf2
 .text          0x0000159c       0xa8 c:/program files (x86)/cypress/psoc creator/3.0/psoc creator/import/gnu_cs/arm/4.7.3/bin/../lib/gcc/arm-none-eabi/4.7.3/armv6-m\libgcc.a(floatunsisf.o)
                0x0000159c                __aeabi_ui2f
 .text          0x00001644      0x5b8 c:/program files (x86)/cypress/psoc creator/3.0/psoc creator/import/gnu_cs/arm/4.7.3/bin/../lib/gcc/arm-none-eabi/4.7.3/armv6-m\libgcc.a(divdf3.o)
                0x00001644                __aeabi_ddiv
 .text          0x00001bfc       0x7c c:/program files (x86)/cypress/psoc creator/3.0/psoc creator/import/gnu_cs/arm/4.7.3/bin/../lib/gcc/arm-none-eabi/4.7.3/armv6-m\libgcc.a(eqdf2.o)
                0x00001bfc                __nedf2
                0x00001bfc                __eqdf2
 .text          0x00001c78       0xe8 c:/program files (x86)/cypress/psoc creator/3.0/psoc creator/import/gnu_cs/arm/4.7.3/bin/../lib/gcc/arm-none-eabi/4.7.3/armv6-m\libgcc.a(gedf2.o)
                0x00001c78                __gedf2
                0x00001c78                __gtdf2
 .text          0x00001d60       0xd8 c:/program files (x86)/cypress/psoc creator/3.0/psoc creator/import/gnu_cs/arm/4.7.3/bin/../lib/gcc/arm-none-eabi/4.7.3/armv6-m\libgcc.a(ledf2.o)
                0x00001d60                __ledf2
                0x00001d60                __ltdf2
 .text          0x00001e38      0x4e4 c:/program files (x86)/cypress/psoc creator/3.0/psoc creator/import/gnu_cs/arm/4.7.3/bin/../lib/gcc/arm-none-eabi/4.7.3/armv6-m\libgcc.a(muldf3.o)
                0x00001e38                __aeabi_dmul
 .text          0x0000231c      0x704 c:/program files (x86)/cypress/psoc creator/3.0/psoc creator/import/gnu_cs/arm/4.7.3/bin/../lib/gcc/arm-none-eabi/4.7.3/armv6-m\libgcc.a(subdf3.o)
                0x0000231c                __aeabi_dsub
 .text          0x00002a20       0x64 c:/program files (x86)/cypress/psoc creator/3.0/psoc creator/import/gnu_cs/arm/4.7.3/bin/../lib/gcc/arm-none-eabi/4.7.3/armv6-m\libgcc.a(floatunsidf.o)
                0x00002a20                __aeabi_ui2d
 .text          0x00002a84       0xa8 c:/program files (x86)/cypress/psoc creator/3.0/psoc creator/import/gnu_cs/arm/4.7.3/bin/../lib/gcc/arm-none-eabi/4.7.3/armv6-m\libgcc.a(extendsfdf2.o)
                0x00002a84                __aeabi_f2d
 .text          0x00002b2c       0x3c c:/program files (x86)/cypress/psoc creator/3.0/psoc creator/import/gnu_cs/arm/4.7.3/bin/../lib/gcc/arm-none-eabi/4.7.3/armv6-m\libgcc.a(_clzsi2.o)
                0x00002b2c                __clzsi2
 .text.__libc_init_array
                0x00002b68       0x4c c:/program files (x86)/cypress/psoc creator/3.0/psoc creator/import/gnu_cs/arm/4.7.3/bin/../lib/gcc/arm-none-eabi/4.7.3/../../../../arm-none-eabi/lib/armv6-m\libc_s.a(lib_a-init.o)
                0x00002b68                __libc_init_array
 .text.memcpy   0x00002bb4       0x12 c:/program files (x86)/cypress/psoc creator/3.0/psoc creator/import/gnu_cs/arm/4.7.3/bin/../lib/gcc/arm-none-eabi/4.7.3/../../../../arm-none-eabi/lib/armv6-m\libc_s.a(lib_a-memcpy.o)
                0x00002bb4                memcpy
 .text.memset   0x00002bc6       0x12 c:/program files (x86)/cypress/psoc creator/3.0/psoc creator/import/gnu_cs/arm/4.7.3/bin/../lib/gcc/arm-none-eabi/4.7.3/../../../../arm-none-eabi/lib/armv6-m\libc_s.a(lib_a-memset.o)
                0x00002bc6                memset
 .text.snprintf
                0x00002bd8       0x64 c:/program files (x86)/cypress/psoc creator/3.0/psoc creator/import/gnu_cs/arm/4.7.3/bin/../lib/gcc/arm-none-eabi/4.7.3/../../../../arm-none-eabi/lib/armv6-m\libc_s.a(lib_a-snprintf.o)
                0x00002bd8                sniprintf
                0x00002bd8                snprintf
 .text.__ssputc_r
                0x00002c3c       0xb0 c:/program files (x86)/cypress/psoc creator/3.0/psoc creator/import/gnu_cs/arm/4.7.3/bin/../lib/gcc/arm-none-eabi/4.7.3/../../../../arm-none-eabi/lib/armv6-m\libc_s.a(lib_a-svfprintf.o)
                0x00002c3c                __ssputc_r
 .text._svfprintf_r
                0x00002cec      0x1f8 c:/program files (x86)/cypress/psoc creator/3.0/psoc creator/import/gnu_cs/arm/4.7.3/bin/../lib/gcc/arm-none-eabi/4.7.3/../../../../arm-none-eabi/lib/armv6-m\libc_s.a(lib_a-svfprintf.o)
                0x00002cec                _svfiprintf_r
                0x00002cec                _svfprintf_r
 *fill*         0x00002ee4        0x4 00
 .text.__cvt    0x00002ee8       0xd8 c:/program files (x86)/cypress/psoc creator/3.0/psoc creator/import/gnu_cs/arm/4.7.3/bin/../lib/gcc/arm-none-eabi/4.7.3/../../../../arm-none-eabi/lib/armv6-m\libc_s.a(lib_a-vfprintf_float.o)
                0x00002ee8                __cvt
 .text.__exponent
                0x00002fc0       0x6a c:/program files (x86)/cypress/psoc creator/3.0/psoc creator/import/gnu_cs/arm/4.7.3/bin/../lib/gcc/arm-none-eabi/4.7.3/../../../../arm-none-eabi/lib/armv6-m\libc_s.a(lib_a-vfprintf_float.o)
                0x00002fc0                __exponent
 *fill*         0x0000302a        0x6 00
 .text._printf_float
                0x00003030      0x4c8 c:/program files (x86)/cypress/psoc creator/3.0/psoc creator/import/gnu_cs/arm/4.7.3/bin/../lib/gcc/arm-none-eabi/4.7.3/../../../../arm-none-eabi/lib/armv6-m\libc_s.a(lib_a-vfprintf_float.o)
                0x00003030                _printf_float
 .text._printf_common
                0x000034f8       0xe0 c:/program files (x86)/cypress/psoc creator/3.0/psoc creator/import/gnu_cs/arm/4.7.3/bin/../lib/gcc/arm-none-eabi/4.7.3/../../../../arm-none-eabi/lib/armv6-m\libc_s.a(lib_a-vfprintf_i.o)
                0x000034f8                _printf_common
 .text._printf_i
                0x000035d8      0x234 c:/program files (x86)/cypress/psoc creator/3.0/psoc creator/import/gnu_cs/arm/4.7.3/bin/../lib/gcc/arm-none-eabi/4.7.3/../../../../arm-none-eabi/lib/armv6-m\libc_s.a(lib_a-vfprintf_i.o)
                0x000035d8                _printf_i
 .text.quorem   0x0000380c      0x126 c:/program files (x86)/cypress/psoc creator/3.0/psoc creator/import/gnu_cs/arm/4.7.3/bin/../lib/gcc/arm-none-eabi/4.7.3/../../../../arm-none-eabi/lib/armv6-m\libc_s.a(lib_a-dtoa.o)
 *fill*         0x00003932        0x6 00
 .text._dtoa_r  0x00003938      0xb78 c:/program files (x86)/cypress/psoc creator/3.0/psoc creator/import/gnu_cs/arm/4.7.3/bin/../lib/gcc/arm-none-eabi/4.7.3/../../../../arm-none-eabi/lib/armv6-m\libc_s.a(lib_a-dtoa.o)
                0x00003938                _dtoa_r
 .text._free_r  0x000044b0       0x90 c:/program files (x86)/cypress/psoc creator/3.0/psoc creator/import/gnu_cs/arm/4.7.3/bin/../lib/gcc/arm-none-eabi/4.7.3/../../../../arm-none-eabi/lib/armv6-m\libc_s.a(lib_a-freer.o)
                0x000044b0                _free_r
 .text._localeconv_r
                0x00004540        0x8 c:/program files (x86)/cypress/psoc creator/3.0/psoc creator/import/gnu_cs/arm/4.7.3/bin/../lib/gcc/arm-none-eabi/4.7.3/../../../../arm-none-eabi/lib/armv6-m\libc_s.a(lib_a-locale.o)
                0x00004540                _localeconv_r
 .text.malloc   0x00004548       0x14 c:/program files (x86)/cypress/psoc creator/3.0/psoc creator/import/gnu_cs/arm/4.7.3/bin/../lib/gcc/arm-none-eabi/4.7.3/../../../../arm-none-eabi/lib/armv6-m\libc_s.a(lib_a-malloc.o)
                0x00004548                malloc
 .text._malloc_r
                0x0000455c       0x94 c:/program files (x86)/cypress/psoc creator/3.0/psoc creator/import/gnu_cs/arm/4.7.3/bin/../lib/gcc/arm-none-eabi/4.7.3/../../../../arm-none-eabi/lib/armv6-m\libc_s.a(lib_a-mallocr.o)
                0x0000455c                _malloc_r
 .text.memchr   0x000045f0       0x18 c:/program files (x86)/cypress/psoc creator/3.0/psoc creator/import/gnu_cs/arm/4.7.3/bin/../lib/gcc/arm-none-eabi/4.7.3/../../../../arm-none-eabi/lib/armv6-m\libc_s.a(lib_a-memchr.o)
                0x000045f0                memchr
 .text._Balloc  0x00004608       0x70 c:/program files (x86)/cypress/psoc creator/3.0/psoc creator/import/gnu_cs/arm/4.7.3/bin/../lib/gcc/arm-none-eabi/4.7.3/../../../../arm-none-eabi/lib/armv6-m\libc_s.a(lib_a-mprec.o)
                0x00004608                _Balloc
 .text._Bfree   0x00004678       0x32 c:/program files (x86)/cypress/psoc creator/3.0/psoc creator/import/gnu_cs/arm/4.7.3/bin/../lib/gcc/arm-none-eabi/4.7.3/../../../../arm-none-eabi/lib/armv6-m\libc_s.a(lib_a-mprec.o)
                0x00004678                _Bfree
 .text.__multadd
                0x000046aa       0x7c c:/program files (x86)/cypress/psoc creator/3.0/psoc creator/import/gnu_cs/arm/4.7.3/bin/../lib/gcc/arm-none-eabi/4.7.3/../../../../arm-none-eabi/lib/armv6-m\libc_s.a(lib_a-mprec.o)
                0x000046aa                __multadd
 .text.__hi0bits
                0x00004726       0x36 c:/program files (x86)/cypress/psoc creator/3.0/psoc creator/import/gnu_cs/arm/4.7.3/bin/../lib/gcc/arm-none-eabi/4.7.3/../../../../arm-none-eabi/lib/armv6-m\libc_s.a(lib_a-mprec.o)
                0x00004726                __hi0bits
 .text.__lo0bits
                0x0000475c       0x5c c:/program files (x86)/cypress/psoc creator/3.0/psoc creator/import/gnu_cs/arm/4.7.3/bin/../lib/gcc/arm-none-eabi/4.7.3/../../../../arm-none-eabi/lib/armv6-m\libc_s.a(lib_a-mprec.o)
                0x0000475c                __lo0bits
 .text.__i2b    0x000047b8       0x12 c:/program files (x86)/cypress/psoc creator/3.0/psoc creator/import/gnu_cs/arm/4.7.3/bin/../lib/gcc/arm-none-eabi/4.7.3/../../../../arm-none-eabi/lib/armv6-m\libc_s.a(lib_a-mprec.o)
                0x000047b8                __i2b
 .text.__multiply
                0x000047ca      0x122 c:/program files (x86)/cypress/psoc creator/3.0/psoc creator/import/gnu_cs/arm/4.7.3/bin/../lib/gcc/arm-none-eabi/4.7.3/../../../../arm-none-eabi/lib/armv6-m\libc_s.a(lib_a-mprec.o)
                0x000047ca                __multiply
 .text.__pow5mult
                0x000048ec       0xa4 c:/program files (x86)/cypress/psoc creator/3.0/psoc creator/import/gnu_cs/arm/4.7.3/bin/../lib/gcc/arm-none-eabi/4.7.3/../../../../arm-none-eabi/lib/armv6-m\libc_s.a(lib_a-mprec.o)
                0x000048ec                __pow5mult
 .text.__lshift
                0x00004990       0xa4 c:/program files (x86)/cypress/psoc creator/3.0/psoc creator/import/gnu_cs/arm/4.7.3/bin/../lib/gcc/arm-none-eabi/4.7.3/../../../../arm-none-eabi/lib/armv6-m\libc_s.a(lib_a-mprec.o)
                0x00004990                __lshift
 .text.__mcmp   0x00004a34       0x38 c:/program files (x86)/cypress/psoc creator/3.0/psoc creator/import/gnu_cs/arm/4.7.3/bin/../lib/gcc/arm-none-eabi/4.7.3/../../../../arm-none-eabi/lib/armv6-m\libc_s.a(lib_a-mprec.o)
                0x00004a34                __mcmp
 .text.__mdiff  0x00004a6c       0xce c:/program files (x86)/cypress/psoc creator/3.0/psoc creator/import/gnu_cs/arm/4.7.3/bin/../lib/gcc/arm-none-eabi/4.7.3/../../../../arm-none-eabi/lib/armv6-m\libc_s.a(lib_a-mprec.o)
                0x00004a6c                __mdiff
 *fill*         0x00004b3a        0x2 00
 .text.__d2b    0x00004b3c       0xac c:/program files (x86)/cypress/psoc creator/3.0/psoc creator/import/gnu_cs/arm/4.7.3/bin/../lib/gcc/arm-none-eabi/4.7.3/../../../../arm-none-eabi/lib/armv6-m\libc_s.a(lib_a-mprec.o)
                0x00004b3c                __d2b
 .text._realloc_r
                0x00004be8       0x4c c:/program files (x86)/cypress/psoc creator/3.0/psoc creator/import/gnu_cs/arm/4.7.3/bin/../lib/gcc/arm-none-eabi/4.7.3/../../../../arm-none-eabi/lib/armv6-m\libc_s.a(lib_a-reallocr.o)
                0x00004be8                _realloc_r
 .text.__fpclassifyd
                0x00004c34       0x68 c:/program files (x86)/cypress/psoc creator/3.0/psoc creator/import/gnu_cs/arm/4.7.3/bin/../lib/gcc/arm-none-eabi/4.7.3/../../../../arm-none-eabi/lib/armv6-m\libc_s.a(lib_a-s_fpclassify.o)
                0x00004c34                __fpclassifyd
 .text._sbrk_r  0x00004c9c       0x24 c:/program files (x86)/cypress/psoc creator/3.0/psoc creator/import/gnu_cs/arm/4.7.3/bin/../lib/gcc/arm-none-eabi/4.7.3/../../../../arm-none-eabi/lib/armv6-m\libc_s.a(lib_a-sbrkr.o)
                0x00004c9c                _sbrk_r
 .text.strlen   0x00004cc0        0xe c:/program files (x86)/cypress/psoc creator/3.0/psoc creator/import/gnu_cs/arm/4.7.3/bin/../lib/gcc/arm-none-eabi/4.7.3/../../../../arm-none-eabi/lib/armv6-m\libc_s.a(lib_a-strlen.o)
                0x00004cc0                strlen
 .text._calloc_r
                0x00004cce       0x1c c:/program files (x86)/cypress/psoc creator/3.0/psoc creator/import/gnu_cs/arm/4.7.3/bin/../lib/gcc/arm-none-eabi/4.7.3/../../../../arm-none-eabi/lib/armv6-m\libc_s.a(lib_a-callocr.o)
                0x00004cce                _calloc_r
 .text._malloc_usable_size_r
                0x00004cea       0x14 c:/program files (x86)/cypress/psoc creator/3.0/psoc creator/import/gnu_cs/arm/4.7.3/bin/../lib/gcc/arm-none-eabi/4.7.3/../../../../arm-none-eabi/lib/armv6-m\libc_s.a(lib_a-msizer.o)
                0x00004cea                _malloc_usable_size_r
 *fill*         0x00004cfe        0x2 00
 .text          0x00004d00       0x14 c:/program files (x86)/cypress/psoc creator/3.0/psoc creator/import/gnu_cs/arm/4.7.3/bin/../lib/gcc/arm-none-eabi/4.7.3/armv6-m\libgcc.a(_thumb1_case_uqi.o)
                0x00004d00                __gnu_thumb1_case_uqi
 .text          0x00004d14      0x760 c:/program files (x86)/cypress/psoc creator/3.0/psoc creator/import/gnu_cs/arm/4.7.3/bin/../lib/gcc/arm-none-eabi/4.7.3/armv6-m\libgcc.a(adddf3.o)
                0x00004d14                __aeabi_dadd
 .text          0x00005474       0x68 c:/program files (x86)/cypress/psoc creator/3.0/psoc creator/import/gnu_cs/arm/4.7.3/bin/../lib/gcc/arm-none-eabi/4.7.3/armv6-m\libgcc.a(fixdfsi.o)
                0x00005474                __aeabi_d2iz
 .text          0x000054dc       0x74 c:/program files (x86)/cypress/psoc creator/3.0/psoc creator/import/gnu_cs/arm/4.7.3/bin/../lib/gcc/arm-none-eabi/4.7.3/armv6-m\libgcc.a(floatsidf.o)
                0x000054dc                __aeabi_i2d
 .text._sbrk    0x00005550       0x38 c:/program files (x86)/cypress/psoc creator/3.0/psoc creator/import/gnu_cs/arm/4.7.3/bin/../lib/gcc/arm-none-eabi/4.7.3/../../../../arm-none-eabi/lib/armv6-m\libnosys.a(sbrk.o)
                0x00005550                _sbrk
 *(.plt)
 *(.gnu.warning)
 *(.glue_7t)
 .glue_7t       0x00000000        0x0 linker stubs
 *(.glue_7)
 .glue_7        0x00000000        0x0 linker stubs
 *(.vfp11_veneer)
 .vfp11_veneer  0x00000000        0x0 linker stubs
 *(.bootloader)
 *(.ARM.extab* .gnu.linkonce.armextab.*)
 *(.gcc_except_table)

.v4_bx          0x00005588        0x0
 .v4_bx         0x00000000        0x0 linker stubs

.iplt           0x00005588        0x0
 .iplt          0x00000000        0x0 c:/program files (x86)/cypress/psoc creator/3.0/psoc creator/import/gnu_cs/arm/4.7.3/bin/../lib/gcc/arm-none-eabi/4.7.3/armv6-m/crtbegin.o

.eh_frame_hdr
 *(.eh_frame_hdr)

.eh_frame       0x00005588        0x4
 *(.eh_frame)
 .eh_frame      0x00005588        0x0 c:/program files (x86)/cypress/psoc creator/3.0/psoc creator/import/gnu_cs/arm/4.7.3/bin/../lib/gcc/arm-none-eabi/4.7.3/armv6-m/crtbegin.o
 .eh_frame      0x00005588        0x4 c:/program files (x86)/cypress/psoc creator/3.0/psoc creator/import/gnu_cs/arm/4.7.3/bin/../lib/gcc/arm-none-eabi/4.7.3/armv6-m/crtend.o
                0x0000558c                PROVIDE (__exidx_start, .)

.ARM.exidx
 *(.ARM.exidx* .gnu.linkonce.armexidx.*)
                0x0000558c                __exidx_end = .

.rodata         0x00005590      0x3a8
 *(.rodata .rodata.* .gnu.linkonce.r.*)
 .rodata        0x00005590       0x20 .\CortexM0\ARM_GCC_473\Debug\loadData.o
 .rodata        0x000055b0      0x16c .\CortexM0\ARM_GCC_473\Debug\controllers.a(cyfitter_cfg.o)
 .rodata        0x0000571c        0x4 .\CortexM0\ARM_GCC_473\Debug\controllers.a(ADC_SAR_Seq_0.o)
 .rodata        0x00005720       0x40 c:/program files (x86)/cypress/psoc creator/3.0/psoc creator/import/gnu_cs/arm/4.7.3/bin/../lib/gcc/arm-none-eabi/4.7.3/armv6-m\libgcc.a(divdf3.o)
 .rodata        0x00005760       0x40 c:/program files (x86)/cypress/psoc creator/3.0/psoc creator/import/gnu_cs/arm/4.7.3/bin/../lib/gcc/arm-none-eabi/4.7.3/armv6-m\libgcc.a(muldf3.o)
 .rodata.str1.1
                0x000057a0        0x2 c:/program files (x86)/cypress/psoc creator/3.0/psoc creator/import/gnu_cs/arm/4.7.3/bin/../lib/gcc/arm-none-eabi/4.7.3/../../../../arm-none-eabi/lib/armv6-m\libc_s.a(lib_a-impure.o)
 .rodata.str1.1
                0x000057a2       0x11 c:/program files (x86)/cypress/psoc creator/3.0/psoc creator/import/gnu_cs/arm/4.7.3/bin/../lib/gcc/arm-none-eabi/4.7.3/../../../../arm-none-eabi/lib/armv6-m\libc_s.a(lib_a-svfprintf.o)
 .rodata.str1.1
                0x000057b3       0x10 c:/program files (x86)/cypress/psoc creator/3.0/psoc creator/import/gnu_cs/arm/4.7.3/bin/../lib/gcc/arm-none-eabi/4.7.3/../../../../arm-none-eabi/lib/armv6-m\libc_s.a(lib_a-vfprintf_float.o)
 .rodata.str1.1
                0x000057c3       0x22 c:/program files (x86)/cypress/psoc creator/3.0/psoc creator/import/gnu_cs/arm/4.7.3/bin/../lib/gcc/arm-none-eabi/4.7.3/../../../../arm-none-eabi/lib/armv6-m\libc_s.a(lib_a-vfprintf_i.o)
 .rodata.str1.1
                0x000057e5        0xf c:/program files (x86)/cypress/psoc creator/3.0/psoc creator/import/gnu_cs/arm/4.7.3/bin/../lib/gcc/arm-none-eabi/4.7.3/../../../../arm-none-eabi/lib/armv6-m\libc_s.a(lib_a-dtoa.o)
 .rodata.str1.1
                0x000057f4        0x8 c:/program files (x86)/cypress/psoc creator/3.0/psoc creator/import/gnu_cs/arm/4.7.3/bin/../lib/gcc/arm-none-eabi/4.7.3/../../../../arm-none-eabi/lib/armv6-m\libc_s.a(lib_a-locale.o)
                                  0xb (size before relaxing)
 *fill*         0x000057fc        0x4 00
 .rodata.__mprec_tens
                0x00005800       0xc8 c:/program files (x86)/cypress/psoc creator/3.0/psoc creator/import/gnu_cs/arm/4.7.3/bin/../lib/gcc/arm-none-eabi/4.7.3/../../../../arm-none-eabi/lib/armv6-m\libc_s.a(lib_a-mprec.o)
                0x00005800                __mprec_tens
 .rodata.p05.5252
                0x000058c8        0xc c:/program files (x86)/cypress/psoc creator/3.0/psoc creator/import/gnu_cs/arm/4.7.3/bin/../lib/gcc/arm-none-eabi/4.7.3/../../../../arm-none-eabi/lib/armv6-m\libc_s.a(lib_a-mprec.o)
 *fill*         0x000058d4        0x4 00
 .rodata.__mprec_bigtens
                0x000058d8       0x28 c:/program files (x86)/cypress/psoc creator/3.0/psoc creator/import/gnu_cs/arm/4.7.3/bin/../lib/gcc/arm-none-eabi/4.7.3/../../../../arm-none-eabi/lib/armv6-m\libc_s.a(lib_a-mprec.o)
                0x000058d8                __mprec_bigtens
                0x00005900                . = ALIGN (0x4)
 *(.init)
 .init          0x00005900        0x4 c:/program files (x86)/cypress/psoc creator/3.0/psoc creator/import/gnu_cs/arm/4.7.3/bin/../lib/gcc/arm-none-eabi/4.7.3/armv6-m/crti.o
                0x00005900                _init
 .init          0x00005904        0x8 c:/program files (x86)/cypress/psoc creator/3.0/psoc creator/import/gnu_cs/arm/4.7.3/bin/../lib/gcc/arm-none-eabi/4.7.3/armv6-m/crtn.o
                0x0000590c                . = ALIGN (0x4)
                0x0000590c                __preinit_array_start = .
 *(.preinit_array)
                0x0000590c                __preinit_array_end = .
                0x0000590c                . = ALIGN (0x4)
                0x0000590c                __init_array_start = .
 *(SORT(.init_array.*))
 *(.init_array)
 .init_array    0x0000590c        0x4 c:/program files (x86)/cypress/psoc creator/3.0/psoc creator/import/gnu_cs/arm/4.7.3/bin/../lib/gcc/arm-none-eabi/4.7.3/armv6-m/crtbegin.o
 .init_array    0x00005910        0x4 .\CortexM0\ARM_GCC_473\Debug\Cm0Start.o
                0x00005914                __init_array_end = .
                0x00005914                . = ALIGN (0x4)
 *(.fini)
 .fini          0x00005914        0x4 c:/program files (x86)/cypress/psoc creator/3.0/psoc creator/import/gnu_cs/arm/4.7.3/bin/../lib/gcc/arm-none-eabi/4.7.3/armv6-m/crti.o
                0x00005914                _fini
 .fini          0x00005918        0x8 c:/program files (x86)/cypress/psoc creator/3.0/psoc creator/import/gnu_cs/arm/4.7.3/bin/../lib/gcc/arm-none-eabi/4.7.3/armv6-m/crtn.o
                0x00005920                . = ALIGN (0x4)
                0x00005920                __fini_array_start = .
 *(.fini_array)
 .fini_array    0x00005920        0x4 c:/program files (x86)/cypress/psoc creator/3.0/psoc creator/import/gnu_cs/arm/4.7.3/bin/../lib/gcc/arm-none-eabi/4.7.3/armv6-m/crtbegin.o
 *(SORT(.fini_array.*))
                0x00005924                __fini_array_end = .
                0x00005924                . = ALIGN (0x4)
 *crtbegin.o(.ctors)
 *(EXCLUDE_FILE(*crtend.o) .ctors)
 *(SORT(.ctors.*))
 *crtend.o(.ctors)
                0x00005924                . = ALIGN (0x4)
 *crtbegin.o(.dtors)
 *(EXCLUDE_FILE(*crtend.o) .dtors)
 *(SORT(.dtors.*))
 *crtend.o(.dtors)
                0x00005924                . = ALIGN (0x4)
                0x00005924                __cy_regions = .
                0x00005924        0x4 LONG 0x5938 __cy_region_init_ram
                0x00005928        0x4 LONG 0x200000c8 __cy_region_start_data
                0x0000592c        0x4 LONG 0xb8 __cy_region_init_size_ram
                0x00005930        0x4 LONG 0x48 __cy_region_zero_size_ram
                0x00005934                __cy_regions_end = .
                0x00005938                . = ALIGN (0x8)
 *fill*         0x00005934        0x4 00
                0x00005938                _etext = .

.ramvectors     0x20000000       0xc0
                0x20000000                __cy_region_start_ram = .
 *(.ramvectors)
 .ramvectors    0x20000000       0xc0 .\CortexM0\ARM_GCC_473\Debug\Cm0Start.o
                0x20000000                CyRamVectors

.noinit         0x200000c0        0x4
 *(.noinit)
 .noinit        0x200000c0        0x4 .\CortexM0\ARM_GCC_473\Debug\Cm0Start.o

.data           0x200000c8       0xb8 load address 0x00005938
                0x200000c8                __cy_region_start_data = .
 *(.jcr)
 .jcr           0x200000c8        0x0 c:/program files (x86)/cypress/psoc creator/3.0/psoc creator/import/gnu_cs/arm/4.7.3/bin/../lib/gcc/arm-none-eabi/4.7.3/armv6-m/crtbegin.o
 .jcr           0x200000c8        0x4 c:/program files (x86)/cypress/psoc creator/3.0/psoc creator/import/gnu_cs/arm/4.7.3/bin/../lib/gcc/arm-none-eabi/4.7.3/armv6-m/crtend.o
 *(.got.plt)
 *(.got)
 *(.shdata)
 *(.data .data.* .gnu.linkonce.d.*)
 .data          0x200000cc        0x4 .\CortexM0\ARM_GCC_473\Debug\controllers.a(cyfitter_cfg.o)
 .data          0x200000d0       0x10 .\CortexM0\ARM_GCC_473\Debug\controllers.a(CyLib.o)
                0x200000d0                cydelayFreqHz
                0x200000d4                cydelayFreqKhz
                0x200000d8                cydelayFreqMhz
                0x200000dc                cydelay32kMs
 .data.impure_data
                0x200000e0       0x64 c:/program files (x86)/cypress/psoc creator/3.0/psoc creator/import/gnu_cs/arm/4.7.3/bin/../lib/gcc/arm-none-eabi/4.7.3/../../../../arm-none-eabi/lib/armv6-m\libc_s.a(lib_a-impure.o)
 .data._impure_ptr
                0x20000144        0x4 c:/program files (x86)/cypress/psoc creator/3.0/psoc creator/import/gnu_cs/arm/4.7.3/bin/../lib/gcc/arm-none-eabi/4.7.3/../../../../arm-none-eabi/lib/armv6-m\libc_s.a(lib_a-impure.o)
                0x20000144                _impure_ptr
 .data.lconv    0x20000148       0x38 c:/program files (x86)/cypress/psoc creator/3.0/psoc creator/import/gnu_cs/arm/4.7.3/bin/../lib/gcc/arm-none-eabi/4.7.3/../../../../arm-none-eabi/lib/armv6-m\libc_s.a(lib_a-locale.o)
                0x20000180                . = ALIGN (0x8)
 *(.ram)
                0x20000180                _edata = .

.igot.plt       0x20000180        0x0 load address 0x000059f0
 .igot.plt      0x00000000        0x0 c:/program files (x86)/cypress/psoc creator/3.0/psoc creator/import/gnu_cs/arm/4.7.3/bin/../lib/gcc/arm-none-eabi/4.7.3/armv6-m/crtbegin.o

.bss            0x20000180       0x48 load address 0x000059f0
                0x20000180                PROVIDE (__bss_start__, .)
 *(.shbss)
 *(.bss .bss.* .gnu.linkonce.b.*)
 .bss           0x20000180       0x1c c:/program files (x86)/cypress/psoc creator/3.0/psoc creator/import/gnu_cs/arm/4.7.3/bin/../lib/gcc/arm-none-eabi/4.7.3/armv6-m/crtbegin.o
 .bss           0x2000019c       0x14 .\CortexM0\ARM_GCC_473\Debug\loadData.o
 .bss           0x200001b0        0x1 .\CortexM0\ARM_GCC_473\Debug\controllers.a(logDataTimer.o)
                0x200001b0                logDataTimer_initVar
 .bss           0x200001b1        0x1 .\CortexM0\ARM_GCC_473\Debug\controllers.a(waterTimer.o)
                0x200001b1                waterTimer_initVar
 .bss           0x200001b2        0x1 .\CortexM0\ARM_GCC_473\Debug\controllers.a(ADC_SAR_Seq_0.o)
                0x200001b2                ADC_SAR_Seq_0_initVar
 *fill*         0x200001b3        0x1 00
 .bss.__malloc_free_list
                0x200001b4        0x4 c:/program files (x86)/cypress/psoc creator/3.0/psoc creator/import/gnu_cs/arm/4.7.3/bin/../lib/gcc/arm-none-eabi/4.7.3/../../../../arm-none-eabi/lib/armv6-m\libc_s.a(lib_a-mallocr.o)
                0x200001b4                __malloc_free_list
 .bss.heap_end.4231
                0x200001b8        0x4 c:/program files (x86)/cypress/psoc creator/3.0/psoc creator/import/gnu_cs/arm/4.7.3/bin/../lib/gcc/arm-none-eabi/4.7.3/../../../../arm-none-eabi/lib/armv6-m\libnosys.a(sbrk.o)
 *(COMMON)
 COMMON         0x200001bc        0x8 .\CortexM0\ARM_GCC_473\Debug\controllers.a(ADC_SAR_Seq_0.o)
                0x200001bc                ADC_SAR_Seq_0_offset
                0x200001c0                ADC_SAR_Seq_0_countsPer10Volt
 COMMON         0x200001c4        0x4 c:/program files (x86)/cypress/psoc creator/3.0/psoc creator/import/gnu_cs/arm/4.7.3/bin/../lib/gcc/arm-none-eabi/4.7.3/../../../../arm-none-eabi/lib/armv6-m\libc_s.a(lib_a-reent.o)
                0x200001c4                errno
                0x200001c8                . = ALIGN (0x8)
 *(.ram.b)
                0x200001c8                _end = .
                0x200001c8                __end = .
                0x200001c8                PROVIDE (end, .)
                0x200001c8                PROVIDE (__bss_end__, .)
                0x00005938                __cy_region_init_ram = LOADADDR (.data)
                0x000000b8                __cy_region_init_size_ram = (_edata - ADDR (.data))
                0x00000048                __cy_region_zero_size_ram = (_end - _edata)

.heap           0x200001c8      0x100 load address 0x000059f0
                0x200001c8                . = _end
                0x200002c8                . = (. + 0x100)
 *fill*         0x200001c8      0x100 00
                0x200002c8                __cy_heap_limit = .

.stack          0x20000c00      0x400
                0x20000c00                __cy_stack_limit = .
                0x20001000                . = (. + 0x400)
 *fill*         0x20000c00      0x400 00
                0x00000001                ASSERT ((__cy_stack_limit >= __cy_heap_limit), region RAM overflowed with stack)

.cyloadermeta
 *(.cyloadermeta)

.cyloadablemeta
 *(.cyloadablemeta)

.cyflashprotect
                0x90400000       0x20
 *(.cyflashprotect)
 .cyflashprotect
                0x90400000       0x20 .\CortexM0\ARM_GCC_473\Debug\cymetadata.o
                0x90400000                cy_meta_flashprotect

.cymeta         0x90500000        0xc
 *(.cymeta)
 .cymeta        0x90500000        0xc .\CortexM0\ARM_GCC_473\Debug\cymetadata.o
                0x90500000                cy_metadata

.cychipprotect  0x90600000        0x4
 *(.cychipprotect)
 .cychipprotect
                0x90600000        0x4 .\CortexM0\ARM_GCC_473\Debug\cymetadata.o
                0x90600000                cy_meta_chipprotect

.rel.dyn        0x000059f0        0x0 load address 0x90600004
 .rel.iplt      0x00000000        0x0 c:/program files (x86)/cypress/psoc creator/3.0/psoc creator/import/gnu_cs/arm/4.7.3/bin/../lib/gcc/arm-none-eabi/4.7.3/armv6-m/crtbegin.o

.stab
 *(.stab)

.stabstr
 *(.stabstr)

.debug
 *(.debug)

.line
 *(.line)

.debug_srcinfo
 *(.debug_srcinfo)

.debug_sfnames
 *(.debug_sfnames)

.debug_aranges  0x00000000      0x7a0
 *(.debug_aranges)
 .debug_aranges
                0x00000000       0x20 .\CortexM0\ARM_GCC_473\Debug\test_controllers.o
 .debug_aranges
                0x00000020       0x50 .\CortexM0\ARM_GCC_473\Debug\loadData.o
 .debug_aranges
                0x00000070       0x30 .\CortexM0\ARM_GCC_473\Debug\buffer.o
 .debug_aranges
                0x000000a0       0x58 .\CortexM0\ARM_GCC_473\Debug\parameters.o
 .debug_aranges
                0x000000f8       0x30 .\CortexM0\ARM_GCC_473\Debug\humiSensor.o
 .debug_aranges
                0x00000128       0x38 .\CortexM0\ARM_GCC_473\Debug\sensorPackage.o
 .debug_aranges
                0x00000160       0x30 .\CortexM0\ARM_GCC_473\Debug\sprinkler.o
 .debug_aranges
                0x00000190       0x30 .\CortexM0\ARM_GCC_473\Debug\tempSensor.o
 .debug_aranges
                0x000001c0       0x18 .\CortexM0\ARM_GCC_473\Debug\cymetadata.o
 .debug_aranges
                0x000001d8       0x40 .\CortexM0\ARM_GCC_473\Debug\Cm0Start.o
 .debug_aranges
                0x00000218       0x60 .\CortexM0\ARM_GCC_473\Debug\controllers.a(cyfitter_cfg.o)
 .debug_aranges
                0x00000278       0x20 .\CortexM0\ARM_GCC_473\Debug\controllers.a(CyBootAsmGnu.o)
 .debug_aranges
                0x00000298      0x1a0 .\CortexM0\ARM_GCC_473\Debug\controllers.a(CyLib.o)
 .debug_aranges
                0x00000438       0x90 .\CortexM0\ARM_GCC_473\Debug\controllers.a(logDataTimer.o)
 .debug_aranges
                0x000004c8       0x90 .\CortexM0\ARM_GCC_473\Debug\controllers.a(waterTimer.o)
 .debug_aranges
                0x00000558       0x80 .\CortexM0\ARM_GCC_473\Debug\controllers.a(logDataInterrupt.o)
 .debug_aranges
                0x000005d8       0x80 .\CortexM0\ARM_GCC_473\Debug\controllers.a(waterInterrupt.o)
 .debug_aranges
                0x00000658       0x40 .\CortexM0\ARM_GCC_473\Debug\controllers.a(SLC.o)
 .debug_aranges
                0x00000698       0x40 .\CortexM0\ARM_GCC_473\Debug\controllers.a(water_pin.o)
 .debug_aranges
                0x000006d8       0xa8 .\CortexM0\ARM_GCC_473\Debug\controllers.a(ADC_SAR_Seq_0.o)
 .debug_aranges
                0x00000780       0x20 .\CortexM0\ARM_GCC_473\Debug\controllers.a(ADC_SAR_Seq_0_INT.o)

.debug_pubnames
 *(.debug_pubnames)

.debug_info     0x00000000     0x3363
 *(.debug_info .gnu.linkonce.wi.*)
 .debug_info    0x00000000      0x18a .\CortexM0\ARM_GCC_473\Debug\test_controllers.o
 .debug_info    0x0000018a      0x301 .\CortexM0\ARM_GCC_473\Debug\loadData.o
 .debug_info    0x0000048b      0x1a6 .\CortexM0\ARM_GCC_473\Debug\buffer.o
 .debug_info    0x00000631      0x252 .\CortexM0\ARM_GCC_473\Debug\parameters.o
 .debug_info    0x00000883      0x145 .\CortexM0\ARM_GCC_473\Debug\humiSensor.o
 .debug_info    0x000009c8      0x120 .\CortexM0\ARM_GCC_473\Debug\sensorPackage.o
 .debug_info    0x00000ae8       0xdf .\CortexM0\ARM_GCC_473\Debug\sprinkler.o
 .debug_info    0x00000bc7      0x137 .\CortexM0\ARM_GCC_473\Debug\tempSensor.o
 .debug_info    0x00000cfe      0x100 .\CortexM0\ARM_GCC_473\Debug\cymetadata.o
 .debug_info    0x00000dfe      0x2c0 .\CortexM0\ARM_GCC_473\Debug\Cm0Start.o
 .debug_info    0x000010be      0x4af .\CortexM0\ARM_GCC_473\Debug\controllers.a(cyfitter_cfg.o)
 .debug_info    0x0000156d       0x71 .\CortexM0\ARM_GCC_473\Debug\controllers.a(CyBootAsmGnu.o)
 .debug_info    0x000015de      0xac5 .\CortexM0\ARM_GCC_473\Debug\controllers.a(CyLib.o)
 .debug_info    0x000020a3      0x2a0 .\CortexM0\ARM_GCC_473\Debug\controllers.a(logDataTimer.o)
 .debug_info    0x00002343      0x2a0 .\CortexM0\ARM_GCC_473\Debug\controllers.a(waterTimer.o)
 .debug_info    0x000025e3      0x288 .\CortexM0\ARM_GCC_473\Debug\controllers.a(logDataInterrupt.o)
 .debug_info    0x0000286b      0x288 .\CortexM0\ARM_GCC_473\Debug\controllers.a(waterInterrupt.o)
 .debug_info    0x00002af3      0x168 .\CortexM0\ARM_GCC_473\Debug\controllers.a(SLC.o)
 .debug_info    0x00002c5b      0x168 .\CortexM0\ARM_GCC_473\Debug\controllers.a(water_pin.o)
 .debug_info    0x00002dc3      0x4d4 .\CortexM0\ARM_GCC_473\Debug\controllers.a(ADC_SAR_Seq_0.o)
 .debug_info    0x00003297       0xcc .\CortexM0\ARM_GCC_473\Debug\controllers.a(ADC_SAR_Seq_0_INT.o)

.debug_abbrev   0x00000000     0x12ea
 *(.debug_abbrev)
 .debug_abbrev  0x00000000       0xa8 .\CortexM0\ARM_GCC_473\Debug\test_controllers.o
 .debug_abbrev  0x000000a8      0x11f .\CortexM0\ARM_GCC_473\Debug\loadData.o
 .debug_abbrev  0x000001c7       0xeb .\CortexM0\ARM_GCC_473\Debug\buffer.o
 .debug_abbrev  0x000002b2       0xbb .\CortexM0\ARM_GCC_473\Debug\parameters.o
 .debug_abbrev  0x0000036d       0x92 .\CortexM0\ARM_GCC_473\Debug\humiSensor.o
 .debug_abbrev  0x000003ff       0x90 .\CortexM0\ARM_GCC_473\Debug\sensorPackage.o
 .debug_abbrev  0x0000048f       0x6b .\CortexM0\ARM_GCC_473\Debug\sprinkler.o
 .debug_abbrev  0x000004fa       0x92 .\CortexM0\ARM_GCC_473\Debug\tempSensor.o
 .debug_abbrev  0x0000058c       0x5d .\CortexM0\ARM_GCC_473\Debug\cymetadata.o
 .debug_abbrev  0x000005e9      0x164 .\CortexM0\ARM_GCC_473\Debug\Cm0Start.o
 .debug_abbrev  0x0000074d      0x1b5 .\CortexM0\ARM_GCC_473\Debug\controllers.a(cyfitter_cfg.o)
 .debug_abbrev  0x00000902       0x14 .\CortexM0\ARM_GCC_473\Debug\controllers.a(CyBootAsmGnu.o)
 .debug_abbrev  0x00000916      0x1a2 .\CortexM0\ARM_GCC_473\Debug\controllers.a(CyLib.o)
 .debug_abbrev  0x00000ab8      0x11d .\CortexM0\ARM_GCC_473\Debug\controllers.a(logDataTimer.o)
 .debug_abbrev  0x00000bd5      0x11d .\CortexM0\ARM_GCC_473\Debug\controllers.a(waterTimer.o)
 .debug_abbrev  0x00000cf2      0x16a .\CortexM0\ARM_GCC_473\Debug\controllers.a(logDataInterrupt.o)
 .debug_abbrev  0x00000e5c      0x16a .\CortexM0\ARM_GCC_473\Debug\controllers.a(waterInterrupt.o)
 .debug_abbrev  0x00000fc6       0xac .\CortexM0\ARM_GCC_473\Debug\controllers.a(SLC.o)
 .debug_abbrev  0x00001072       0xac .\CortexM0\ARM_GCC_473\Debug\controllers.a(water_pin.o)
 .debug_abbrev  0x0000111e      0x165 .\CortexM0\ARM_GCC_473\Debug\controllers.a(ADC_SAR_Seq_0.o)
 .debug_abbrev  0x00001283       0x67 .\CortexM0\ARM_GCC_473\Debug\controllers.a(ADC_SAR_Seq_0_INT.o)

.debug_line     0x00000000     0x17ee
 *(.debug_line)
 .debug_line    0x00000000       0x7e .\CortexM0\ARM_GCC_473\Debug\test_controllers.o
 .debug_line    0x0000007e       0xfa .\CortexM0\ARM_GCC_473\Debug\loadData.o
 .debug_line    0x00000178       0x9a .\CortexM0\ARM_GCC_473\Debug\buffer.o
 .debug_line    0x00000212       0xd0 .\CortexM0\ARM_GCC_473\Debug\parameters.o
 .debug_line    0x000002e2       0x90 .\CortexM0\ARM_GCC_473\Debug\humiSensor.o
 .debug_line    0x00000372       0x85 .\CortexM0\ARM_GCC_473\Debug\sensorPackage.o
 .debug_line    0x000003f7       0x68 .\CortexM0\ARM_GCC_473\Debug\sprinkler.o
 .debug_line    0x0000045f       0x90 .\CortexM0\ARM_GCC_473\Debug\tempSensor.o
 .debug_line    0x000004ef       0x53 .\CortexM0\ARM_GCC_473\Debug\cymetadata.o
 .debug_line    0x00000542      0x19b .\CortexM0\ARM_GCC_473\Debug\Cm0Start.o
 .debug_line    0x000006dd      0x1cb .\CortexM0\ARM_GCC_473\Debug\controllers.a(cyfitter_cfg.o)
 .debug_line    0x000008a8       0x68 .\CortexM0\ARM_GCC_473\Debug\controllers.a(CyBootAsmGnu.o)
 .debug_line    0x00000910      0x541 .\CortexM0\ARM_GCC_473\Debug\controllers.a(CyLib.o)
 .debug_line    0x00000e51      0x17b .\CortexM0\ARM_GCC_473\Debug\controllers.a(logDataTimer.o)
 .debug_line    0x00000fcc      0x179 .\CortexM0\ARM_GCC_473\Debug\controllers.a(waterTimer.o)
 .debug_line    0x00001145      0x14f .\CortexM0\ARM_GCC_473\Debug\controllers.a(logDataInterrupt.o)
 .debug_line    0x00001294      0x15d .\CortexM0\ARM_GCC_473\Debug\controllers.a(waterInterrupt.o)
 .debug_line    0x000013f1       0xa9 .\CortexM0\ARM_GCC_473\Debug\controllers.a(SLC.o)
 .debug_line    0x0000149a       0xaf .\CortexM0\ARM_GCC_473\Debug\controllers.a(water_pin.o)
 .debug_line    0x00001549      0x237 .\CortexM0\ARM_GCC_473\Debug\controllers.a(ADC_SAR_Seq_0.o)
 .debug_line    0x00001780       0x6e .\CortexM0\ARM_GCC_473\Debug\controllers.a(ADC_SAR_Seq_0_INT.o)

.debug_frame    0x00000000     0x2484
 *(.debug_frame)
 .debug_frame   0x00000000       0x30 .\CortexM0\ARM_GCC_473\Debug\test_controllers.o
 .debug_frame   0x00000030       0xf4 .\CortexM0\ARM_GCC_473\Debug\loadData.o
 .debug_frame   0x00000124       0x70 .\CortexM0\ARM_GCC_473\Debug\buffer.o
 .debug_frame   0x00000194      0x110 .\CortexM0\ARM_GCC_473\Debug\parameters.o
 .debug_frame   0x000002a4       0x6c .\CortexM0\ARM_GCC_473\Debug\humiSensor.o
 .debug_frame   0x00000310       0x88 .\CortexM0\ARM_GCC_473\Debug\sensorPackage.o
 .debug_frame   0x00000398       0x68 .\CortexM0\ARM_GCC_473\Debug\sprinkler.o
 .debug_frame   0x00000400       0x6c .\CortexM0\ARM_GCC_473\Debug\tempSensor.o
 .debug_frame   0x0000046c       0xa8 .\CortexM0\ARM_GCC_473\Debug\Cm0Start.o
 .debug_frame   0x00000514      0x128 .\CortexM0\ARM_GCC_473\Debug\controllers.a(cyfitter_cfg.o)
 .debug_frame   0x0000063c      0x628 .\CortexM0\ARM_GCC_473\Debug\controllers.a(CyLib.o)
 .debug_frame   0x00000c64      0x1cc .\CortexM0\ARM_GCC_473\Debug\controllers.a(logDataTimer.o)
 .debug_frame   0x00000e30      0x1cc .\CortexM0\ARM_GCC_473\Debug\controllers.a(waterTimer.o)
 .debug_frame   0x00000ffc      0x190 .\CortexM0\ARM_GCC_473\Debug\controllers.a(logDataInterrupt.o)
 .debug_frame   0x0000118c      0x190 .\CortexM0\ARM_GCC_473\Debug\controllers.a(waterInterrupt.o)
 .debug_frame   0x0000131c       0xa8 .\CortexM0\ARM_GCC_473\Debug\controllers.a(SLC.o)
 .debug_frame   0x000013c4       0xa8 .\CortexM0\ARM_GCC_473\Debug\controllers.a(water_pin.o)
 .debug_frame   0x0000146c      0x24c .\CortexM0\ARM_GCC_473\Debug\controllers.a(ADC_SAR_Seq_0.o)
 .debug_frame   0x000016b8       0x30 .\CortexM0\ARM_GCC_473\Debug\controllers.a(ADC_SAR_Seq_0_INT.o)
 .debug_frame   0x000016e8       0x20 c:/program files (x86)/cypress/psoc creator/3.0/psoc creator/import/gnu_cs/arm/4.7.3/bin/../lib/gcc/arm-none-eabi/4.7.3/armv6-m\libgcc.a(_udivsi3.o)
 .debug_frame   0x00001708       0x20 c:/program files (x86)/cypress/psoc creator/3.0/psoc creator/import/gnu_cs/arm/4.7.3/bin/../lib/gcc/arm-none-eabi/4.7.3/armv6-m\libgcc.a(_divsi3.o)
 .debug_frame   0x00001728       0x30 c:/program files (x86)/cypress/psoc creator/3.0/psoc creator/import/gnu_cs/arm/4.7.3/bin/../lib/gcc/arm-none-eabi/4.7.3/armv6-m\libgcc.a(_muldi3.o)
 .debug_frame   0x00001758       0x60 c:/program files (x86)/cypress/psoc creator/3.0/psoc creator/import/gnu_cs/arm/4.7.3/bin/../lib/gcc/arm-none-eabi/4.7.3/armv6-m\libgcc.a(bpabi.o)
 .debug_frame   0x000017b8       0x3c c:/program files (x86)/cypress/psoc creator/3.0/psoc creator/import/gnu_cs/arm/4.7.3/bin/../lib/gcc/arm-none-eabi/4.7.3/armv6-m\libgcc.a(divsf3.o)
 .debug_frame   0x000017f4       0x2c c:/program files (x86)/cypress/psoc creator/3.0/psoc creator/import/gnu_cs/arm/4.7.3/bin/../lib/gcc/arm-none-eabi/4.7.3/armv6-m\libgcc.a(eqsf2.o)
 .debug_frame   0x00001820       0x30 c:/program files (x86)/cypress/psoc creator/3.0/psoc creator/import/gnu_cs/arm/4.7.3/bin/../lib/gcc/arm-none-eabi/4.7.3/armv6-m\libgcc.a(gesf2.o)
 .debug_frame   0x00001850       0x30 c:/program files (x86)/cypress/psoc creator/3.0/psoc creator/import/gnu_cs/arm/4.7.3/bin/../lib/gcc/arm-none-eabi/4.7.3/armv6-m\libgcc.a(lesf2.o)
 .debug_frame   0x00001880       0x3c c:/program files (x86)/cypress/psoc creator/3.0/psoc creator/import/gnu_cs/arm/4.7.3/bin/../lib/gcc/arm-none-eabi/4.7.3/armv6-m\libgcc.a(mulsf3.o)
 .debug_frame   0x000018bc       0x30 c:/program files (x86)/cypress/psoc creator/3.0/psoc creator/import/gnu_cs/arm/4.7.3/bin/../lib/gcc/arm-none-eabi/4.7.3/armv6-m\libgcc.a(subsf3.o)
 .debug_frame   0x000018ec       0x2c c:/program files (x86)/cypress/psoc creator/3.0/psoc creator/import/gnu_cs/arm/4.7.3/bin/../lib/gcc/arm-none-eabi/4.7.3/armv6-m\libgcc.a(floatsisf.o)
 .debug_frame   0x00001918       0x28 c:/program files (x86)/cypress/psoc creator/3.0/psoc creator/import/gnu_cs/arm/4.7.3/bin/../lib/gcc/arm-none-eabi/4.7.3/armv6-m\libgcc.a(floatunsisf.o)
 .debug_frame   0x00001940       0x3c c:/program files (x86)/cypress/psoc creator/3.0/psoc creator/import/gnu_cs/arm/4.7.3/bin/../lib/gcc/arm-none-eabi/4.7.3/armv6-m\libgcc.a(divdf3.o)
 .debug_frame   0x0000197c       0x34 c:/program files (x86)/cypress/psoc creator/3.0/psoc creator/import/gnu_cs/arm/4.7.3/bin/../lib/gcc/arm-none-eabi/4.7.3/armv6-m\libgcc.a(eqdf2.o)
 .debug_frame   0x000019b0       0x38 c:/program files (x86)/cypress/psoc creator/3.0/psoc creator/import/gnu_cs/arm/4.7.3/bin/../lib/gcc/arm-none-eabi/4.7.3/armv6-m\libgcc.a(gedf2.o)
 .debug_frame   0x000019e8       0x38 c:/program files (x86)/cypress/psoc creator/3.0/psoc creator/import/gnu_cs/arm/4.7.3/bin/../lib/gcc/arm-none-eabi/4.7.3/armv6-m\libgcc.a(ledf2.o)
 .debug_frame   0x00001a20       0x3c c:/program files (x86)/cypress/psoc creator/3.0/psoc creator/import/gnu_cs/arm/4.7.3/bin/../lib/gcc/arm-none-eabi/4.7.3/armv6-m\libgcc.a(muldf3.o)
 .debug_frame   0x00001a5c       0x38 c:/program files (x86)/cypress/psoc creator/3.0/psoc creator/import/gnu_cs/arm/4.7.3/bin/../lib/gcc/arm-none-eabi/4.7.3/armv6-m\libgcc.a(subdf3.o)
 .debug_frame   0x00001a94       0x2c c:/program files (x86)/cypress/psoc creator/3.0/psoc creator/import/gnu_cs/arm/4.7.3/bin/../lib/gcc/arm-none-eabi/4.7.3/armv6-m\libgcc.a(floatunsidf.o)
 .debug_frame   0x00001ac0       0x2c c:/program files (x86)/cypress/psoc creator/3.0/psoc creator/import/gnu_cs/arm/4.7.3/bin/../lib/gcc/arm-none-eabi/4.7.3/armv6-m\libgcc.a(extendsfdf2.o)
 .debug_frame   0x00001aec       0x30 c:/program files (x86)/cypress/psoc creator/3.0/psoc creator/import/gnu_cs/arm/4.7.3/bin/../lib/gcc/arm-none-eabi/4.7.3/armv6-m\libgcc.a(truncdfsf2.o)
 .debug_frame   0x00001b1c       0x3c c:/program files (x86)/cypress/psoc creator/3.0/psoc creator/import/gnu_cs/arm/4.7.3/bin/../lib/gcc/arm-none-eabi/4.7.3/armv6-m\libgcc.a(_divdi3.o)
 .debug_frame   0x00001b58       0x3c c:/program files (x86)/cypress/psoc creator/3.0/psoc creator/import/gnu_cs/arm/4.7.3/bin/../lib/gcc/arm-none-eabi/4.7.3/armv6-m\libgcc.a(_udivdi3.o)
 .debug_frame   0x00001b94       0x28 c:/program files (x86)/cypress/psoc creator/3.0/psoc creator/import/gnu_cs/arm/4.7.3/bin/../lib/gcc/arm-none-eabi/4.7.3/../../../../arm-none-eabi/lib/armv6-m\libc_s.a(lib_a-__atexit2.o)
 .debug_frame   0x00001bbc       0x28 c:/program files (x86)/cypress/psoc creator/3.0/psoc creator/import/gnu_cs/arm/4.7.3/bin/../lib/gcc/arm-none-eabi/4.7.3/../../../../arm-none-eabi/lib/armv6-m\libc_s.a(lib_a-exit.o)
 .debug_frame   0x00001be4       0x2c c:/program files (x86)/cypress/psoc creator/3.0/psoc creator/import/gnu_cs/arm/4.7.3/bin/../lib/gcc/arm-none-eabi/4.7.3/../../../../arm-none-eabi/lib/armv6-m\libc_s.a(lib_a-fini.o)
 .debug_frame   0x00001c10       0x2c c:/program files (x86)/cypress/psoc creator/3.0/psoc creator/import/gnu_cs/arm/4.7.3/bin/../lib/gcc/arm-none-eabi/4.7.3/../../../../arm-none-eabi/lib/armv6-m\libc_s.a(lib_a-init.o)
 .debug_frame   0x00001c3c       0x28 c:/program files (x86)/cypress/psoc creator/3.0/psoc creator/import/gnu_cs/arm/4.7.3/bin/../lib/gcc/arm-none-eabi/4.7.3/../../../../arm-none-eabi/lib/armv6-m\libc_s.a(lib_a-memcpy.o)
 .debug_frame   0x00001c64       0x28 c:/program files (x86)/cypress/psoc creator/3.0/psoc creator/import/gnu_cs/arm/4.7.3/bin/../lib/gcc/arm-none-eabi/4.7.3/../../../../arm-none-eabi/lib/armv6-m\libc_s.a(lib_a-memset.o)
 .debug_frame   0x00001c8c       0x54 c:/program files (x86)/cypress/psoc creator/3.0/psoc creator/import/gnu_cs/arm/4.7.3/bin/../lib/gcc/arm-none-eabi/4.7.3/../../../../arm-none-eabi/lib/armv6-m\libc_s.a(lib_a-snprintf.o)
 .debug_frame   0x00001ce0       0x78 c:/program files (x86)/cypress/psoc creator/3.0/psoc creator/import/gnu_cs/arm/4.7.3/bin/../lib/gcc/arm-none-eabi/4.7.3/../../../../arm-none-eabi/lib/armv6-m\libc_s.a(lib_a-svfprintf.o)
 .debug_frame   0x00001d58       0x70 c:/program files (x86)/cypress/psoc creator/3.0/psoc creator/import/gnu_cs/arm/4.7.3/bin/../lib/gcc/arm-none-eabi/4.7.3/../../../../arm-none-eabi/lib/armv6-m\libc_s.a(lib_a-vfprintf_float.o)
 .debug_frame   0x00001dc8       0x54 c:/program files (x86)/cypress/psoc creator/3.0/psoc creator/import/gnu_cs/arm/4.7.3/bin/../lib/gcc/arm-none-eabi/4.7.3/../../../../arm-none-eabi/lib/armv6-m\libc_s.a(lib_a-vfprintf_i.o)
 .debug_frame   0x00001e1c       0x54 c:/program files (x86)/cypress/psoc creator/3.0/psoc creator/import/gnu_cs/arm/4.7.3/bin/../lib/gcc/arm-none-eabi/4.7.3/../../../../arm-none-eabi/lib/armv6-m\libc_s.a(lib_a-dtoa.o)
 .debug_frame   0x00001e70       0x2c c:/program files (x86)/cypress/psoc creator/3.0/psoc creator/import/gnu_cs/arm/4.7.3/bin/../lib/gcc/arm-none-eabi/4.7.3/../../../../arm-none-eabi/lib/armv6-m\libc_s.a(lib_a-freer.o)
 .debug_frame   0x00001e9c       0xa4 c:/program files (x86)/cypress/psoc creator/3.0/psoc creator/import/gnu_cs/arm/4.7.3/bin/../lib/gcc/arm-none-eabi/4.7.3/../../../../arm-none-eabi/lib/armv6-m\libc_s.a(lib_a-locale.o)
 .debug_frame   0x00001f40       0x40 c:/program files (x86)/cypress/psoc creator/3.0/psoc creator/import/gnu_cs/arm/4.7.3/bin/../lib/gcc/arm-none-eabi/4.7.3/../../../../arm-none-eabi/lib/armv6-m\libc_s.a(lib_a-malloc.o)
 .debug_frame   0x00001f80       0x2c c:/program files (x86)/cypress/psoc creator/3.0/psoc creator/import/gnu_cs/arm/4.7.3/bin/../lib/gcc/arm-none-eabi/4.7.3/../../../../arm-none-eabi/lib/armv6-m\libc_s.a(lib_a-mallocr.o)
 .debug_frame   0x00001fac       0x28 c:/program files (x86)/cypress/psoc creator/3.0/psoc creator/import/gnu_cs/arm/4.7.3/bin/../lib/gcc/arm-none-eabi/4.7.3/../../../../arm-none-eabi/lib/armv6-m\libc_s.a(lib_a-memchr.o)
 .debug_frame   0x00001fd4       0x2c c:/program files (x86)/cypress/psoc creator/3.0/psoc creator/import/gnu_cs/arm/4.7.3/bin/../lib/gcc/arm-none-eabi/4.7.3/../../../../arm-none-eabi/lib/armv6-m\libc_s.a(lib_a-memmove.o)
 .debug_frame   0x00002000      0x244 c:/program files (x86)/cypress/psoc creator/3.0/psoc creator/import/gnu_cs/arm/4.7.3/bin/../lib/gcc/arm-none-eabi/4.7.3/../../../../arm-none-eabi/lib/armv6-m\libc_s.a(lib_a-mprec.o)
 .debug_frame   0x00002244       0x30 c:/program files (x86)/cypress/psoc creator/3.0/psoc creator/import/gnu_cs/arm/4.7.3/bin/../lib/gcc/arm-none-eabi/4.7.3/../../../../arm-none-eabi/lib/armv6-m\libc_s.a(lib_a-reallocr.o)
 .debug_frame   0x00002274       0x2c c:/program files (x86)/cypress/psoc creator/3.0/psoc creator/import/gnu_cs/arm/4.7.3/bin/../lib/gcc/arm-none-eabi/4.7.3/../../../../arm-none-eabi/lib/armv6-m\libc_s.a(lib_a-s_fpclassify.o)
 .debug_frame   0x000022a0       0x2c c:/program files (x86)/cypress/psoc creator/3.0/psoc creator/import/gnu_cs/arm/4.7.3/bin/../lib/gcc/arm-none-eabi/4.7.3/../../../../arm-none-eabi/lib/armv6-m\libc_s.a(lib_a-sbrkr.o)
 .debug_frame   0x000022cc       0x20 c:/program files (x86)/cypress/psoc creator/3.0/psoc creator/import/gnu_cs/arm/4.7.3/bin/../lib/gcc/arm-none-eabi/4.7.3/../../../../arm-none-eabi/lib/armv6-m\libc_s.a(lib_a-strcmp.o)
 .debug_frame   0x000022ec       0x20 c:/program files (x86)/cypress/psoc creator/3.0/psoc creator/import/gnu_cs/arm/4.7.3/bin/../lib/gcc/arm-none-eabi/4.7.3/../../../../arm-none-eabi/lib/armv6-m\libc_s.a(lib_a-strlen.o)
 .debug_frame   0x0000230c       0x2c c:/program files (x86)/cypress/psoc creator/3.0/psoc creator/import/gnu_cs/arm/4.7.3/bin/../lib/gcc/arm-none-eabi/4.7.3/../../../../arm-none-eabi/lib/armv6-m\libc_s.a(lib_a-callocr.o)
 .debug_frame   0x00002338       0x28 c:/program files (x86)/cypress/psoc creator/3.0/psoc creator/import/gnu_cs/arm/4.7.3/bin/../lib/gcc/arm-none-eabi/4.7.3/../../../../arm-none-eabi/lib/armv6-m\libc_s.a(lib_a-msizer.o)
 .debug_frame   0x00002360       0x64 c:/program files (x86)/cypress/psoc creator/3.0/psoc creator/import/gnu_cs/arm/4.7.3/bin/../lib/gcc/arm-none-eabi/4.7.3/../../../../arm-none-eabi/lib/armv6-m\libc_s.a(lib_a-reent.o)
 .debug_frame   0x000023c4       0x3c c:/program files (x86)/cypress/psoc creator/3.0/psoc creator/import/gnu_cs/arm/4.7.3/bin/../lib/gcc/arm-none-eabi/4.7.3/armv6-m\libgcc.a(adddf3.o)
 .debug_frame   0x00002400       0x2c c:/program files (x86)/cypress/psoc creator/3.0/psoc creator/import/gnu_cs/arm/4.7.3/bin/../lib/gcc/arm-none-eabi/4.7.3/armv6-m\libgcc.a(fixdfsi.o)
 .debug_frame   0x0000242c       0x30 c:/program files (x86)/cypress/psoc creator/3.0/psoc creator/import/gnu_cs/arm/4.7.3/bin/../lib/gcc/arm-none-eabi/4.7.3/armv6-m\libgcc.a(floatsidf.o)
 .debug_frame   0x0000245c       0x28 c:/program files (x86)/cypress/psoc creator/3.0/psoc creator/import/gnu_cs/arm/4.7.3/bin/../lib/gcc/arm-none-eabi/4.7.3/../../../../arm-none-eabi/lib/armv6-m\libnosys.a(sbrk.o)

.debug_str      0x00000000     0x1769
 *(.debug_str)
 .debug_str     0x00000000      0x16d .\CortexM0\ARM_GCC_473\Debug\test_controllers.o
                                0x1a6 (size before relaxing)
 .debug_str     0x0000016d       0xfd .\CortexM0\ARM_GCC_473\Debug\loadData.o
                                0x273 (size before relaxing)
 .debug_str     0x0000026a       0x45 .\CortexM0\ARM_GCC_473\Debug\buffer.o
                                 0xf2 (size before relaxing)
 .debug_str     0x000002af       0xa5 .\CortexM0\ARM_GCC_473\Debug\parameters.o
                                0x16c (size before relaxing)
 .debug_str     0x00000354       0x7c .\CortexM0\ARM_GCC_473\Debug\humiSensor.o
                                0x18b (size before relaxing)
 .debug_str     0x000003d0       0x6e .\CortexM0\ARM_GCC_473\Debug\sensorPackage.o
                                0x17d (size before relaxing)
 .debug_str     0x0000043e       0x3f .\CortexM0\ARM_GCC_473\Debug\sprinkler.o
                                0x14f (size before relaxing)
 .debug_str     0x0000047d       0x43 .\CortexM0\ARM_GCC_473\Debug\tempSensor.o
                                0x17f (size before relaxing)
 .debug_str     0x000004c0       0x5b .\CortexM0\ARM_GCC_473\Debug\cymetadata.o
                                0x16a (size before relaxing)
 .debug_str     0x0000051b      0x105 .\CortexM0\ARM_GCC_473\Debug\Cm0Start.o
                                0x233 (size before relaxing)
 .debug_str     0x00000620      0x1c0 .\CortexM0\ARM_GCC_473\Debug\controllers.a(cyfitter_cfg.o)
                                0x319 (size before relaxing)
 .debug_str     0x000007e0      0x4df .\CortexM0\ARM_GCC_473\Debug\controllers.a(CyLib.o)
                                0x646 (size before relaxing)
 .debug_str     0x00000cbf      0x201 .\CortexM0\ARM_GCC_473\Debug\controllers.a(logDataTimer.o)
                                0x31c (size before relaxing)
 .debug_str     0x00000ec0      0x1b2 .\CortexM0\ARM_GCC_473\Debug\controllers.a(waterTimer.o)
                                0x2f8 (size before relaxing)
 .debug_str     0x00001072      0x191 .\CortexM0\ARM_GCC_473\Debug\controllers.a(logDataInterrupt.o)
                                0x2e7 (size before relaxing)
 .debug_str     0x00001203      0x166 .\CortexM0\ARM_GCC_473\Debug\controllers.a(waterInterrupt.o)
                                0x2cb (size before relaxing)
 .debug_str     0x00001369       0x79 .\CortexM0\ARM_GCC_473\Debug\controllers.a(SLC.o)
                                0x197 (size before relaxing)
 .debug_str     0x000013e2       0x8a .\CortexM0\ARM_GCC_473\Debug\controllers.a(water_pin.o)
                                0x1bb (size before relaxing)
 .debug_str     0x0000146c      0x2b2 .\CortexM0\ARM_GCC_473\Debug\controllers.a(ADC_SAR_Seq_0.o)
                                0x409 (size before relaxing)
 .debug_str     0x0000171e       0x4b .\CortexM0\ARM_GCC_473\Debug\controllers.a(ADC_SAR_Seq_0_INT.o)
                                0x161 (size before relaxing)

.debug_loc      0x00000000     0x23eb
 *(.debug_loc)
 .debug_loc     0x00000000       0x3a .\CortexM0\ARM_GCC_473\Debug\test_controllers.o
 .debug_loc     0x0000003a      0x159 .\CortexM0\ARM_GCC_473\Debug\loadData.o
 .debug_loc     0x00000193       0xa8 .\CortexM0\ARM_GCC_473\Debug\buffer.o
 .debug_loc     0x0000023b      0x1c0 .\CortexM0\ARM_GCC_473\Debug\parameters.o
 .debug_loc     0x000003fb       0x90 .\CortexM0\ARM_GCC_473\Debug\humiSensor.o
 .debug_loc     0x0000048b       0xc8 .\CortexM0\ARM_GCC_473\Debug\sensorPackage.o
 .debug_loc     0x00000553       0x90 .\CortexM0\ARM_GCC_473\Debug\sprinkler.o
 .debug_loc     0x000005e3       0x90 .\CortexM0\ARM_GCC_473\Debug\tempSensor.o
 .debug_loc     0x00000673      0x100 .\CortexM0\ARM_GCC_473\Debug\Cm0Start.o
 .debug_loc     0x00000773      0x1e0 .\CortexM0\ARM_GCC_473\Debug\controllers.a(cyfitter_cfg.o)
 .debug_loc     0x00000953      0xa34 .\CortexM0\ARM_GCC_473\Debug\controllers.a(CyLib.o)
 .debug_loc     0x00001387      0x2d0 .\CortexM0\ARM_GCC_473\Debug\controllers.a(logDataTimer.o)
 .debug_loc     0x00001657      0x2d0 .\CortexM0\ARM_GCC_473\Debug\controllers.a(waterTimer.o)
 .debug_loc     0x00001927      0x26c .\CortexM0\ARM_GCC_473\Debug\controllers.a(logDataInterrupt.o)
 .debug_loc     0x00001b93      0x26c .\CortexM0\ARM_GCC_473\Debug\controllers.a(waterInterrupt.o)
 .debug_loc     0x00001dff      0x100 .\CortexM0\ARM_GCC_473\Debug\controllers.a(SLC.o)
 .debug_loc     0x00001eff      0x100 .\CortexM0\ARM_GCC_473\Debug\controllers.a(water_pin.o)
 .debug_loc     0x00001fff      0x3b4 .\CortexM0\ARM_GCC_473\Debug\controllers.a(ADC_SAR_Seq_0.o)
 .debug_loc     0x000023b3       0x38 .\CortexM0\ARM_GCC_473\Debug\controllers.a(ADC_SAR_Seq_0_INT.o)

.debug_macinfo
 *(.debug_macinfo)

.debug_ranges   0x00000000      0x638
 *(.debug_ranges)
 .debug_ranges  0x00000000       0x10 .\CortexM0\ARM_GCC_473\Debug\test_controllers.o
 .debug_ranges  0x00000010       0x40 .\CortexM0\ARM_GCC_473\Debug\loadData.o
 .debug_ranges  0x00000050       0x20 .\CortexM0\ARM_GCC_473\Debug\buffer.o
 .debug_ranges  0x00000070       0x48 .\CortexM0\ARM_GCC_473\Debug\parameters.o
 .debug_ranges  0x000000b8       0x20 .\CortexM0\ARM_GCC_473\Debug\humiSensor.o
 .debug_ranges  0x000000d8       0x28 .\CortexM0\ARM_GCC_473\Debug\sensorPackage.o
 .debug_ranges  0x00000100       0x20 .\CortexM0\ARM_GCC_473\Debug\sprinkler.o
 .debug_ranges  0x00000120       0x20 .\CortexM0\ARM_GCC_473\Debug\tempSensor.o
 .debug_ranges  0x00000140       0x30 .\CortexM0\ARM_GCC_473\Debug\Cm0Start.o
 .debug_ranges  0x00000170       0x50 .\CortexM0\ARM_GCC_473\Debug\controllers.a(cyfitter_cfg.o)
 .debug_ranges  0x000001c0      0x190 .\CortexM0\ARM_GCC_473\Debug\controllers.a(CyLib.o)
 .debug_ranges  0x00000350       0x80 .\CortexM0\ARM_GCC_473\Debug\controllers.a(logDataTimer.o)
 .debug_ranges  0x000003d0       0x80 .\CortexM0\ARM_GCC_473\Debug\controllers.a(waterTimer.o)
 .debug_ranges  0x00000450       0x70 .\CortexM0\ARM_GCC_473\Debug\controllers.a(logDataInterrupt.o)
 .debug_ranges  0x000004c0       0x70 .\CortexM0\ARM_GCC_473\Debug\controllers.a(waterInterrupt.o)
 .debug_ranges  0x00000530       0x30 .\CortexM0\ARM_GCC_473\Debug\controllers.a(SLC.o)
 .debug_ranges  0x00000560       0x30 .\CortexM0\ARM_GCC_473\Debug\controllers.a(water_pin.o)
 .debug_ranges  0x00000590       0x98 .\CortexM0\ARM_GCC_473\Debug\controllers.a(ADC_SAR_Seq_0.o)
 .debug_ranges  0x00000628       0x10 .\CortexM0\ARM_GCC_473\Debug\controllers.a(ADC_SAR_Seq_0_INT.o)

.comment        0x00000000       0x70
 .comment       0x00000000       0x70 .\CortexM0\ARM_GCC_473\Debug\test_controllers.o
                                 0x71 (size before relaxing)
 .comment       0x00000000       0x71 .\CortexM0\ARM_GCC_473\Debug\loadData.o
 .comment       0x00000000       0x71 .\CortexM0\ARM_GCC_473\Debug\buffer.o
 .comment       0x00000000       0x71 .\CortexM0\ARM_GCC_473\Debug\parameters.o
 .comment       0x00000000       0x71 .\CortexM0\ARM_GCC_473\Debug\humiSensor.o
 .comment       0x00000000       0x71 .\CortexM0\ARM_GCC_473\Debug\sensorPackage.o
 .comment       0x00000000       0x71 .\CortexM0\ARM_GCC_473\Debug\sprinkler.o
 .comment       0x00000000       0x71 .\CortexM0\ARM_GCC_473\Debug\tempSensor.o
 .comment       0x00000000       0x71 .\CortexM0\ARM_GCC_473\Debug\cymetadata.o
 .comment       0x00000000       0x71 .\CortexM0\ARM_GCC_473\Debug\Cm0Start.o
 .comment       0x00000000       0x71 .\CortexM0\ARM_GCC_473\Debug\controllers.a(cyfitter_cfg.o)
 .comment       0x00000000       0x71 .\CortexM0\ARM_GCC_473\Debug\controllers.a(CyLib.o)
 .comment       0x00000000       0x71 .\CortexM0\ARM_GCC_473\Debug\controllers.a(logDataTimer.o)
 .comment       0x00000000       0x71 .\CortexM0\ARM_GCC_473\Debug\controllers.a(waterTimer.o)
 .comment       0x00000000       0x71 .\CortexM0\ARM_GCC_473\Debug\controllers.a(logDataInterrupt.o)
 .comment       0x00000000       0x71 .\CortexM0\ARM_GCC_473\Debug\controllers.a(waterInterrupt.o)
 .comment       0x00000000       0x71 .\CortexM0\ARM_GCC_473\Debug\controllers.a(SLC.o)
 .comment       0x00000000       0x71 .\CortexM0\ARM_GCC_473\Debug\controllers.a(water_pin.o)
 .comment       0x00000000       0x71 .\CortexM0\ARM_GCC_473\Debug\controllers.a(ADC_SAR_Seq_0.o)
 .comment       0x00000000       0x71 .\CortexM0\ARM_GCC_473\Debug\controllers.a(ADC_SAR_Seq_0_INT.o)

.debug_weaknames
 *(.debug_weaknames)

.debug_funcnames
 *(.debug_funcnames)

.debug_typenames
 *(.debug_typenames)

.debug_varnames
 *(.debug_varnames)

.note.gnu.arm.ident
 *(.note.gnu.arm.ident)

.ARM.attributes
                0x00000000       0x28
 *(.ARM.attributes)
 .ARM.attributes
                0x00000000       0x1e c:/program files (x86)/cypress/psoc creator/3.0/psoc creator/import/gnu_cs/arm/4.7.3/bin/../lib/gcc/arm-none-eabi/4.7.3/armv6-m/crti.o
 .ARM.attributes
                0x0000001e       0x2c c:/program files (x86)/cypress/psoc creator/3.0/psoc creator/import/gnu_cs/arm/4.7.3/bin/../lib/gcc/arm-none-eabi/4.7.3/armv6-m/crtbegin.o
 .ARM.attributes
                0x0000004a       0x1c c:/program files (x86)/cypress/psoc creator/3.0/psoc creator/import/gnu_cs/arm/4.7.3/bin/../lib/gcc/arm-none-eabi/4.7.3/../../../../arm-none-eabi/lib/armv6-m/crt0.o
 .ARM.attributes
                0x00000066       0x31 .\CortexM0\ARM_GCC_473\Debug\test_controllers.o
 .ARM.attributes
                0x00000097       0x31 .\CortexM0\ARM_GCC_473\Debug\loadData.o
 .ARM.attributes
                0x000000c8       0x31 .\CortexM0\ARM_GCC_473\Debug\buffer.o
 .ARM.attributes
                0x000000f9       0x31 .\CortexM0\ARM_GCC_473\Debug\parameters.o
 .ARM.attributes
                0x0000012a       0x31 .\CortexM0\ARM_GCC_473\Debug\humiSensor.o
 .ARM.attributes
                0x0000015b       0x31 .\CortexM0\ARM_GCC_473\Debug\sensorPackage.o
 .ARM.attributes
                0x0000018c       0x31 .\CortexM0\ARM_GCC_473\Debug\sprinkler.o
 .ARM.attributes
                0x000001bd       0x31 .\CortexM0\ARM_GCC_473\Debug\tempSensor.o
 .ARM.attributes
                0x000001ee       0x31 .\CortexM0\ARM_GCC_473\Debug\cymetadata.o
 .ARM.attributes
                0x0000021f       0x31 .\CortexM0\ARM_GCC_473\Debug\Cm0Start.o
 .ARM.attributes
                0x00000250       0x31 .\CortexM0\ARM_GCC_473\Debug\controllers.a(cyfitter_cfg.o)
 .ARM.attributes
                0x00000281       0x21 .\CortexM0\ARM_GCC_473\Debug\controllers.a(CyBootAsmGnu.o)
 .ARM.attributes
                0x000002a2       0x31 .\CortexM0\ARM_GCC_473\Debug\controllers.a(CyLib.o)
 .ARM.attributes
                0x000002d3       0x31 .\CortexM0\ARM_GCC_473\Debug\controllers.a(logDataTimer.o)
 .ARM.attributes
                0x00000304       0x31 .\CortexM0\ARM_GCC_473\Debug\controllers.a(waterTimer.o)
 .ARM.attributes
                0x00000335       0x31 .\CortexM0\ARM_GCC_473\Debug\controllers.a(logDataInterrupt.o)
 .ARM.attributes
                0x00000366       0x31 .\CortexM0\ARM_GCC_473\Debug\controllers.a(waterInterrupt.o)
 .ARM.attributes
                0x00000397       0x31 .\CortexM0\ARM_GCC_473\Debug\controllers.a(SLC.o)
 .ARM.attributes
                0x000003c8       0x31 .\CortexM0\ARM_GCC_473\Debug\controllers.a(water_pin.o)
 .ARM.attributes
                0x000003f9       0x31 .\CortexM0\ARM_GCC_473\Debug\controllers.a(ADC_SAR_Seq_0.o)
 .ARM.attributes
                0x0000042a       0x31 .\CortexM0\ARM_GCC_473\Debug\controllers.a(ADC_SAR_Seq_0_INT.o)
 .ARM.attributes
                0x0000045b       0x1e c:/program files (x86)/cypress/psoc creator/3.0/psoc creator/import/gnu_cs/arm/4.7.3/bin/../lib/gcc/arm-none-eabi/4.7.3/armv6-m\libgcc.a(_udivsi3.o)
 .ARM.attributes
                0x00000479       0x1e c:/program files (x86)/cypress/psoc creator/3.0/psoc creator/import/gnu_cs/arm/4.7.3/bin/../lib/gcc/arm-none-eabi/4.7.3/armv6-m\libgcc.a(_divsi3.o)
 .ARM.attributes
                0x00000497       0x1e c:/program files (x86)/cypress/psoc creator/3.0/psoc creator/import/gnu_cs/arm/4.7.3/bin/../lib/gcc/arm-none-eabi/4.7.3/armv6-m\libgcc.a(_dvmd_tls.o)
 .ARM.attributes
                0x000004b5       0x1e c:/program files (x86)/cypress/psoc creator/3.0/psoc creator/import/gnu_cs/arm/4.7.3/bin/../lib/gcc/arm-none-eabi/4.7.3/armv6-m\libgcc.a(_arm_cmpdf2.o)
 .ARM.attributes
                0x000004d3       0x1e c:/program files (x86)/cypress/psoc creator/3.0/psoc creator/import/gnu_cs/arm/4.7.3/bin/../lib/gcc/arm-none-eabi/4.7.3/armv6-m\libgcc.a(_arm_cmpsf2.o)
 .ARM.attributes
                0x000004f1       0x1e c:/program files (x86)/cypress/psoc creator/3.0/psoc creator/import/gnu_cs/arm/4.7.3/bin/../lib/gcc/arm-none-eabi/4.7.3/armv6-m\libgcc.a(_aeabi_ldivmod.o)
 .ARM.attributes
                0x0000050f       0x2c c:/program files (x86)/cypress/psoc creator/3.0/psoc creator/import/gnu_cs/arm/4.7.3/bin/../lib/gcc/arm-none-eabi/4.7.3/armv6-m\libgcc.a(_muldi3.o)
 .ARM.attributes
                0x0000053b       0x2c c:/program files (x86)/cypress/psoc creator/3.0/psoc creator/import/gnu_cs/arm/4.7.3/bin/../lib/gcc/arm-none-eabi/4.7.3/armv6-m\libgcc.a(bpabi.o)
 .ARM.attributes
                0x00000567       0x2c c:/program files (x86)/cypress/psoc creator/3.0/psoc creator/import/gnu_cs/arm/4.7.3/bin/../lib/gcc/arm-none-eabi/4.7.3/armv6-m\libgcc.a(divsf3.o)
 .ARM.attributes
                0x00000593       0x2c c:/program files (x86)/cypress/psoc creator/3.0/psoc creator/import/gnu_cs/arm/4.7.3/bin/../lib/gcc/arm-none-eabi/4.7.3/armv6-m\libgcc.a(eqsf2.o)
 .ARM.attributes
                0x000005bf       0x2c c:/program files (x86)/cypress/psoc creator/3.0/psoc creator/import/gnu_cs/arm/4.7.3/bin/../lib/gcc/arm-none-eabi/4.7.3/armv6-m\libgcc.a(gesf2.o)
 .ARM.attributes
                0x000005eb       0x2c c:/program files (x86)/cypress/psoc creator/3.0/psoc creator/import/gnu_cs/arm/4.7.3/bin/../lib/gcc/arm-none-eabi/4.7.3/armv6-m\libgcc.a(lesf2.o)
 .ARM.attributes
                0x00000617       0x2c c:/program files (x86)/cypress/psoc creator/3.0/psoc creator/import/gnu_cs/arm/4.7.3/bin/../lib/gcc/arm-none-eabi/4.7.3/armv6-m\libgcc.a(mulsf3.o)
 .ARM.attributes
                0x00000643       0x2c c:/program files (x86)/cypress/psoc creator/3.0/psoc creator/import/gnu_cs/arm/4.7.3/bin/../lib/gcc/arm-none-eabi/4.7.3/armv6-m\libgcc.a(subsf3.o)
 .ARM.attributes
                0x0000066f       0x2c c:/program files (x86)/cypress/psoc creator/3.0/psoc creator/import/gnu_cs/arm/4.7.3/bin/../lib/gcc/arm-none-eabi/4.7.3/armv6-m\libgcc.a(floatsisf.o)
 .ARM.attributes
                0x0000069b       0x2c c:/program files (x86)/cypress/psoc creator/3.0/psoc creator/import/gnu_cs/arm/4.7.3/bin/../lib/gcc/arm-none-eabi/4.7.3/armv6-m\libgcc.a(floatunsisf.o)
 .ARM.attributes
                0x000006c7       0x2c c:/program files (x86)/cypress/psoc creator/3.0/psoc creator/import/gnu_cs/arm/4.7.3/bin/../lib/gcc/arm-none-eabi/4.7.3/armv6-m\libgcc.a(divdf3.o)
 .ARM.attributes
                0x000006f3       0x2c c:/program files (x86)/cypress/psoc creator/3.0/psoc creator/import/gnu_cs/arm/4.7.3/bin/../lib/gcc/arm-none-eabi/4.7.3/armv6-m\libgcc.a(eqdf2.o)
 .ARM.attributes
                0x0000071f       0x2c c:/program files (x86)/cypress/psoc creator/3.0/psoc creator/import/gnu_cs/arm/4.7.3/bin/../lib/gcc/arm-none-eabi/4.7.3/armv6-m\libgcc.a(gedf2.o)
 .ARM.attributes
                0x0000074b       0x2c c:/program files (x86)/cypress/psoc creator/3.0/psoc creator/import/gnu_cs/arm/4.7.3/bin/../lib/gcc/arm-none-eabi/4.7.3/armv6-m\libgcc.a(ledf2.o)
 .ARM.attributes
                0x00000777       0x2c c:/program files (x86)/cypress/psoc creator/3.0/psoc creator/import/gnu_cs/arm/4.7.3/bin/../lib/gcc/arm-none-eabi/4.7.3/armv6-m\libgcc.a(muldf3.o)
 .ARM.attributes
                0x000007a3       0x2c c:/program files (x86)/cypress/psoc creator/3.0/psoc creator/import/gnu_cs/arm/4.7.3/bin/../lib/gcc/arm-none-eabi/4.7.3/armv6-m\libgcc.a(subdf3.o)
 .ARM.attributes
                0x000007cf       0x2c c:/program files (x86)/cypress/psoc creator/3.0/psoc creator/import/gnu_cs/arm/4.7.3/bin/../lib/gcc/arm-none-eabi/4.7.3/armv6-m\libgcc.a(floatunsidf.o)
 .ARM.attributes
                0x000007fb       0x2c c:/program files (x86)/cypress/psoc creator/3.0/psoc creator/import/gnu_cs/arm/4.7.3/bin/../lib/gcc/arm-none-eabi/4.7.3/armv6-m\libgcc.a(extendsfdf2.o)
 .ARM.attributes
                0x00000827       0x2c c:/program files (x86)/cypress/psoc creator/3.0/psoc creator/import/gnu_cs/arm/4.7.3/bin/../lib/gcc/arm-none-eabi/4.7.3/armv6-m\libgcc.a(truncdfsf2.o)
 .ARM.attributes
                0x00000853       0x1e c:/program files (x86)/cypress/psoc creator/3.0/psoc creator/import/gnu_cs/arm/4.7.3/bin/../lib/gcc/arm-none-eabi/4.7.3/armv6-m\libgcc.a(_clzsi2.o)
 .ARM.attributes
                0x00000871       0x2c c:/program files (x86)/cypress/psoc creator/3.0/psoc creator/import/gnu_cs/arm/4.7.3/bin/../lib/gcc/arm-none-eabi/4.7.3/armv6-m\libgcc.a(_divdi3.o)
 .ARM.attributes
                0x0000089d       0x2c c:/program files (x86)/cypress/psoc creator/3.0/psoc creator/import/gnu_cs/arm/4.7.3/bin/../lib/gcc/arm-none-eabi/4.7.3/armv6-m\libgcc.a(_udivdi3.o)
 .ARM.attributes
                0x000008c9       0x2c c:/program files (x86)/cypress/psoc creator/3.0/psoc creator/import/gnu_cs/arm/4.7.3/bin/../lib/gcc/arm-none-eabi/4.7.3/../../../../arm-none-eabi/lib/armv6-m\libc_s.a(lib_a-__atexit2.o)
 .ARM.attributes
                0x000008f5       0x2c c:/program files (x86)/cypress/psoc creator/3.0/psoc creator/import/gnu_cs/arm/4.7.3/bin/../lib/gcc/arm-none-eabi/4.7.3/../../../../arm-none-eabi/lib/armv6-m\libc_s.a(lib_a-exit.o)
 .ARM.attributes
                0x00000921       0x2c c:/program files (x86)/cypress/psoc creator/3.0/psoc creator/import/gnu_cs/arm/4.7.3/bin/../lib/gcc/arm-none-eabi/4.7.3/../../../../arm-none-eabi/lib/armv6-m\libc_s.a(lib_a-fini.o)
 .ARM.attributes
                0x0000094d       0x2c c:/program files (x86)/cypress/psoc creator/3.0/psoc creator/import/gnu_cs/arm/4.7.3/bin/../lib/gcc/arm-none-eabi/4.7.3/../../../../arm-none-eabi/lib/armv6-m\libc_s.a(lib_a-impure.o)
 .ARM.attributes
                0x00000979       0x2c c:/program files (x86)/cypress/psoc creator/3.0/psoc creator/import/gnu_cs/arm/4.7.3/bin/../lib/gcc/arm-none-eabi/4.7.3/../../../../arm-none-eabi/lib/armv6-m\libc_s.a(lib_a-init.o)
 .ARM.attributes
                0x000009a5       0x2c c:/program files (x86)/cypress/psoc creator/3.0/psoc creator/import/gnu_cs/arm/4.7.3/bin/../lib/gcc/arm-none-eabi/4.7.3/../../../../arm-none-eabi/lib/armv6-m\libc_s.a(lib_a-memcpy.o)
 .ARM.attributes
                0x000009d1       0x2c c:/program files (x86)/cypress/psoc creator/3.0/psoc creator/import/gnu_cs/arm/4.7.3/bin/../lib/gcc/arm-none-eabi/4.7.3/../../../../arm-none-eabi/lib/armv6-m\libc_s.a(lib_a-memset.o)
 .ARM.attributes
                0x000009fd       0x2c c:/program files (x86)/cypress/psoc creator/3.0/psoc creator/import/gnu_cs/arm/4.7.3/bin/../lib/gcc/arm-none-eabi/4.7.3/../../../../arm-none-eabi/lib/armv6-m\libc_s.a(lib_a-snprintf.o)
 .ARM.attributes
                0x00000a29       0x2c c:/program files (x86)/cypress/psoc creator/3.0/psoc creator/import/gnu_cs/arm/4.7.3/bin/../lib/gcc/arm-none-eabi/4.7.3/../../../../arm-none-eabi/lib/armv6-m\libc_s.a(lib_a-svfprintf.o)
 .ARM.attributes
                0x00000a55       0x2c c:/program files (x86)/cypress/psoc creator/3.0/psoc creator/import/gnu_cs/arm/4.7.3/bin/../lib/gcc/arm-none-eabi/4.7.3/../../../../arm-none-eabi/lib/armv6-m\libc_s.a(lib_a-vfprintf_float.o)
 .ARM.attributes
                0x00000a81       0x2c c:/program files (x86)/cypress/psoc creator/3.0/psoc creator/import/gnu_cs/arm/4.7.3/bin/../lib/gcc/arm-none-eabi/4.7.3/../../../../arm-none-eabi/lib/armv6-m\libc_s.a(lib_a-vfprintf_i.o)
 .ARM.attributes
                0x00000aad       0x2c c:/program files (x86)/cypress/psoc creator/3.0/psoc creator/import/gnu_cs/arm/4.7.3/bin/../lib/gcc/arm-none-eabi/4.7.3/../../../../arm-none-eabi/lib/armv6-m\libc_s.a(lib_a-dtoa.o)
 .ARM.attributes
                0x00000ad9       0x2c c:/program files (x86)/cypress/psoc creator/3.0/psoc creator/import/gnu_cs/arm/4.7.3/bin/../lib/gcc/arm-none-eabi/4.7.3/../../../../arm-none-eabi/lib/armv6-m\libc_s.a(lib_a-freer.o)
 .ARM.attributes
                0x00000b05       0x2c c:/program files (x86)/cypress/psoc creator/3.0/psoc creator/import/gnu_cs/arm/4.7.3/bin/../lib/gcc/arm-none-eabi/4.7.3/../../../../arm-none-eabi/lib/armv6-m\libc_s.a(lib_a-locale.o)
 .ARM.attributes
                0x00000b31       0x2c c:/program files (x86)/cypress/psoc creator/3.0/psoc creator/import/gnu_cs/arm/4.7.3/bin/../lib/gcc/arm-none-eabi/4.7.3/../../../../arm-none-eabi/lib/armv6-m\libc_s.a(lib_a-malloc.o)
 .ARM.attributes
                0x00000b5d       0x2c c:/program files (x86)/cypress/psoc creator/3.0/psoc creator/import/gnu_cs/arm/4.7.3/bin/../lib/gcc/arm-none-eabi/4.7.3/../../../../arm-none-eabi/lib/armv6-m\libc_s.a(lib_a-mallocr.o)
 .ARM.attributes
                0x00000b89       0x2c c:/program files (x86)/cypress/psoc creator/3.0/psoc creator/import/gnu_cs/arm/4.7.3/bin/../lib/gcc/arm-none-eabi/4.7.3/../../../../arm-none-eabi/lib/armv6-m\libc_s.a(lib_a-memchr.o)
 .ARM.attributes
                0x00000bb5       0x2c c:/program files (x86)/cypress/psoc creator/3.0/psoc creator/import/gnu_cs/arm/4.7.3/bin/../lib/gcc/arm-none-eabi/4.7.3/../../../../arm-none-eabi/lib/armv6-m\libc_s.a(lib_a-memmove.o)
 .ARM.attributes
                0x00000be1       0x2c c:/program files (x86)/cypress/psoc creator/3.0/psoc creator/import/gnu_cs/arm/4.7.3/bin/../lib/gcc/arm-none-eabi/4.7.3/../../../../arm-none-eabi/lib/armv6-m\libc_s.a(lib_a-mprec.o)
 .ARM.attributes
                0x00000c0d       0x2c c:/program files (x86)/cypress/psoc creator/3.0/psoc creator/import/gnu_cs/arm/4.7.3/bin/../lib/gcc/arm-none-eabi/4.7.3/../../../../arm-none-eabi/lib/armv6-m\libc_s.a(lib_a-reallocr.o)
 .ARM.attributes
                0x00000c39       0x2c c:/program files (x86)/cypress/psoc creator/3.0/psoc creator/import/gnu_cs/arm/4.7.3/bin/../lib/gcc/arm-none-eabi/4.7.3/../../../../arm-none-eabi/lib/armv6-m\libc_s.a(lib_a-s_fpclassify.o)
 .ARM.attributes
                0x00000c65       0x2c c:/program files (x86)/cypress/psoc creator/3.0/psoc creator/import/gnu_cs/arm/4.7.3/bin/../lib/gcc/arm-none-eabi/4.7.3/../../../../arm-none-eabi/lib/armv6-m\libc_s.a(lib_a-sbrkr.o)
 .ARM.attributes
                0x00000c91       0x2c c:/program files (x86)/cypress/psoc creator/3.0/psoc creator/import/gnu_cs/arm/4.7.3/bin/../lib/gcc/arm-none-eabi/4.7.3/../../../../arm-none-eabi/lib/armv6-m\libc_s.a(lib_a-strcmp.o)
 .ARM.attributes
                0x00000cbd       0x2c c:/program files (x86)/cypress/psoc creator/3.0/psoc creator/import/gnu_cs/arm/4.7.3/bin/../lib/gcc/arm-none-eabi/4.7.3/../../../../arm-none-eabi/lib/armv6-m\libc_s.a(lib_a-strlen.o)
 .ARM.attributes
                0x00000ce9       0x2c c:/program files (x86)/cypress/psoc creator/3.0/psoc creator/import/gnu_cs/arm/4.7.3/bin/../lib/gcc/arm-none-eabi/4.7.3/../../../../arm-none-eabi/lib/armv6-m\libc_s.a(lib_a-callocr.o)
 .ARM.attributes
                0x00000d15       0x2c c:/program files (x86)/cypress/psoc creator/3.0/psoc creator/import/gnu_cs/arm/4.7.3/bin/../lib/gcc/arm-none-eabi/4.7.3/../../../../arm-none-eabi/lib/armv6-m\libc_s.a(lib_a-msizer.o)
 .ARM.attributes
                0x00000d41       0x2c c:/program files (x86)/cypress/psoc creator/3.0/psoc creator/import/gnu_cs/arm/4.7.3/bin/../lib/gcc/arm-none-eabi/4.7.3/../../../../arm-none-eabi/lib/armv6-m\libc_s.a(lib_a-reent.o)
 .ARM.attributes
                0x00000d6d       0x1e c:/program files (x86)/cypress/psoc creator/3.0/psoc creator/import/gnu_cs/arm/4.7.3/bin/../lib/gcc/arm-none-eabi/4.7.3/armv6-m\libgcc.a(_thumb1_case_uqi.o)
 .ARM.attributes
                0x00000d8b       0x2c c:/program files (x86)/cypress/psoc creator/3.0/psoc creator/import/gnu_cs/arm/4.7.3/bin/../lib/gcc/arm-none-eabi/4.7.3/armv6-m\libgcc.a(adddf3.o)
 .ARM.attributes
                0x00000db7       0x2c c:/program files (x86)/cypress/psoc creator/3.0/psoc creator/import/gnu_cs/arm/4.7.3/bin/../lib/gcc/arm-none-eabi/4.7.3/armv6-m\libgcc.a(fixdfsi.o)
 .ARM.attributes
                0x00000de3       0x2c c:/program files (x86)/cypress/psoc creator/3.0/psoc creator/import/gnu_cs/arm/4.7.3/bin/../lib/gcc/arm-none-eabi/4.7.3/armv6-m\libgcc.a(floatsidf.o)
 .ARM.attributes
                0x00000e0f       0x2c c:/program files (x86)/cypress/psoc creator/3.0/psoc creator/import/gnu_cs/arm/4.7.3/bin/../lib/gcc/arm-none-eabi/4.7.3/armv6-m/crtend.o
 .ARM.attributes
                0x00000e3b       0x1e c:/program files (x86)/cypress/psoc creator/3.0/psoc creator/import/gnu_cs/arm/4.7.3/bin/../lib/gcc/arm-none-eabi/4.7.3/armv6-m/crtn.o
 .ARM.attributes