Archive member included because of file (symbol)

.\CortexM0\ARM_GCC_473\Debug\SPI_slave.a(cyfitter_cfg.o)
                              .\CortexM0\ARM_GCC_473\Debug\Cm0Start.o (cyfitter_cfg)
.\CortexM0\ARM_GCC_473\Debug\SPI_slave.a(CyBootAsmGnu.o)
                              .\CortexM0\ARM_GCC_473\Debug\SPI_slave.a(cyfitter_cfg.o) (CyDelayCycles)
.\CortexM0\ARM_GCC_473\Debug\SPI_slave.a(CyLib.o)
                              .\CortexM0\ARM_GCC_473\Debug\SPI_slave.a(cyfitter_cfg.o) (CyDelayUs)
.\CortexM0\ARM_GCC_473\Debug\SPI_slave.a(SPIS_1.o)
                              .\CortexM0\ARM_GCC_473\Debug\main.o (SPIS_1_Start)
.\CortexM0\ARM_GCC_473\Debug\SPI_slave.a(SPIS_1_SPI_UART.o)
                              .\CortexM0\ARM_GCC_473\Debug\main.o (SPIS_1_SpiUartReadRxData)
.\CortexM0\ARM_GCC_473\Debug\SPI_slave.a(SPIS_1_SPI.o)
                              .\CortexM0\ARM_GCC_473\Debug\SPI_slave.a(SPIS_1.o) (SPIS_1_SpiInit)
.\CortexM0\ARM_GCC_473\Debug\SPI_slave.a(SPIS_1_SPI_UART_INT.o)
                              .\CortexM0\ARM_GCC_473\Debug\SPI_slave.a(SPIS_1_SPI.o) (SPIS_1_SPI_UART_ISR)
.\CortexM0\ARM_GCC_473\Debug\SPI_slave.a(RED_LED.o)
                              .\CortexM0\ARM_GCC_473\Debug\main.o (RED_LED_Write)
.\CortexM0\ARM_GCC_473\Debug\SPI_slave.a(GREEN_LED.o)
                              .\CortexM0\ARM_GCC_473\Debug\main.o (GREEN_LED_Write)
c:/program files/cypress/psoc creator/3.0/psoc creator/import/gnu_cs/arm/4.7.3/bin/../lib/gcc/arm-none-eabi/4.7.3/armv6-m\libgcc.a(_udivsi3.o)
                              .\CortexM0\ARM_GCC_473\Debug\SPI_slave.a(CyLib.o) (__aeabi_uidiv)
c:/program files/cypress/psoc creator/3.0/psoc creator/import/gnu_cs/arm/4.7.3/bin/../lib/gcc/arm-none-eabi/4.7.3/armv6-m\libgcc.a(_divsi3.o)
                              .\CortexM0\ARM_GCC_473\Debug\Cm0Start.o (__aeabi_idiv)
c:/program files/cypress/psoc creator/3.0/psoc creator/import/gnu_cs/arm/4.7.3/bin/../lib/gcc/arm-none-eabi/4.7.3/armv6-m\libgcc.a(_dvmd_tls.o)
                              c:/program files/cypress/psoc creator/3.0/psoc creator/import/gnu_cs/arm/4.7.3/bin/../lib/gcc/arm-none-eabi/4.7.3/armv6-m\libgcc.a(_udivsi3.o) (__aeabi_idiv0)
c:/program files/cypress/psoc creator/3.0/psoc creator/import/gnu_cs/arm/4.7.3/bin/../lib/gcc/arm-none-eabi/4.7.3/../../../../arm-none-eabi/lib/armv6-m\libc_s.a(lib_a-__atexit2.o)
                              c:/program files/cypress/psoc creator/3.0/psoc creator/import/gnu_cs/arm/4.7.3/bin/../lib/gcc/arm-none-eabi/4.7.3/../../../../arm-none-eabi/lib/armv6-m/crt0.o (__register_exitproc)
c:/program files/cypress/psoc creator/3.0/psoc creator/import/gnu_cs/arm/4.7.3/bin/../lib/gcc/arm-none-eabi/4.7.3/../../../../arm-none-eabi/lib/armv6-m\libc_s.a(lib_a-exit.o)
                              c:/program files/cypress/psoc creator/3.0/psoc creator/import/gnu_cs/arm/4.7.3/bin/../lib/gcc/arm-none-eabi/4.7.3/../../../../arm-none-eabi/lib/armv6-m/crt0.o (exit)
c:/program files/cypress/psoc creator/3.0/psoc creator/import/gnu_cs/arm/4.7.3/bin/../lib/gcc/arm-none-eabi/4.7.3/../../../../arm-none-eabi/lib/armv6-m\libc_s.a(lib_a-fini.o)
                              c:/program files/cypress/psoc creator/3.0/psoc creator/import/gnu_cs/arm/4.7.3/bin/../lib/gcc/arm-none-eabi/4.7.3/../../../../arm-none-eabi/lib/armv6-m/crt0.o (__libc_fini_array)
c:/program files/cypress/psoc creator/3.0/psoc creator/import/gnu_cs/arm/4.7.3/bin/../lib/gcc/arm-none-eabi/4.7.3/../../../../arm-none-eabi/lib/armv6-m\libc_s.a(lib_a-impure.o)
                              c:/program files/cypress/psoc creator/3.0/psoc creator/import/gnu_cs/arm/4.7.3/bin/../lib/gcc/arm-none-eabi/4.7.3/../../../../arm-none-eabi/lib/armv6-m\libc_s.a(lib_a-exit.o) (_global_impure_ptr)
c:/program files/cypress/psoc creator/3.0/psoc creator/import/gnu_cs/arm/4.7.3/bin/../lib/gcc/arm-none-eabi/4.7.3/../../../../arm-none-eabi/lib/armv6-m\libc_s.a(lib_a-init.o)
                              c:/program files/cypress/psoc creator/3.0/psoc creator/import/gnu_cs/arm/4.7.3/bin/../lib/gcc/arm-none-eabi/4.7.3/../../../../arm-none-eabi/lib/armv6-m/crt0.o (__libc_init_array)
c:/program files/cypress/psoc creator/3.0/psoc creator/import/gnu_cs/arm/4.7.3/bin/../lib/gcc/arm-none-eabi/4.7.3/../../../../arm-none-eabi/lib/armv6-m\libc_s.a(lib_a-memcpy.o)
                              .\CortexM0\ARM_GCC_473\Debug\SPI_slave.a(cyfitter_cfg.o) (memcpy)
c:/program files/cypress/psoc creator/3.0/psoc creator/import/gnu_cs/arm/4.7.3/bin/../lib/gcc/arm-none-eabi/4.7.3/../../../../arm-none-eabi/lib/armv6-m\libc_s.a(lib_a-memset.o)
                              c:/program files/cypress/psoc creator/3.0/psoc creator/import/gnu_cs/arm/4.7.3/bin/../lib/gcc/arm-none-eabi/4.7.3/../../../../arm-none-eabi/lib/armv6-m/crt0.o (memset)

Discarded input sections

 .text          0x00000000        0x0 c:/program files/cypress/psoc creator/3.0/psoc creator/import/gnu_cs/arm/4.7.3/bin/../lib/gcc/arm-none-eabi/4.7.3/armv6-m/crti.o
 .data          0x00000000        0x0 c:/program files/cypress/psoc creator/3.0/psoc creator/import/gnu_cs/arm/4.7.3/bin/../lib/gcc/arm-none-eabi/4.7.3/armv6-m/crti.o
 .bss           0x00000000        0x0 c:/program files/cypress/psoc creator/3.0/psoc creator/import/gnu_cs/arm/4.7.3/bin/../lib/gcc/arm-none-eabi/4.7.3/armv6-m/crti.o
 .data          0x00000000        0x4 c:/program files/cypress/psoc creator/3.0/psoc creator/import/gnu_cs/arm/4.7.3/bin/../lib/gcc/arm-none-eabi/4.7.3/armv6-m/crtbegin.o
 .text          0x00000000       0x74 c:/program files/cypress/psoc creator/3.0/psoc creator/import/gnu_cs/arm/4.7.3/bin/../lib/gcc/arm-none-eabi/4.7.3/../../../../arm-none-eabi/lib/armv6-m/crt0.o
 .data          0x00000000        0x0 c:/program files/cypress/psoc creator/3.0/psoc creator/import/gnu_cs/arm/4.7.3/bin/../lib/gcc/arm-none-eabi/4.7.3/../../../../arm-none-eabi/lib/armv6-m/crt0.o
 .bss           0x00000000        0x0 c:/program files/cypress/psoc creator/3.0/psoc creator/import/gnu_cs/arm/4.7.3/bin/../lib/gcc/arm-none-eabi/4.7.3/../../../../arm-none-eabi/lib/armv6-m/crt0.o
 .ARM.extab     0x00000000        0x0 c:/program files/cypress/psoc creator/3.0/psoc creator/import/gnu_cs/arm/4.7.3/bin/../lib/gcc/arm-none-eabi/4.7.3/../../../../arm-none-eabi/lib/armv6-m/crt0.o
 .ARM.exidx     0x00000000        0x8 c:/program files/cypress/psoc creator/3.0/psoc creator/import/gnu_cs/arm/4.7.3/bin/../lib/gcc/arm-none-eabi/4.7.3/../../../../arm-none-eabi/lib/armv6-m/crt0.o
 .text          0x00000000        0x0 .\CortexM0\ARM_GCC_473\Debug\main.o
 .data          0x00000000        0x0 .\CortexM0\ARM_GCC_473\Debug\main.o
 .bss           0x00000000        0x0 .\CortexM0\ARM_GCC_473\Debug\main.o
 .text          0x00000000        0x0 .\CortexM0\ARM_GCC_473\Debug\cymetadata.o
 .data          0x00000000        0x0 .\CortexM0\ARM_GCC_473\Debug\cymetadata.o
 .bss           0x00000000        0x0 .\CortexM0\ARM_GCC_473\Debug\cymetadata.o
 .text          0x00000000        0x0 .\CortexM0\ARM_GCC_473\Debug\Cm0Start.o
 .data          0x00000000        0x0 .\CortexM0\ARM_GCC_473\Debug\Cm0Start.o
 .bss           0x00000000        0x0 .\CortexM0\ARM_GCC_473\Debug\Cm0Start.o
 .text._exit    0x00000000       0x28 .\CortexM0\ARM_GCC_473\Debug\Cm0Start.o
 .text          0x00000000        0x0 .\CortexM0\ARM_GCC_473\Debug\SPI_slave.a(cyfitter_cfg.o)
 .bss           0x00000000        0x0 .\CortexM0\ARM_GCC_473\Debug\SPI_slave.a(cyfitter_cfg.o)
 .text.CYCONFIGCPY
                0x00000000       0x24 .\CortexM0\ARM_GCC_473\Debug\SPI_slave.a(cyfitter_cfg.o)
 .text.CYCONFIGCPYCODE
                0x00000000       0x24 .\CortexM0\ARM_GCC_473\Debug\SPI_slave.a(cyfitter_cfg.o)
 .data          0x00000000        0x0 .\CortexM0\ARM_GCC_473\Debug\SPI_slave.a(CyBootAsmGnu.o)
 .bss           0x00000000        0x0 .\CortexM0\ARM_GCC_473\Debug\SPI_slave.a(CyBootAsmGnu.o)
 .text          0x00000000        0x0 .\CortexM0\ARM_GCC_473\Debug\SPI_slave.a(CyLib.o)
 .bss           0x00000000        0x0 .\CortexM0\ARM_GCC_473\Debug\SPI_slave.a(CyLib.o)
 .text.CySysClkImoStart
                0x00000000       0x1c .\CortexM0\ARM_GCC_473\Debug\SPI_slave.a(CyLib.o)
 .text.CySysClkImoStop
                0x00000000       0x18 .\CortexM0\ARM_GCC_473\Debug\SPI_slave.a(CyLib.o)
 .text.CySysClkIloStart
                0x00000000       0x1c .\CortexM0\ARM_GCC_473\Debug\SPI_slave.a(CyLib.o)
 .text.CySysClkIloStop
                0x00000000       0x18 .\CortexM0\ARM_GCC_473\Debug\SPI_slave.a(CyLib.o)
 .text.CySysClkWriteHfclkDirect
                0x00000000       0x44 .\CortexM0\ARM_GCC_473\Debug\SPI_slave.a(CyLib.o)
 .text.CySysClkWriteSysclkDiv
                0x00000000       0x44 .\CortexM0\ARM_GCC_473\Debug\SPI_slave.a(CyLib.o)
 .text.CySysClkWriteImoFreq
                0x00000000      0x200 .\CortexM0\ARM_GCC_473\Debug\SPI_slave.a(CyLib.o)
 .text.CySysWdtLock
                0x00000000       0x44 .\CortexM0\ARM_GCC_473\Debug\SPI_slave.a(CyLib.o)
 .text.CySysWdtUnlock
                0x00000000       0x5c .\CortexM0\ARM_GCC_473\Debug\SPI_slave.a(CyLib.o)
 .text.CySysWdtReadEnabledStatus
                0x00000000       0x30 .\CortexM0\ARM_GCC_473\Debug\SPI_slave.a(CyLib.o)
 .text.CySysWdtWriteMode
                0x00000000       0x70 .\CortexM0\ARM_GCC_473\Debug\SPI_slave.a(CyLib.o)
 .text.CySysWdtReadMode
                0x00000000       0x24 .\CortexM0\ARM_GCC_473\Debug\SPI_slave.a(CyLib.o)
 .text.CySysWdtWriteClearOnMatch
                0x00000000       0x68 .\CortexM0\ARM_GCC_473\Debug\SPI_slave.a(CyLib.o)
 .text.CySysWdtReadClearOnMatch
                0x00000000       0x40 .\CortexM0\ARM_GCC_473\Debug\SPI_slave.a(CyLib.o)
 .text.CySysWdtEnable
                0x00000000       0x30 .\CortexM0\ARM_GCC_473\Debug\SPI_slave.a(CyLib.o)
 .text.CySysWdtDisable
                0x00000000       0x30 .\CortexM0\ARM_GCC_473\Debug\SPI_slave.a(CyLib.o)
 .text.CySysWdtWriteCascade
                0x00000000       0x68 .\CortexM0\ARM_GCC_473\Debug\SPI_slave.a(CyLib.o)
 .text.CySysWdtReadCascade
                0x00000000       0x1c .\CortexM0\ARM_GCC_473\Debug\SPI_slave.a(CyLib.o)
 .text.CySysWdtWriteMatch
                0x00000000       0x74 .\CortexM0\ARM_GCC_473\Debug\SPI_slave.a(CyLib.o)
 .text.CySysWdtWriteToggleBit
                0x00000000       0x54 .\CortexM0\ARM_GCC_473\Debug\SPI_slave.a(CyLib.o)
 .text.CySysWdtReadToggleBit
                0x00000000       0x18 .\CortexM0\ARM_GCC_473\Debug\SPI_slave.a(CyLib.o)
 .text.CySysWdtReadMatch
                0x00000000       0x44 .\CortexM0\ARM_GCC_473\Debug\SPI_slave.a(CyLib.o)
 .text.CySysWdtReadCount
                0x00000000       0x54 .\CortexM0\ARM_GCC_473\Debug\SPI_slave.a(CyLib.o)
 .text.CySysWdtGetInterruptSource
                0x00000000       0x1c .\CortexM0\ARM_GCC_473\Debug\SPI_slave.a(CyLib.o)
 .text.CySysWdtClearInterrupt
                0x00000000       0xb8 .\CortexM0\ARM_GCC_473\Debug\SPI_slave.a(CyLib.o)
 .text.CySysWdtResetCounters
                0x00000000       0x38 .\CortexM0\ARM_GCC_473\Debug\SPI_slave.a(CyLib.o)
 .text.CySysLvdEnable
                0x00000000       0x48 .\CortexM0\ARM_GCC_473\Debug\SPI_slave.a(CyLib.o)
 .text.CySysLvdDisable
                0x00000000       0x28 .\CortexM0\ARM_GCC_473\Debug\SPI_slave.a(CyLib.o)
 .text.CySysLvdGetInterruptSource
                0x00000000       0x18 .\CortexM0\ARM_GCC_473\Debug\SPI_slave.a(CyLib.o)
 .text.CySysLvdClearInterrupt
                0x00000000       0x14 .\CortexM0\ARM_GCC_473\Debug\SPI_slave.a(CyLib.o)
 .text.CySysGetResetReason
                0x00000000       0x30 .\CortexM0\ARM_GCC_473\Debug\SPI_slave.a(CyLib.o)
 .text.CyDisableInts
                0x00000000       0x24 .\CortexM0\ARM_GCC_473\Debug\SPI_slave.a(CyLib.o)
 .text.CyEnableInts
                0x00000000       0x18 .\CortexM0\ARM_GCC_473\Debug\SPI_slave.a(CyLib.o)
 .text.CyIntSetSysVector
                0x00000000       0x48 .\CortexM0\ARM_GCC_473\Debug\SPI_slave.a(CyLib.o)
 .text.CyIntGetSysVector
                0x00000000       0x34 .\CortexM0\ARM_GCC_473\Debug\SPI_slave.a(CyLib.o)
 .text.CyIntGetVector
                0x00000000       0x38 .\CortexM0\ARM_GCC_473\Debug\SPI_slave.a(CyLib.o)
 .text.CyIntGetPriority
                0x00000000       0x58 .\CortexM0\ARM_GCC_473\Debug\SPI_slave.a(CyLib.o)
 .text.CyIntGetState
                0x00000000       0x34 .\CortexM0\ARM_GCC_473\Debug\SPI_slave.a(CyLib.o)
 .text.CyIntSetPending
                0x00000000       0x2c .\CortexM0\ARM_GCC_473\Debug\SPI_slave.a(CyLib.o)
 .text.CyIntClearPending
                0x00000000       0x2c .\CortexM0\ARM_GCC_473\Debug\SPI_slave.a(CyLib.o)
 .text.CySoftwareReset
                0x00000000       0x20 .\CortexM0\ARM_GCC_473\Debug\SPI_slave.a(CyLib.o)
 .text.CyDelay  0x00000000       0x48 .\CortexM0\ARM_GCC_473\Debug\SPI_slave.a(CyLib.o)
 .text.CyDelayFreq
                0x00000000       0x80 .\CortexM0\ARM_GCC_473\Debug\SPI_slave.a(CyLib.o)
 .rodata        0x00000000       0x30 .\CortexM0\ARM_GCC_473\Debug\SPI_slave.a(CyLib.o)
 .text          0x00000000        0x0 .\CortexM0\ARM_GCC_473\Debug\SPI_slave.a(SPIS_1.o)
 .data          0x00000000        0x0 .\CortexM0\ARM_GCC_473\Debug\SPI_slave.a(SPIS_1.o)
 .text.SPIS_1_Stop
                0x00000000       0x28 .\CortexM0\ARM_GCC_473\Debug\SPI_slave.a(SPIS_1.o)
 .text.SPIS_1_ScbModeStop
                0x00000000        0x8 .\CortexM0\ARM_GCC_473\Debug\SPI_slave.a(SPIS_1.o)
 .text          0x00000000        0x0 .\CortexM0\ARM_GCC_473\Debug\SPI_slave.a(SPIS_1_SPI_UART.o)
 .data          0x00000000        0x0 .\CortexM0\ARM_GCC_473\Debug\SPI_slave.a(SPIS_1_SPI_UART.o)
 .bss           0x00000000        0x0 .\CortexM0\ARM_GCC_473\Debug\SPI_slave.a(SPIS_1_SPI_UART.o)
 .text.SPIS_1_SpiUartGetRxBufferSize
                0x00000000       0x20 .\CortexM0\ARM_GCC_473\Debug\SPI_slave.a(SPIS_1_SPI_UART.o)
 .text.SPIS_1_SpiUartClearRxBuffer
                0x00000000       0x2c .\CortexM0\ARM_GCC_473\Debug\SPI_slave.a(SPIS_1_SPI_UART.o)
 .text.SPIS_1_SpiUartPutArray
                0x00000000       0x34 .\CortexM0\ARM_GCC_473\Debug\SPI_slave.a(SPIS_1_SPI_UART.o)
 .text.SPIS_1_SpiUartGetTxBufferSize
                0x00000000       0x20 .\CortexM0\ARM_GCC_473\Debug\SPI_slave.a(SPIS_1_SPI_UART.o)
 .text.SPIS_1_SpiUartDisableIntRx
                0x00000000       0x20 .\CortexM0\ARM_GCC_473\Debug\SPI_slave.a(SPIS_1_SPI_UART.o)
 .text.SPIS_1_SpiUartDisableIntTx
                0x00000000       0x20 .\CortexM0\ARM_GCC_473\Debug\SPI_slave.a(SPIS_1_SPI_UART.o)
 .text          0x00000000        0x0 .\CortexM0\ARM_GCC_473\Debug\SPI_slave.a(SPIS_1_SPI.o)
 .data          0x00000000        0x0 .\CortexM0\ARM_GCC_473\Debug\SPI_slave.a(SPIS_1_SPI.o)
 .bss           0x00000000        0x0 .\CortexM0\ARM_GCC_473\Debug\SPI_slave.a(SPIS_1_SPI.o)
 .text.SPIS_1_SpiSetActiveSlaveSelect
                0x00000000       0x3c .\CortexM0\ARM_GCC_473\Debug\SPI_slave.a(SPIS_1_SPI.o)
 .text          0x00000000        0x0 .\CortexM0\ARM_GCC_473\Debug\SPI_slave.a(SPIS_1_SPI_UART_INT.o)
 .data          0x00000000        0x0 .\CortexM0\ARM_GCC_473\Debug\SPI_slave.a(SPIS_1_SPI_UART_INT.o)
 .bss           0x00000000        0x0 .\CortexM0\ARM_GCC_473\Debug\SPI_slave.a(SPIS_1_SPI_UART_INT.o)
 .text          0x00000000        0x0 .\CortexM0\ARM_GCC_473\Debug\SPI_slave.a(RED_LED.o)
 .data          0x00000000        0x0 .\CortexM0\ARM_GCC_473\Debug\SPI_slave.a(RED_LED.o)
 .bss           0x00000000        0x0 .\CortexM0\ARM_GCC_473\Debug\SPI_slave.a(RED_LED.o)
 .text.RED_LED_SetDriveMode
                0x00000000       0x30 .\CortexM0\ARM_GCC_473\Debug\SPI_slave.a(RED_LED.o)
 .text.RED_LED_Read
                0x00000000       0x1c .\CortexM0\ARM_GCC_473\Debug\SPI_slave.a(RED_LED.o)
 .text.RED_LED_ReadDataReg
                0x00000000       0x1c .\CortexM0\ARM_GCC_473\Debug\SPI_slave.a(RED_LED.o)
 .text.RED_LED_ClearInterrupt
                0x00000000       0x30 .\CortexM0\ARM_GCC_473\Debug\SPI_slave.a(RED_LED.o)
 .text          0x00000000        0x0 .\CortexM0\ARM_GCC_473\Debug\SPI_slave.a(GREEN_LED.o)
 .data          0x00000000        0x0 .\CortexM0\ARM_GCC_473\Debug\SPI_slave.a(GREEN_LED.o)
 .bss           0x00000000        0x0 .\CortexM0\ARM_GCC_473\Debug\SPI_slave.a(GREEN_LED.o)
 .text.GREEN_LED_SetDriveMode
                0x00000000       0x30 .\CortexM0\ARM_GCC_473\Debug\SPI_slave.a(GREEN_LED.o)
 .text.GREEN_LED_Read
                0x00000000       0x1c .\CortexM0\ARM_GCC_473\Debug\SPI_slave.a(GREEN_LED.o)
 .text.GREEN_LED_ReadDataReg
                0x00000000       0x1c .\CortexM0\ARM_GCC_473\Debug\SPI_slave.a(GREEN_LED.o)
 .text.GREEN_LED_ClearInterrupt
                0x00000000       0x30 .\CortexM0\ARM_GCC_473\Debug\SPI_slave.a(GREEN_LED.o)
 .text          0x00000000       0x9c c:/program files/cypress/psoc creator/3.0/psoc creator/import/gnu_cs/arm/4.7.3/bin/../lib/gcc/arm-none-eabi/4.7.3/armv6-m\libgcc.a(_udivsi3.o)
 .data          0x00000000        0x0 c:/program files/cypress/psoc creator/3.0/psoc creator/import/gnu_cs/arm/4.7.3/bin/../lib/gcc/arm-none-eabi/4.7.3/armv6-m\libgcc.a(_udivsi3.o)
 .bss           0x00000000        0x0 c:/program files/cypress/psoc creator/3.0/psoc creator/import/gnu_cs/arm/4.7.3/bin/../lib/gcc/arm-none-eabi/4.7.3/armv6-m\libgcc.a(_udivsi3.o)
 .text          0x00000000       0xc0 c:/program files/cypress/psoc creator/3.0/psoc creator/import/gnu_cs/arm/4.7.3/bin/../lib/gcc/arm-none-eabi/4.7.3/armv6-m\libgcc.a(_divsi3.o)
 .data          0x00000000        0x0 c:/program files/cypress/psoc creator/3.0/psoc creator/import/gnu_cs/arm/4.7.3/bin/../lib/gcc/arm-none-eabi/4.7.3/armv6-m\libgcc.a(_divsi3.o)
 .bss           0x00000000        0x0 c:/program files/cypress/psoc creator/3.0/psoc creator/import/gnu_cs/arm/4.7.3/bin/../lib/gcc/arm-none-eabi/4.7.3/armv6-m\libgcc.a(_divsi3.o)
 .text          0x00000000        0x4 c:/program files/cypress/psoc creator/3.0/psoc creator/import/gnu_cs/arm/4.7.3/bin/../lib/gcc/arm-none-eabi/4.7.3/armv6-m\libgcc.a(_dvmd_tls.o)
 .data          0x00000000        0x0 c:/program files/cypress/psoc creator/3.0/psoc creator/import/gnu_cs/arm/4.7.3/bin/../lib/gcc/arm-none-eabi/4.7.3/armv6-m\libgcc.a(_dvmd_tls.o)
 .bss           0x00000000        0x0 c:/program files/cypress/psoc creator/3.0/psoc creator/import/gnu_cs/arm/4.7.3/bin/../lib/gcc/arm-none-eabi/4.7.3/armv6-m\libgcc.a(_dvmd_tls.o)
 .text          0x00000000        0x0 c:/program files/cypress/psoc creator/3.0/psoc creator/import/gnu_cs/arm/4.7.3/bin/../lib/gcc/arm-none-eabi/4.7.3/../../../../arm-none-eabi/lib/armv6-m\libc_s.a(lib_a-__atexit2.o)
 .data          0x00000000        0x0 c:/program files/cypress/psoc creator/3.0/psoc creator/import/gnu_cs/arm/4.7.3/bin/../lib/gcc/arm-none-eabi/4.7.3/../../../../arm-none-eabi/lib/armv6-m\libc_s.a(lib_a-__atexit2.o)
 .bss           0x00000000        0x0 c:/program files/cypress/psoc creator/3.0/psoc creator/import/gnu_cs/arm/4.7.3/bin/../lib/gcc/arm-none-eabi/4.7.3/../../../../arm-none-eabi/lib/armv6-m\libc_s.a(lib_a-__atexit2.o)
 .text.__register_exitproc
                0x00000000       0x18 c:/program files/cypress/psoc creator/3.0/psoc creator/import/gnu_cs/arm/4.7.3/bin/../lib/gcc/arm-none-eabi/4.7.3/../../../../arm-none-eabi/lib/armv6-m\libc_s.a(lib_a-__atexit2.o)
 .text          0x00000000        0x0 c:/program files/cypress/psoc creator/3.0/psoc creator/import/gnu_cs/arm/4.7.3/bin/../lib/gcc/arm-none-eabi/4.7.3/../../../../arm-none-eabi/lib/armv6-m\libc_s.a(lib_a-exit.o)
 .data          0x00000000        0x0 c:/program files/cypress/psoc creator/3.0/psoc creator/import/gnu_cs/arm/4.7.3/bin/../lib/gcc/arm-none-eabi/4.7.3/../../../../arm-none-eabi/lib/armv6-m\libc_s.a(lib_a-exit.o)
 .bss           0x00000000        0x0 c:/program files/cypress/psoc creator/3.0/psoc creator/import/gnu_cs/arm/4.7.3/bin/../lib/gcc/arm-none-eabi/4.7.3/../../../../arm-none-eabi/lib/armv6-m\libc_s.a(lib_a-exit.o)
 .text.exit     0x00000000       0x30 c:/program files/cypress/psoc creator/3.0/psoc creator/import/gnu_cs/arm/4.7.3/bin/../lib/gcc/arm-none-eabi/4.7.3/../../../../arm-none-eabi/lib/armv6-m\libc_s.a(lib_a-exit.o)
 .text          0x00000000        0x0 c:/program files/cypress/psoc creator/3.0/psoc creator/import/gnu_cs/arm/4.7.3/bin/../lib/gcc/arm-none-eabi/4.7.3/../../../../arm-none-eabi/lib/armv6-m\libc_s.a(lib_a-fini.o)
 .data          0x00000000        0x0 c:/program files/cypress/psoc creator/3.0/psoc creator/import/gnu_cs/arm/4.7.3/bin/../lib/gcc/arm-none-eabi/4.7.3/../../../../arm-none-eabi/lib/armv6-m\libc_s.a(lib_a-fini.o)
 .bss           0x00000000        0x0 c:/program files/cypress/psoc creator/3.0/psoc creator/import/gnu_cs/arm/4.7.3/bin/../lib/gcc/arm-none-eabi/4.7.3/../../../../arm-none-eabi/lib/armv6-m\libc_s.a(lib_a-fini.o)
 .text.__libc_fini_array
                0x00000000       0x2c c:/program files/cypress/psoc creator/3.0/psoc creator/import/gnu_cs/arm/4.7.3/bin/../lib/gcc/arm-none-eabi/4.7.3/../../../../arm-none-eabi/lib/armv6-m\libc_s.a(lib_a-fini.o)
 .text          0x00000000        0x0 c:/program files/cypress/psoc creator/3.0/psoc creator/import/gnu_cs/arm/4.7.3/bin/../lib/gcc/arm-none-eabi/4.7.3/../../../../arm-none-eabi/lib/armv6-m\libc_s.a(lib_a-impure.o)
 .data          0x00000000        0x0 c:/program files/cypress/psoc creator/3.0/psoc creator/import/gnu_cs/arm/4.7.3/bin/../lib/gcc/arm-none-eabi/4.7.3/../../../../arm-none-eabi/lib/armv6-m\libc_s.a(lib_a-impure.o)
 .bss           0x00000000        0x0 c:/program files/cypress/psoc creator/3.0/psoc creator/import/gnu_cs/arm/4.7.3/bin/../lib/gcc/arm-none-eabi/4.7.3/../../../../arm-none-eabi/lib/armv6-m\libc_s.a(lib_a-impure.o)
 .data.impure_data
                0x00000000       0x64 c:/program files/cypress/psoc creator/3.0/psoc creator/import/gnu_cs/arm/4.7.3/bin/../lib/gcc/arm-none-eabi/4.7.3/../../../../arm-none-eabi/lib/armv6-m\libc_s.a(lib_a-impure.o)
 .data._impure_ptr
                0x00000000        0x4 c:/program files/cypress/psoc creator/3.0/psoc creator/import/gnu_cs/arm/4.7.3/bin/../lib/gcc/arm-none-eabi/4.7.3/../../../../arm-none-eabi/lib/armv6-m\libc_s.a(lib_a-impure.o)
 .rodata.str1.1
                0x00000000        0x2 c:/program files/cypress/psoc creator/3.0/psoc creator/import/gnu_cs/arm/4.7.3/bin/../lib/gcc/arm-none-eabi/4.7.3/../../../../arm-none-eabi/lib/armv6-m\libc_s.a(lib_a-impure.o)
 .rodata._global_impure_ptr
                0x00000000        0x4 c:/program files/cypress/psoc creator/3.0/psoc creator/import/gnu_cs/arm/4.7.3/bin/../lib/gcc/arm-none-eabi/4.7.3/../../../../arm-none-eabi/lib/armv6-m\libc_s.a(lib_a-impure.o)
 .text          0x00000000        0x0 c:/program files/cypress/psoc creator/3.0/psoc creator/import/gnu_cs/arm/4.7.3/bin/../lib/gcc/arm-none-eabi/4.7.3/../../../../arm-none-eabi/lib/armv6-m\libc_s.a(lib_a-init.o)
 .data          0x00000000        0x0 c:/program files/cypress/psoc creator/3.0/psoc creator/import/gnu_cs/arm/4.7.3/bin/../lib/gcc/arm-none-eabi/4.7.3/../../../../arm-none-eabi/lib/armv6-m\libc_s.a(lib_a-init.o)
 .bss           0x00000000        0x0 c:/program files/cypress/psoc creator/3.0/psoc creator/import/gnu_cs/arm/4.7.3/bin/../lib/gcc/arm-none-eabi/4.7.3/../../../../arm-none-eabi/lib/armv6-m\libc_s.a(lib_a-init.o)
 .text          0x00000000        0x0 c:/program files/cypress/psoc creator/3.0/psoc creator/import/gnu_cs/arm/4.7.3/bin/../lib/gcc/arm-none-eabi/4.7.3/../../../../arm-none-eabi/lib/armv6-m\libc_s.a(lib_a-memcpy.o)
 .data          0x00000000        0x0 c:/program files/cypress/psoc creator/3.0/psoc creator/import/gnu_cs/arm/4.7.3/bin/../lib/gcc/arm-none-eabi/4.7.3/../../../../arm-none-eabi/lib/armv6-m\libc_s.a(lib_a-memcpy.o)
 .bss           0x00000000        0x0 c:/program files/cypress/psoc creator/3.0/psoc creator/import/gnu_cs/arm/4.7.3/bin/../lib/gcc/arm-none-eabi/4.7.3/../../../../arm-none-eabi/lib/armv6-m\libc_s.a(lib_a-memcpy.o)
 .text.memcpy   0x00000000       0x12 c:/program files/cypress/psoc creator/3.0/psoc creator/import/gnu_cs/arm/4.7.3/bin/../lib/gcc/arm-none-eabi/4.7.3/../../../../arm-none-eabi/lib/armv6-m\libc_s.a(lib_a-memcpy.o)
 .text          0x00000000        0x0 c:/program files/cypress/psoc creator/3.0/psoc creator/import/gnu_cs/arm/4.7.3/bin/../lib/gcc/arm-none-eabi/4.7.3/../../../../arm-none-eabi/lib/armv6-m\libc_s.a(lib_a-memset.o)
 .data          0x00000000        0x0 c:/program files/cypress/psoc creator/3.0/psoc creator/import/gnu_cs/arm/4.7.3/bin/../lib/gcc/arm-none-eabi/4.7.3/../../../../arm-none-eabi/lib/armv6-m\libc_s.a(lib_a-memset.o)
 .bss           0x00000000        0x0 c:/program files/cypress/psoc creator/3.0/psoc creator/import/gnu_cs/arm/4.7.3/bin/../lib/gcc/arm-none-eabi/4.7.3/../../../../arm-none-eabi/lib/armv6-m\libc_s.a(lib_a-memset.o)
 .text          0x00000000        0x0 c:/program files/cypress/psoc creator/3.0/psoc creator/import/gnu_cs/arm/4.7.3/bin/../lib/gcc/arm-none-eabi/4.7.3/armv6-m/crtend.o
 .data          0x00000000        0x0 c:/program files/cypress/psoc creator/3.0/psoc creator/import/gnu_cs/arm/4.7.3/bin/../lib/gcc/arm-none-eabi/4.7.3/armv6-m/crtend.o
 .bss           0x00000000        0x0 c:/program files/cypress/psoc creator/3.0/psoc creator/import/gnu_cs/arm/4.7.3/bin/../lib/gcc/arm-none-eabi/4.7.3/armv6-m/crtend.o
 .text          0x00000000        0x0 c:/program files/cypress/psoc creator/3.0/psoc creator/import/gnu_cs/arm/4.7.3/bin/../lib/gcc/arm-none-eabi/4.7.3/armv6-m/crtn.o
 .data          0x00000000        0x0 c:/program files/cypress/psoc creator/3.0/psoc creator/import/gnu_cs/arm/4.7.3/bin/../lib/gcc/arm-none-eabi/4.7.3/armv6-m/crtn.o
 .bss           0x00000000        0x0 c:/program files/cypress/psoc creator/3.0/psoc creator/import/gnu_cs/arm/4.7.3/bin/../lib/gcc/arm-none-eabi/4.7.3/armv6-m/crtn.o

Memory Configuration

Name             Origin             Length             Attributes
rom              0x00000000         0x00008000         xr
ram              0x20000000         0x00001000         xrw
*default*        0x00000000         0xffffffff

Linker script and memory map

LOAD c:/program files/cypress/psoc creator/3.0/psoc creator/import/gnu_cs/arm/4.7.3/bin/../lib/gcc/arm-none-eabi/4.7.3/armv6-m/crti.o
LOAD c:/program files/cypress/psoc creator/3.0/psoc creator/import/gnu_cs/arm/4.7.3/bin/../lib/gcc/arm-none-eabi/4.7.3/armv6-m/crtbegin.o
LOAD c:/program files/cypress/psoc creator/3.0/psoc creator/import/gnu_cs/arm/4.7.3/bin/../lib/gcc/arm-none-eabi/4.7.3/../../../../arm-none-eabi/lib/armv6-m/crt0.o
START GROUP
LOAD .\CortexM0\ARM_GCC_473\Debug\main.o
LOAD .\CortexM0\ARM_GCC_473\Debug\cymetadata.o
LOAD .\CortexM0\ARM_GCC_473\Debug\Cm0Start.o
LOAD .\CortexM0\ARM_GCC_473\Debug\SPI_slave.a
LOAD C:\Program Files\Cypress\PSoC Creator\3.0\PSoC Creator\psoc\content\cycomponentlibrary\CyComponentLibrary.cylib\CortexM0\ARM_GCC_473\Debug\CyComponentLibrary.a
END GROUP
START GROUP
LOAD c:/program files/cypress/psoc creator/3.0/psoc creator/import/gnu_cs/arm/4.7.3/bin/../lib/gcc/arm-none-eabi/4.7.3/armv6-m\libgcc.a
LOAD c:/program files/cypress/psoc creator/3.0/psoc creator/import/gnu_cs/arm/4.7.3/bin/../lib/gcc/arm-none-eabi/4.7.3/../../../../arm-none-eabi/lib/armv6-m\libc_s.a
END GROUP
LOAD c:/program files/cypress/psoc creator/3.0/psoc creator/import/gnu_cs/arm/4.7.3/bin/../lib/gcc/arm-none-eabi/4.7.3/armv6-m/crtend.o
LOAD c:/program files/cypress/psoc creator/3.0/psoc creator/import/gnu_cs/arm/4.7.3/bin/../lib/gcc/arm-none-eabi/4.7.3/armv6-m/crtn.o
START GROUP
LOAD c:/program files/cypress/psoc creator/3.0/psoc creator/import/gnu_cs/arm/4.7.3/bin/../lib/gcc/arm-none-eabi/4.7.3/armv6-m\libgcc.a
LOAD c:/program files/cypress/psoc creator/3.0/psoc creator/import/gnu_cs/arm/4.7.3/bin/../lib/gcc/arm-none-eabi/4.7.3/../../../../arm-none-eabi/lib/armv6-m\libc.a
LOAD c:/program files/cypress/psoc creator/3.0/psoc creator/import/gnu_cs/arm/4.7.3/bin/../lib/gcc/arm-none-eabi/4.7.3/../../../../arm-none-eabi/lib/armv6-m\libnosys.a
END GROUP
                0x00000000                CY_APPL_ORIGIN = 0x0
                0x00000080                CY_FLASH_ROW_SIZE = 0x80
                0x00000001                CY_APPL_NUM = 0x1
                0x00000040                CY_METADATA_SIZE = 0x40
                0x20000108                PROVIDE (__cy_heap_start, _end)
                0x00000001                PROVIDE (__cy_region_num, ((__cy_regions_end - __cy_regions) / 0x10))
                0x20001000                PROVIDE (__cy_stack, (ORIGIN (ram) + 0x1000))
                0x20000c00                PROVIDE (__cy_heap_end, (__cy_stack - 0x400))

.cybootloader   0x00000000        0x0
 *(.cybootloader)
                0x00000000                appl1_start = CY_APPL_ORIGIN?CY_APPL_ORIGIN:ALIGN (CY_FLASH_ROW_SIZE)
                0x00003f80                appl2_start = (appl1_start + ALIGN ((((0x8000 - appl1_start) - (0x2 * CY_FLASH_ROW_SIZE)) / 0x2), CY_FLASH_ROW_SIZE))
                0x00000000                appl_start = (CY_APPL_NUM == 0x1)?appl1_start:appl2_start

.text           0x00000000      0x8f6
 CREATE_OBJECT_SYMBOLS
                0x00000000                PROVIDE (__cy_interrupt_vector, RomVectors)
 *(.romvectors)
 .romvectors    0x00000000       0x10 .\CortexM0\ARM_GCC_473\Debug\Cm0Start.o
                0x00000000                RomVectors
                0x00000001                ASSERT ((. != __cy_interrupt_vector), No interrupt vector)
                0x00000001                ASSERT (CY_APPL_ORIGIN?(SIZEOF (.cybootloader) <= CY_APPL_ORIGIN):0x1, Wrong image location)
                0x00000010                PROVIDE (__cy_reset, Reset)
 *(.text.Reset)
 .text.Reset    0x00000010        0x8 .\CortexM0\ARM_GCC_473\Debug\Cm0Start.o
                0x00000010                Reset
                0x00000001                ASSERT ((. != __cy_reset), No reset code)
 *(.psocinit)
 .psocinit      0x00000018      0x254 .\CortexM0\ARM_GCC_473\Debug\SPI_slave.a(cyfitter_cfg.o)
                0x0000015c                cyfitter_cfg
                0x0000026c                . = MAX (., 0x100)
 *(.text .text.* .gnu.linkonce.t.*)
 .text          0x0000026c       0x60 c:/program files/cypress/psoc creator/3.0/psoc creator/import/gnu_cs/arm/4.7.3/bin/../lib/gcc/arm-none-eabi/4.7.3/armv6-m/crtbegin.o
 .text.main     0x000002cc       0x28 .\CortexM0\ARM_GCC_473\Debug\main.o
                0x000002cc                main
 .text.isr_spi_rx
                0x000002f4       0x7c .\CortexM0\ARM_GCC_473\Debug\main.o
                0x000002f4                isr_spi_rx
 .text.IntDefaultHandler
                0x00000370        0x8 .\CortexM0\ARM_GCC_473\Debug\Cm0Start.o
                0x00000370                IntDefaultHandler
 .text.Start_c  0x00000378       0xa4 .\CortexM0\ARM_GCC_473\Debug\Cm0Start.o
                0x00000378                Start_c
 .text.initialize_psoc
                0x0000041c       0x64 .\CortexM0\ARM_GCC_473\Debug\Cm0Start.o
                0x0000041c                initialize_psoc
 .text.CYMEMZERO
                0x00000480       0x20 .\CortexM0\ARM_GCC_473\Debug\SPI_slave.a(cyfitter_cfg.o)
 .text.AnalogSetDefault
                0x000004a0        0x8 .\CortexM0\ARM_GCC_473\Debug\SPI_slave.a(cyfitter_cfg.o)
 .text          0x000004a8       0x20 .\CortexM0\ARM_GCC_473\Debug\SPI_slave.a(CyBootAsmGnu.o)
                0x000004a8                CyDelayCycles
                0x000004ba                CyEnterCriticalSection
                0x000004c2                CyExitCriticalSection
 .text.CyIntSetVector
                0x000004c8       0x4c .\CortexM0\ARM_GCC_473\Debug\SPI_slave.a(CyLib.o)
                0x000004c8                CyIntSetVector
 .text.CyIntSetPriority
                0x00000514       0xa8 .\CortexM0\ARM_GCC_473\Debug\SPI_slave.a(CyLib.o)
                0x00000514                CyIntSetPriority
 .text.CyIntEnable
                0x000005bc       0x2c .\CortexM0\ARM_GCC_473\Debug\SPI_slave.a(CyLib.o)
                0x000005bc                CyIntEnable
 .text.CyIntDisable
                0x000005e8       0x2c .\CortexM0\ARM_GCC_473\Debug\SPI_slave.a(CyLib.o)
                0x000005e8                CyIntDisable
 .text.CyHalt   0x00000614       0x14 .\CortexM0\ARM_GCC_473\Debug\SPI_slave.a(CyLib.o)
                0x00000614                CyHalt
 .text.CyDelayUs
                0x00000628       0x28 .\CortexM0\ARM_GCC_473\Debug\SPI_slave.a(CyLib.o)
                0x00000628                CyDelayUs
 .text.SPIS_1_Init
                0x00000650        0xc .\CortexM0\ARM_GCC_473\Debug\SPI_slave.a(SPIS_1.o)
                0x00000650                SPIS_1_Init
 .text.SPIS_1_Enable
                0x0000065c       0x20 .\CortexM0\ARM_GCC_473\Debug\SPI_slave.a(SPIS_1.o)
                0x0000065c                SPIS_1_Enable
 .text.SPIS_1_Start
                0x0000067c       0x24 .\CortexM0\ARM_GCC_473\Debug\SPI_slave.a(SPIS_1.o)
                0x0000067c                SPIS_1_Start
 .text.SPIS_1_SetCustomInterruptHandler
                0x000006a0       0x18 .\CortexM0\ARM_GCC_473\Debug\SPI_slave.a(SPIS_1.o)
                0x000006a0                SPIS_1_SetCustomInterruptHandler
 .text.SPIS_1_ScbEnableIntr
                0x000006b8       0x10 .\CortexM0\ARM_GCC_473\Debug\SPI_slave.a(SPIS_1.o)
 .text.SPIS_1_SpiUartReadRxData
                0x000006c8       0x20 .\CortexM0\ARM_GCC_473\Debug\SPI_slave.a(SPIS_1_SPI_UART.o)
                0x000006c8                SPIS_1_SpiUartReadRxData
 .text.SPIS_1_SpiUartWriteTxData
                0x000006e8       0x2c .\CortexM0\ARM_GCC_473\Debug\SPI_slave.a(SPIS_1_SPI_UART.o)
                0x000006e8                SPIS_1_SpiUartWriteTxData
 .text.SPIS_1_SpiUartClearTxBuffer
                0x00000714       0x2c .\CortexM0\ARM_GCC_473\Debug\SPI_slave.a(SPIS_1_SPI_UART.o)
                0x00000714                SPIS_1_SpiUartClearTxBuffer
 .text.SPIS_1_SpiInit
                0x00000740       0xa4 .\CortexM0\ARM_GCC_473\Debug\SPI_slave.a(SPIS_1_SPI.o)
                0x00000740                SPIS_1_SpiInit
 .text.SPIS_1_SPI_UART_ISR
                0x000007e4       0x1c .\CortexM0\ARM_GCC_473\Debug\SPI_slave.a(SPIS_1_SPI_UART_INT.o)
                0x000007e4                SPIS_1_SPI_UART_ISR
 .text.RED_LED_Write
                0x00000800       0x4c .\CortexM0\ARM_GCC_473\Debug\SPI_slave.a(RED_LED.o)
                0x00000800                RED_LED_Write
 .text.GREEN_LED_Write
                0x0000084c       0x4c .\CortexM0\ARM_GCC_473\Debug\SPI_slave.a(GREEN_LED.o)
                0x0000084c                GREEN_LED_Write
 .text.__libc_init_array
                0x00000898       0x4c c:/program files/cypress/psoc creator/3.0/psoc creator/import/gnu_cs/arm/4.7.3/bin/../lib/gcc/arm-none-eabi/4.7.3/../../../../arm-none-eabi/lib/armv6-m\libc_s.a(lib_a-init.o)
                0x00000898                __libc_init_array
 .text.memset   0x000008e4       0x12 c:/program files/cypress/psoc creator/3.0/psoc creator/import/gnu_cs/arm/4.7.3/bin/../lib/gcc/arm-none-eabi/4.7.3/../../../../arm-none-eabi/lib/armv6-m\libc_s.a(lib_a-memset.o)
                0x000008e4                memset
 *(.plt)
 *(.gnu.warning)
 *(.glue_7t)
 .glue_7t       0x00000000        0x0 linker stubs
 *(.glue_7)
 .glue_7        0x00000000        0x0 linker stubs
 *(.vfp11_veneer)
 .vfp11_veneer  0x00000000        0x0 linker stubs
 *(.bootloader)
 *(.ARM.extab* .gnu.linkonce.armextab.*)
 *(.gcc_except_table)

.v4_bx          0x000008f8        0x0
 .v4_bx         0x00000000        0x0 linker stubs

.iplt           0x000008f8        0x0
 .iplt          0x00000000        0x0 c:/program files/cypress/psoc creator/3.0/psoc creator/import/gnu_cs/arm/4.7.3/bin/../lib/gcc/arm-none-eabi/4.7.3/armv6-m/crtbegin.o

.eh_frame_hdr
 *(.eh_frame_hdr)

.eh_frame       0x000008f8        0x4
 *(.eh_frame)
 .eh_frame      0x000008f8        0x0 c:/program files/cypress/psoc creator/3.0/psoc creator/import/gnu_cs/arm/4.7.3/bin/../lib/gcc/arm-none-eabi/4.7.3/armv6-m/crtbegin.o
 .eh_frame      0x000008f8        0x4 c:/program files/cypress/psoc creator/3.0/psoc creator/import/gnu_cs/arm/4.7.3/bin/../lib/gcc/arm-none-eabi/4.7.3/armv6-m/crtend.o
                0x000008fc                PROVIDE (__exidx_start, .)

.ARM.exidx
 *(.ARM.exidx* .gnu.linkonce.armexidx.*)
                0x000008fc                __exidx_end = .

.rodata         0x000008fc       0x44
 *(.rodata .rodata.* .gnu.linkonce.r.*)
 .rodata        0x000008fc       0x10 .\CortexM0\ARM_GCC_473\Debug\SPI_slave.a(cyfitter_cfg.o)
                0x0000090c                . = ALIGN (0x4)
 *(.init)
 .init          0x0000090c        0x4 c:/program files/cypress/psoc creator/3.0/psoc creator/import/gnu_cs/arm/4.7.3/bin/../lib/gcc/arm-none-eabi/4.7.3/armv6-m/crti.o
                0x0000090c                _init
 .init          0x00000910        0x8 c:/program files/cypress/psoc creator/3.0/psoc creator/import/gnu_cs/arm/4.7.3/bin/../lib/gcc/arm-none-eabi/4.7.3/armv6-m/crtn.o
                0x00000918                . = ALIGN (0x4)
                0x00000918                __preinit_array_start = .
 *(.preinit_array)
                0x00000918                __preinit_array_end = .
                0x00000918                . = ALIGN (0x4)
                0x00000918                __init_array_start = .
 *(SORT(.init_array.*))
 *(.init_array)
 .init_array    0x00000918        0x4 c:/program files/cypress/psoc creator/3.0/psoc creator/import/gnu_cs/arm/4.7.3/bin/../lib/gcc/arm-none-eabi/4.7.3/armv6-m/crtbegin.o
 .init_array    0x0000091c        0x4 .\CortexM0\ARM_GCC_473\Debug\Cm0Start.o
                0x00000920                __init_array_end = .
                0x00000920                . = ALIGN (0x4)
 *(.fini)
 .fini          0x00000920        0x4 c:/program files/cypress/psoc creator/3.0/psoc creator/import/gnu_cs/arm/4.7.3/bin/../lib/gcc/arm-none-eabi/4.7.3/armv6-m/crti.o
                0x00000920                _fini
 .fini          0x00000924        0x8 c:/program files/cypress/psoc creator/3.0/psoc creator/import/gnu_cs/arm/4.7.3/bin/../lib/gcc/arm-none-eabi/4.7.3/armv6-m/crtn.o
                0x0000092c                . = ALIGN (0x4)
                0x0000092c                __fini_array_start = .
 *(.fini_array)
 .fini_array    0x0000092c        0x4 c:/program files/cypress/psoc creator/3.0/psoc creator/import/gnu_cs/arm/4.7.3/bin/../lib/gcc/arm-none-eabi/4.7.3/armv6-m/crtbegin.o
 *(SORT(.fini_array.*))
                0x00000930                __fini_array_end = .
                0x00000930                . = ALIGN (0x4)
 *crtbegin.o(.ctors)
 *(EXCLUDE_FILE(*crtend.o) .ctors)
 *(SORT(.ctors.*))
 *crtend.o(.ctors)
                0x00000930                . = ALIGN (0x4)
 *crtbegin.o(.dtors)
 *(EXCLUDE_FILE(*crtend.o) .dtors)
 *(SORT(.dtors.*))
 *crtend.o(.dtors)
                0x00000930                . = ALIGN (0x4)
                0x00000930                __cy_regions = .
                0x00000930        0x4 LONG 0x940 __cy_region_init_ram
                0x00000934        0x4 LONG 0x200000c8 __cy_region_start_data
                0x00000938        0x4 LONG 0x18 __cy_region_init_size_ram
                0x0000093c        0x4 LONG 0x28 __cy_region_zero_size_ram
                0x00000940                __cy_regions_end = .
                0x00000940                . = ALIGN (0x8)
                0x00000940                _etext = .

.ramvectors     0x20000000       0xc0
                0x20000000                __cy_region_start_ram = .
 *(.ramvectors)
 .ramvectors    0x20000000       0xc0 .\CortexM0\ARM_GCC_473\Debug\Cm0Start.o
                0x20000000                CyRamVectors

.noinit         0x200000c0        0x4
 *(.noinit)
 .noinit        0x200000c0        0x4 .\CortexM0\ARM_GCC_473\Debug\Cm0Start.o

.data           0x200000c8       0x18 load address 0x00000940
                0x200000c8                __cy_region_start_data = .
 *(.jcr)
 .jcr           0x200000c8        0x0 c:/program files/cypress/psoc creator/3.0/psoc creator/import/gnu_cs/arm/4.7.3/bin/../lib/gcc/arm-none-eabi/4.7.3/armv6-m/crtbegin.o
 .jcr           0x200000c8        0x4 c:/program files/cypress/psoc creator/3.0/psoc creator/import/gnu_cs/arm/4.7.3/bin/../lib/gcc/arm-none-eabi/4.7.3/armv6-m/crtend.o
 *(.got.plt)
 *(.got)
 *(.shdata)
 *(.data .data.* .gnu.linkonce.d.*)
 .data          0x200000cc        0x4 .\CortexM0\ARM_GCC_473\Debug\SPI_slave.a(cyfitter_cfg.o)
 .data          0x200000d0       0x10 .\CortexM0\ARM_GCC_473\Debug\SPI_slave.a(CyLib.o)
                0x200000d0                cydelayFreqHz
                0x200000d4                cydelayFreqKhz
                0x200000d8                cydelayFreqMhz
                0x200000dc                cydelay32kMs
                0x200000e0                . = ALIGN (0x8)
 *(.ram)
                0x200000e0                _edata = .

.igot.plt       0x200000e0        0x0 load address 0x00000958
 .igot.plt      0x00000000        0x0 c:/program files/cypress/psoc creator/3.0/psoc creator/import/gnu_cs/arm/4.7.3/bin/../lib/gcc/arm-none-eabi/4.7.3/armv6-m/crtbegin.o

.bss            0x200000e0       0x28 load address 0x00000958
                0x200000e0                PROVIDE (__bss_start__, .)
 *(.shbss)
 *(.bss .bss.* .gnu.linkonce.b.*)
 .bss           0x200000e0       0x1c c:/program files/cypress/psoc creator/3.0/psoc creator/import/gnu_cs/arm/4.7.3/bin/../lib/gcc/arm-none-eabi/4.7.3/armv6-m/crtbegin.o
 .bss           0x200000fc        0x8 .\CortexM0\ARM_GCC_473\Debug\SPI_slave.a(SPIS_1.o)
                0x200000fc                SPIS_1_initVar
                0x20000100                SPIS_1_customIntrHandler
 *(COMMON)
                0x20000108                . = ALIGN (0x8)
 *fill*         0x20000104        0x4 00
 *(.ram.b)
                0x20000108                _end = .
                0x20000108                __end = .
                0x20000108                PROVIDE (end, .)
                0x20000108                PROVIDE (__bss_end__, .)
                0x00000940                __cy_region_init_ram = LOADADDR (.data)
                0x00000018                __cy_region_init_size_ram = (_edata - ADDR (.data))
                0x00000028                __cy_region_zero_size_ram = (_end - _edata)

.heap           0x20000108      0x100 load address 0x00000958
                0x20000108                . = _end
                0x20000208                . = (. + 0x100)
 *fill*         0x20000108      0x100 00
                0x20000208                __cy_heap_limit = .

.stack          0x20000c00      0x400
                0x20000c00                __cy_stack_limit = .
                0x20001000                . = (. + 0x400)
 *fill*         0x20000c00      0x400 00
                0x00000001                ASSERT ((__cy_stack_limit >= __cy_heap_limit), region RAM overflowed with stack)

.cyloadermeta
 *(.cyloadermeta)

.cyloadablemeta
 *(.cyloadablemeta)

.cyflashprotect
                0x90400000       0x20
 *(.cyflashprotect)
 .cyflashprotect
                0x90400000       0x20 .\CortexM0\ARM_GCC_473\Debug\cymetadata.o
                0x90400000                cy_meta_flashprotect

.cymeta         0x90500000        0xc
 *(.cymeta)
 .cymeta        0x90500000        0xc .\CortexM0\ARM_GCC_473\Debug\cymetadata.o
                0x90500000                cy_metadata

.cychipprotect  0x90600000        0x4
 *(.cychipprotect)
 .cychipprotect
                0x90600000        0x4 .\CortexM0\ARM_GCC_473\Debug\cymetadata.o
                0x90600000                cy_meta_chipprotect

.rel.dyn        0x00000958        0x0 load address 0x90600004
 .rel.iplt      0x00000000        0x0 c:/program files/cypress/psoc creator/3.0/psoc creator/import/gnu_cs/arm/4.7.3/bin/../lib/gcc/arm-none-eabi/4.7.3/armv6-m/crtbegin.o

.stab
 *(.stab)

.stabstr
 *(.stabstr)

.debug
 *(.debug)

.line
 *(.line)

.debug_srcinfo
 *(.debug_srcinfo)

.debug_sfnames
 *(.debug_sfnames)

.debug_aranges  0x00000000      0x408
 *(.debug_aranges)
 .debug_aranges
                0x00000000       0x28 .\CortexM0\ARM_GCC_473\Debug\main.o
 .debug_aranges
                0x00000028       0x18 .\CortexM0\ARM_GCC_473\Debug\cymetadata.o
 .debug_aranges
                0x00000040       0x40 .\CortexM0\ARM_GCC_473\Debug\Cm0Start.o
 .debug_aranges
                0x00000080       0x50 .\CortexM0\ARM_GCC_473\Debug\SPI_slave.a(cyfitter_cfg.o)
 .debug_aranges
                0x000000d0       0x20 .\CortexM0\ARM_GCC_473\Debug\SPI_slave.a(CyBootAsmGnu.o)
 .debug_aranges
                0x000000f0      0x1a0 .\CortexM0\ARM_GCC_473\Debug\SPI_slave.a(CyLib.o)
 .debug_aranges
                0x00000290       0x50 .\CortexM0\ARM_GCC_473\Debug\SPI_slave.a(SPIS_1.o)
 .debug_aranges
                0x000002e0       0x60 .\CortexM0\ARM_GCC_473\Debug\SPI_slave.a(SPIS_1_SPI_UART.o)
 .debug_aranges
                0x00000340       0x28 .\CortexM0\ARM_GCC_473\Debug\SPI_slave.a(SPIS_1_SPI.o)
 .debug_aranges
                0x00000368       0x20 .\CortexM0\ARM_GCC_473\Debug\SPI_slave.a(SPIS_1_SPI_UART_INT.o)
 .debug_aranges
                0x00000388       0x40 .\CortexM0\ARM_GCC_473\Debug\SPI_slave.a(RED_LED.o)
 .debug_aranges
                0x000003c8       0x40 .\CortexM0\ARM_GCC_473\Debug\SPI_slave.a(GREEN_LED.o)

.debug_pubnames
 *(.debug_pubnames)

.debug_info     0x00000000     0x1be3
 *(.debug_info .gnu.linkonce.wi.*)
 .debug_info    0x00000000       0xf3 .\CortexM0\ARM_GCC_473\Debug\main.o
 .debug_info    0x000000f3      0x100 .\CortexM0\ARM_GCC_473\Debug\cymetadata.o
 .debug_info    0x000001f3      0x2c0 .\CortexM0\ARM_GCC_473\Debug\Cm0Start.o
 .debug_info    0x000004b3      0x36d .\CortexM0\ARM_GCC_473\Debug\SPI_slave.a(cyfitter_cfg.o)
 .debug_info    0x00000820       0x9c .\CortexM0\ARM_GCC_473\Debug\SPI_slave.a(CyBootAsmGnu.o)
 .debug_info    0x000008bc      0xac5 .\CortexM0\ARM_GCC_473\Debug\SPI_slave.a(CyLib.o)
 .debug_info    0x00001381      0x197 .\CortexM0\ARM_GCC_473\Debug\SPI_slave.a(SPIS_1.o)
 .debug_info    0x00001518      0x23d .\CortexM0\ARM_GCC_473\Debug\SPI_slave.a(SPIS_1_SPI_UART.o)
 .debug_info    0x00001755       0xfb .\CortexM0\ARM_GCC_473\Debug\SPI_slave.a(SPIS_1_SPI.o)
 .debug_info    0x00001850       0xc3 .\CortexM0\ARM_GCC_473\Debug\SPI_slave.a(SPIS_1_SPI_UART_INT.o)
 .debug_info    0x00001913      0x168 .\CortexM0\ARM_GCC_473\Debug\SPI_slave.a(RED_LED.o)
 .debug_info    0x00001a7b      0x168 .\CortexM0\ARM_GCC_473\Debug\SPI_slave.a(GREEN_LED.o)

.debug_abbrev   0x00000000      0xa04
 *(.debug_abbrev)
 .debug_abbrev  0x00000000       0x8e .\CortexM0\ARM_GCC_473\Debug\main.o
 .debug_abbrev  0x0000008e       0x5d .\CortexM0\ARM_GCC_473\Debug\cymetadata.o
 .debug_abbrev  0x000000eb      0x164 .\CortexM0\ARM_GCC_473\Debug\Cm0Start.o
 .debug_abbrev  0x0000024f      0x17b .\CortexM0\ARM_GCC_473\Debug\SPI_slave.a(cyfitter_cfg.o)
 .debug_abbrev  0x000003ca       0x14 .\CortexM0\ARM_GCC_473\Debug\SPI_slave.a(CyBootAsmGnu.o)
 .debug_abbrev  0x000003de      0x1a2 .\CortexM0\ARM_GCC_473\Debug\SPI_slave.a(CyLib.o)
 .debug_abbrev  0x00000580       0xdb .\CortexM0\ARM_GCC_473\Debug\SPI_slave.a(SPIS_1.o)
 .debug_abbrev  0x0000065b      0x151 .\CortexM0\ARM_GCC_473\Debug\SPI_slave.a(SPIS_1_SPI_UART.o)
 .debug_abbrev  0x000007ac       0x8e .\CortexM0\ARM_GCC_473\Debug\SPI_slave.a(SPIS_1_SPI.o)
 .debug_abbrev  0x0000083a       0x72 .\CortexM0\ARM_GCC_473\Debug\SPI_slave.a(SPIS_1_SPI_UART_INT.o)
 .debug_abbrev  0x000008ac       0xac .\CortexM0\ARM_GCC_473\Debug\SPI_slave.a(RED_LED.o)
 .debug_abbrev  0x00000958       0xac .\CortexM0\ARM_GCC_473\Debug\SPI_slave.a(GREEN_LED.o)

.debug_line     0x00000000      0xe0d
 *(.debug_line)
 .debug_line    0x00000000       0x8f .\CortexM0\ARM_GCC_473\Debug\main.o
 .debug_line    0x0000008f       0x53 .\CortexM0\ARM_GCC_473\Debug\cymetadata.o
 .debug_line    0x000000e2      0x195 .\CortexM0\ARM_GCC_473\Debug\Cm0Start.o
 .debug_line    0x00000277      0x180 .\CortexM0\ARM_GCC_473\Debug\SPI_slave.a(cyfitter_cfg.o)
 .debug_line    0x000003f7       0x68 .\CortexM0\ARM_GCC_473\Debug\SPI_slave.a(CyBootAsmGnu.o)
 .debug_line    0x0000045f      0x541 .\CortexM0\ARM_GCC_473\Debug\SPI_slave.a(CyLib.o)
 .debug_line    0x000009a0       0xdd .\CortexM0\ARM_GCC_473\Debug\SPI_slave.a(SPIS_1.o)
 .debug_line    0x00000a7d      0x127 .\CortexM0\ARM_GCC_473\Debug\SPI_slave.a(SPIS_1_SPI_UART.o)
 .debug_line    0x00000ba4       0x8a .\CortexM0\ARM_GCC_473\Debug\SPI_slave.a(SPIS_1_SPI.o)
 .debug_line    0x00000c2e       0x83 .\CortexM0\ARM_GCC_473\Debug\SPI_slave.a(SPIS_1_SPI_UART_INT.o)
 .debug_line    0x00000cb1       0xad .\CortexM0\ARM_GCC_473\Debug\SPI_slave.a(RED_LED.o)
 .debug_line    0x00000d5e       0xaf .\CortexM0\ARM_GCC_473\Debug\SPI_slave.a(GREEN_LED.o)

.debug_frame    0x00000000      0xd04
 *(.debug_frame)
 .debug_frame   0x00000000       0x4c .\CortexM0\ARM_GCC_473\Debug\main.o
 .debug_frame   0x0000004c       0xa8 .\CortexM0\ARM_GCC_473\Debug\Cm0Start.o
 .debug_frame   0x000000f4       0xe8 .\CortexM0\ARM_GCC_473\Debug\SPI_slave.a(cyfitter_cfg.o)
 .debug_frame   0x000001dc      0x628 .\CortexM0\ARM_GCC_473\Debug\SPI_slave.a(CyLib.o)
 .debug_frame   0x00000804       0xd8 .\CortexM0\ARM_GCC_473\Debug\SPI_slave.a(SPIS_1.o)
 .debug_frame   0x000008dc      0x128 .\CortexM0\ARM_GCC_473\Debug\SPI_slave.a(SPIS_1_SPI_UART.o)
 .debug_frame   0x00000a04       0x4c .\CortexM0\ARM_GCC_473\Debug\SPI_slave.a(SPIS_1_SPI.o)
 .debug_frame   0x00000a50       0x2c .\CortexM0\ARM_GCC_473\Debug\SPI_slave.a(SPIS_1_SPI_UART_INT.o)
 .debug_frame   0x00000a7c       0xa8 .\CortexM0\ARM_GCC_473\Debug\SPI_slave.a(RED_LED.o)
 .debug_frame   0x00000b24       0xa8 .\CortexM0\ARM_GCC_473\Debug\SPI_slave.a(GREEN_LED.o)
 .debug_frame   0x00000bcc       0x20 c:/program files/cypress/psoc creator/3.0/psoc creator/import/gnu_cs/arm/4.7.3/bin/../lib/gcc/arm-none-eabi/4.7.3/armv6-m\libgcc.a(_udivsi3.o)
 .debug_frame   0x00000bec       0x20 c:/program files/cypress/psoc creator/3.0/psoc creator/import/gnu_cs/arm/4.7.3/bin/../lib/gcc/arm-none-eabi/4.7.3/armv6-m\libgcc.a(_divsi3.o)
 .debug_frame   0x00000c0c       0x28 c:/program files/cypress/psoc creator/3.0/psoc creator/import/gnu_cs/arm/4.7.3/bin/../lib/gcc/arm-none-eabi/4.7.3/../../../../arm-none-eabi/lib/armv6-m\libc_s.a(lib_a-__atexit2.o)
 .debug_frame   0x00000c34       0x28 c:/program files/cypress/psoc creator/3.0/psoc creator/import/gnu_cs/arm/4.7.3/bin/../lib/gcc/arm-none-eabi/4.7.3/../../../../arm-none-eabi/lib/armv6-m\libc_s.a(lib_a-exit.o)
 .debug_frame   0x00000c5c       0x2c c:/program files/cypress/psoc creator/3.0/psoc creator/import/gnu_cs/arm/4.7.3/bin/../lib/gcc/arm-none-eabi/4.7.3/../../../../arm-none-eabi/lib/armv6-m\libc_s.a(lib_a-fini.o)
 .debug_frame   0x00000c88       0x2c c:/program files/cypress/psoc creator/3.0/psoc creator/import/gnu_cs/arm/4.7.3/bin/../lib/gcc/arm-none-eabi/4.7.3/../../../../arm-none-eabi/lib/armv6-m\libc_s.a(lib_a-init.o)
 .debug_frame   0x00000cb4       0x28 c:/program files/cypress/psoc creator/3.0/psoc creator/import/gnu_cs/arm/4.7.3/bin/../lib/gcc/arm-none-eabi/4.7.3/../../../../arm-none-eabi/lib/armv6-m\libc_s.a(lib_a-memcpy.o)
 .debug_frame   0x00000cdc       0x28 c:/program files/cypress/psoc creator/3.0/psoc creator/import/gnu_cs/arm/4.7.3/bin/../lib/gcc/arm-none-eabi/4.7.3/../../../../arm-none-eabi/lib/armv6-m\libc_s.a(lib_a-memset.o)

.debug_str      0x00000000      0xca9
 *(.debug_str)
 .debug_str     0x00000000      0x129 .\CortexM0\ARM_GCC_473\Debug\main.o
                                0x162 (size before relaxing)
 .debug_str     0x00000129       0x61 .\CortexM0\ARM_GCC_473\Debug\cymetadata.o
                                0x195 (size before relaxing)
 .debug_str     0x0000018a      0x10a .\CortexM0\ARM_GCC_473\Debug\Cm0Start.o
                                0x25e (size before relaxing)
 .debug_str     0x00000294      0x141 .\CortexM0\ARM_GCC_473\Debug\SPI_slave.a(cyfitter_cfg.o)
                                0x2a2 (size before relaxing)
 .debug_str     0x000003d5      0x4f7 .\CortexM0\ARM_GCC_473\Debug\SPI_slave.a(CyLib.o)
                                0x671 (size before relaxing)
 .debug_str     0x000008cc       0xcb .\CortexM0\ARM_GCC_473\Debug\SPI_slave.a(SPIS_1.o)
                                0x21f (size before relaxing)
 .debug_str     0x00000997      0x14b .\CortexM0\ARM_GCC_473\Debug\SPI_slave.a(SPIS_1_SPI_UART.o)
                                0x29d (size before relaxing)
 .debug_str     0x00000ae2       0x69 .\CortexM0\ARM_GCC_473\Debug\SPI_slave.a(SPIS_1_SPI.o)
                                0x1b0 (size before relaxing)
 .debug_str     0x00000b4b       0x43 .\CortexM0\ARM_GCC_473\Debug\SPI_slave.a(SPIS_1_SPI_UART_INT.o)
                                0x19d (size before relaxing)
 .debug_str     0x00000b8e       0x91 .\CortexM0\ARM_GCC_473\Debug\SPI_slave.a(RED_LED.o)
                                0x1da (size before relaxing)
 .debug_str     0x00000c1f       0x8a .\CortexM0\ARM_GCC_473\Debug\SPI_slave.a(GREEN_LED.o)
                                0x1e6 (size before relaxing)

.debug_loc      0x00000000     0x12b8
 *(.debug_loc)
 .debug_loc     0x00000000       0x64 .\CortexM0\ARM_GCC_473\Debug\main.o
 .debug_loc     0x00000064      0x100 .\CortexM0\ARM_GCC_473\Debug\Cm0Start.o
 .debug_loc     0x00000164      0x170 .\CortexM0\ARM_GCC_473\Debug\SPI_slave.a(cyfitter_cfg.o)
 .debug_loc     0x000002d4      0xa34 .\CortexM0\ARM_GCC_473\Debug\SPI_slave.a(CyLib.o)
 .debug_loc     0x00000d08      0x140 .\CortexM0\ARM_GCC_473\Debug\SPI_slave.a(SPIS_1.o)
 .debug_loc     0x00000e48      0x1e0 .\CortexM0\ARM_GCC_473\Debug\SPI_slave.a(SPIS_1_SPI_UART.o)
 .debug_loc     0x00001028       0x64 .\CortexM0\ARM_GCC_473\Debug\SPI_slave.a(SPIS_1_SPI.o)
 .debug_loc     0x0000108c       0x2c .\CortexM0\ARM_GCC_473\Debug\SPI_slave.a(SPIS_1_SPI_UART_INT.o)
 .debug_loc     0x000010b8      0x100 .\CortexM0\ARM_GCC_473\Debug\SPI_slave.a(RED_LED.o)
 .debug_loc     0x000011b8      0x100 .\CortexM0\ARM_GCC_473\Debug\SPI_slave.a(GREEN_LED.o)

.debug_macinfo
 *(.debug_macinfo)

.debug_ranges   0x00000000      0x330
 *(.debug_ranges)
 .debug_ranges  0x00000000       0x18 .\CortexM0\ARM_GCC_473\Debug\main.o
 .debug_ranges  0x00000018       0x30 .\CortexM0\ARM_GCC_473\Debug\Cm0Start.o
 .debug_ranges  0x00000048       0x40 .\CortexM0\ARM_GCC_473\Debug\SPI_slave.a(cyfitter_cfg.o)
 .debug_ranges  0x00000088      0x190 .\CortexM0\ARM_GCC_473\Debug\SPI_slave.a(CyLib.o)
 .debug_ranges  0x00000218       0x40 .\CortexM0\ARM_GCC_473\Debug\SPI_slave.a(SPIS_1.o)
 .debug_ranges  0x00000258       0x50 .\CortexM0\ARM_GCC_473\Debug\SPI_slave.a(SPIS_1_SPI_UART.o)
 .debug_ranges  0x000002a8       0x18 .\CortexM0\ARM_GCC_473\Debug\SPI_slave.a(SPIS_1_SPI.o)
 .debug_ranges  0x000002c0       0x10 .\CortexM0\ARM_GCC_473\Debug\SPI_slave.a(SPIS_1_SPI_UART_INT.o)
 .debug_ranges  0x000002d0       0x30 .\CortexM0\ARM_GCC_473\Debug\SPI_slave.a(RED_LED.o)
 .debug_ranges  0x00000300       0x30 .\CortexM0\ARM_GCC_473\Debug\SPI_slave.a(GREEN_LED.o)

.comment        0x00000000       0x70
 .comment       0x00000000       0x70 .\CortexM0\ARM_GCC_473\Debug\main.o
                                 0x71 (size before relaxing)
 .comment       0x00000000       0x71 .\CortexM0\ARM_GCC_473\Debug\cymetadata.o
 .comment       0x00000000       0x71 .\CortexM0\ARM_GCC_473\Debug\Cm0Start.o
 .comment       0x00000000       0x71 .\CortexM0\ARM_GCC_473\Debug\SPI_slave.a(cyfitter_cfg.o)
 .comment       0x00000000       0x71 .\CortexM0\ARM_GCC_473\Debug\SPI_slave.a(CyLib.o)
 .comment       0x00000000       0x71 .\CortexM0\ARM_GCC_473\Debug\SPI_slave.a(SPIS_1.o)
 .comment       0x00000000       0x71 .\CortexM0\ARM_GCC_473\Debug\SPI_slave.a(SPIS_1_SPI_UART.o)
 .comment       0x00000000       0x71 .\CortexM0\ARM_GCC_473\Debug\SPI_slave.a(SPIS_1_SPI.o)
 .comment       0x00000000       0x71 .\CortexM0\ARM_GCC_473\Debug\SPI_slave.a(SPIS_1_SPI_UART_INT.o)
 .comment       0x00000000       0x71 .\CortexM0\ARM_GCC_473\Debug\SPI_slave.a(RED_LED.o)
 .comment       0x00000000       0x71 .\CortexM0\ARM_GCC_473\Debug\SPI_slave.a(GREEN_LED.o)

.debug_weaknames
 *(.debug_weaknames)

.debug_funcnames
 *(.debug_funcnames)

.debug_typenames
 *(.debug_typenames)

.debug_varnames
 *(.debug_varnames)

.note.gnu.arm.ident
 *(.note.gnu.arm.ident)

.ARM.attributes
                0x00000000       0x28
 *(.ARM.attributes)
 .ARM.attributes
                0x00000000       0x1e c:/program files/cypress/psoc creator/3.0/psoc creator/import/gnu_cs/arm/4.7.3/bin/../lib/gcc/arm-none-eabi/4.7.3/armv6-m/crti.o
 .ARM.attributes
                0x0000001e       0x2c c:/program files/cypress/psoc creator/3.0/psoc creator/import/gnu_cs/arm/4.7.3/bin/../lib/gcc/arm-none-eabi/4.7.3/armv6-m/crtbegin.o
 .ARM.attributes
                0x0000004a       0x1c c:/program files/cypress/psoc creator/3.0/psoc creator/import/gnu_cs/arm/4.7.3/bin/../lib/gcc/arm-none-eabi/4.7.3/../../../../arm-none-eabi/lib/armv6-m/crt0.o
 .ARM.attributes
                0x00000066       0x31 .\CortexM0\ARM_GCC_473\Debug\main.o
 .ARM.attributes
                0x00000097       0x31 .\CortexM0\ARM_GCC_473\Debug\cymetadata.o
 .ARM.attributes
                0x000000c8       0x31 .\CortexM0\ARM_GCC_473\Debug\Cm0Start.o
 .ARM.attributes
                0x000000f9       0x31 .\CortexM0\ARM_GCC_473\Debug\SPI_slave.a(cyfitter_cfg.o)
 .ARM.attributes
                0x0000012a       0x21 .\CortexM0\ARM_GCC_473\Debug\SPI_slave.a(CyBootAsmGnu.o)
 .ARM.attributes
                0x0000014b       0x31 .\CortexM0\ARM_GCC_473\Debug\SPI_slave.a(CyLib.o)
 .ARM.attributes
                0x0000017c       0x31 .\CortexM0\ARM_GCC_473\Debug\SPI_slave.a(SPIS_1.o)
 .ARM.attributes
                0x000001ad       0x31 .\CortexM0\ARM_GCC_473\Debug\SPI_slave.a(SPIS_1_SPI_UART.o)
 .ARM.attributes
                0x000001de       0x31 .\CortexM0\ARM_GCC_473\Debug\SPI_slave.a(SPIS_1_SPI.o)
 .ARM.attributes
                0x0000020f       0x31 .\CortexM0\ARM_GCC_473\Debug\SPI_slave.a(SPIS_1_SPI_UART_INT.o)
 .ARM.attributes
                0x00000240       0x31 .\CortexM0\ARM_GCC_473\Debug\SPI_slave.a(RED_LED.o)
 .ARM.attributes
                0x00000271       0x31 .\CortexM0\ARM_GCC_473\Debug\SPI_slave.a(GREEN_LED.o)
 .ARM.attributes
                0x000002a2       0x1e c:/program files/cypress/psoc creator/3.0/psoc creator/import/gnu_cs/arm/4.7.3/bin/../lib/gcc/arm-none-eabi/4.7.3/armv6-m\libgcc.a(_udivsi3.o)
 .ARM.attributes
                0x000002c0       0x1e c:/program files/cypress/psoc creator/3.0/psoc creator/import/gnu_cs/arm/4.7.3/bin/../lib/gcc/arm-none-eabi/4.7.3/armv6-m\libgcc.a(_divsi3.o)
 .ARM.attributes
                0x000002de       0x1e c:/program files/cypress/psoc creator/3.0/psoc creator/import/gnu_cs/arm/4.7.3/bin/../lib/gcc/arm-none-eabi/4.7.3/armv6-m\libgcc.a(_dvmd_tls.o)
 .ARM.attributes
                0x000002fc       0x2c c:/program files/cypress/psoc creator/3.0/psoc creator/import/gnu_cs/arm/4.7.3/bin/../lib/gcc/arm-none-eabi/4.7.3/../../../../arm-none-eabi/lib/armv6-m\libc_s.a(lib_a-__atexit2.o)
 .ARM.attributes
                0x00000328       0x2c c:/program files/cypress/psoc creator/3.0/psoc creator/import/gnu_cs/arm/4.7.3/bin/../lib/gcc/arm-none-eabi/4.7.3/../../../../arm-none-eabi/lib/armv6-m\libc_s.a(lib_a-exit.o)
 .ARM.attributes
                0x00000354       0x2c c:/program files/cypress/psoc creator/3.0/psoc creator/import/gnu_cs/arm/4.7.3/bin/../lib/gcc/arm-none-eabi/4.7.3/../../../../arm-none-eabi/lib/armv6-m\libc_s.a(lib_a-fini.o)
 .ARM.attributes
                0x00000380       0x2c c:/program files/cypress/psoc creator/3.0/psoc creator/import/gnu_cs/arm/4.7.3/bin/../lib/gcc/arm-none-eabi/4.7.3/../../../../arm-none-eabi/lib/armv6-m\libc_s.a(lib_a-impure.o)
 .ARM.attributes
                0x000003ac       0x2c c:/program files/cypress/psoc creator/3.0/psoc creator/import/gnu_cs/arm/4.7.3/bin/../lib/gcc/arm-none-eabi/4.7.3/../../../../arm-none-eabi/lib/armv6-m\libc_s.a(lib_a-init.o)
 .ARM.attributes
                0x000003d8       0x2c c:/program files/cypress/psoc creator/3.0/psoc creator/import/gnu_cs/arm/4.7.3/bin/../lib/gcc/arm-none-eabi/4.7.3/../../../../arm-none-eabi/lib/armv6-m\libc_s.a(lib_a-memcpy.o)
 .ARM.attributes
                0x00000404       0x2c c:/program files/cypress/psoc creator/3.0/psoc creator/import/gnu_cs/arm/4.7.3/bin/../lib/gcc/arm-none-eabi/4.7.3/../../../../arm-none-eabi/lib/armv6-m\libc_s.a(lib_a-memset.o)
 .ARM.attributes
                0x00000430       0x2c c:/program files/cypress/psoc creator/3.0/psoc creator/import/gnu_cs/arm/4.7.3/bin/../lib/gcc/arm-none-eabi/4.7.3/armv6-m/crtend.o
 .ARM.attributes
                0x0000045c       0x1e c:/program files/cypress/psoc creator/3.0/psoc creator/import/gnu_cs/arm/4.7.3/bin/../lib/gcc/arm-none-eabi/4.7.3/armv6-m/crtn.o

/DISCARD/
 *(.note.GNU-stack)
OUTPUT(.\CortexM0\ARM_GCC_473\Debug\SPI_slave.elf elf32-littlearm)
