Archive member included because of file (symbol)

.\CortexM0\ARM_GCC_473\Debug\controllers.a(cyfitter_cfg.o)
                              .\CortexM0\ARM_GCC_473\Debug\Cm0Start.o (cyfitter_cfg)
.\CortexM0\ARM_GCC_473\Debug\controllers.a(CyBootAsmGnu.o)
                              .\CortexM0\ARM_GCC_473\Debug\controllers.a(cyfitter_cfg.o) (CyDelayCycles)
.\CortexM0\ARM_GCC_473\Debug\controllers.a(CyLib.o)
                              .\CortexM0\ARM_GCC_473\Debug\controllers.a(cyfitter_cfg.o) (CyDelayUs)
.\CortexM0\ARM_GCC_473\Debug\controllers.a(logDataTimer.o)
                              .\CortexM0\ARM_GCC_473\Debug\loadData.o (logDataTimer_Start)
.\CortexM0\ARM_GCC_473\Debug\controllers.a(waterTimer.o)
                              .\CortexM0\ARM_GCC_473\Debug\loadData.o (waterTimer_Start)
.\CortexM0\ARM_GCC_473\Debug\controllers.a(logDataInterrupt.o)
                              .\CortexM0\ARM_GCC_473\Debug\loadData.o (logDataInterrupt_StartEx)
.\CortexM0\ARM_GCC_473\Debug\controllers.a(waterInterrupt.o)
                              .\CortexM0\ARM_GCC_473\Debug\loadData.o (waterInterrupt_StartEx)
.\CortexM0\ARM_GCC_473\Debug\controllers.a(SLC.o)
                              .\CortexM0\ARM_GCC_473\Debug\humiSensor.o (SLC_Write)
.\CortexM0\ARM_GCC_473\Debug\controllers.a(water_pin.o)
                              .\CortexM0\ARM_GCC_473\Debug\sensorPackage.o (water_pin_Write)
.\CortexM0\ARM_GCC_473\Debug\controllers.a(ADC_SAR_Seq_0.o)
                              .\CortexM0\ARM_GCC_473\Debug\sensorPackage.o (ADC_SAR_Seq_0_Start)
.\CortexM0\ARM_GCC_473\Debug\controllers.a(ADC_SAR_Seq_0_INT.o)
                              .\CortexM0\ARM_GCC_473\Debug\controllers.a(ADC_SAR_Seq_0.o) (ADC_SAR_Seq_0_ISR)
c:/program files (x86)/cypress/psoc creator/3.0/psoc creator/import/gnu_cs/arm/4.7.3/bin/../lib/gcc/arm-none-eabi/4.7.3/armv6-m\libgcc.a(_udivsi3.o)
                              .\CortexM0\ARM_GCC_473\Debug\controllers.a(CyLib.o) (__aeabi_uidiv)
c:/program files (x86)/cypress/psoc creator/3.0/psoc creator/import/gnu_cs/arm/4.7.3/bin/../lib/gcc/arm-none-eabi/4.7.3/armv6-m\libgcc.a(_divsi3.o)
                              .\CortexM0\ARM_GCC_473\Debug\Cm0Start.o (__aeabi_idiv)
c:/program files (x86)/cypress/psoc creator/3.0/psoc creator/import/gnu_cs/arm/4.7.3/bin/../lib/gcc/arm-none-eabi/4.7.3/armv6-m\libgcc.a(_dvmd_tls.o)
                              c:/program files (x86)/cypress/psoc creator/3.0/psoc creator/import/gnu_cs/arm/4.7.3/bin/../lib/gcc/arm-none-eabi/4.7.3/armv6-m\libgcc.a(_udivsi3.o) (__aeabi_idiv0)
c:/program files (x86)/cypress/psoc creator/3.0/psoc creator/import/gnu_cs/arm/4.7.3/bin/../lib/gcc/arm-none-eabi/4.7.3/armv6-m\libgcc.a(_arm_cmpdf2.o)
                              .\CortexM0\ARM_GCC_473\Debug\loadData.o (__aeabi_dcmpge)
c:/program files (x86)/cypress/psoc creator/3.0/psoc creator/import/gnu_cs/arm/4.7.3/bin/../lib/gcc/arm-none-eabi/4.7.3/armv6-m\libgcc.a(_arm_cmpsf2.o)
                              .\CortexM0\ARM_GCC_473\Debug\loadData.o (__aeabi_fcmplt)
c:/program files (x86)/cypress/psoc creator/3.0/psoc creator/import/gnu_cs/arm/4.7.3/bin/../lib/gcc/arm-none-eabi/4.7.3/armv6-m\libgcc.a(_aeabi_ldivmod.o)
                              .\CortexM0\ARM_GCC_473\Debug\controllers.a(ADC_SAR_Seq_0.o) (__aeabi_ldivmod)
c:/program files (x86)/cypress/psoc creator/3.0/psoc creator/import/gnu_cs/arm/4.7.3/bin/../lib/gcc/arm-none-eabi/4.7.3/armv6-m\libgcc.a(_muldi3.o)
                              .\CortexM0\ARM_GCC_473\Debug\controllers.a(ADC_SAR_Seq_0.o) (__aeabi_lmul)
c:/program files (x86)/cypress/psoc creator/3.0/psoc creator/import/gnu_cs/arm/4.7.3/bin/../lib/gcc/arm-none-eabi/4.7.3/armv6-m\libgcc.a(bpabi.o)
                              c:/program files (x86)/cypress/psoc creator/3.0/psoc creator/import/gnu_cs/arm/4.7.3/bin/../lib/gcc/arm-none-eabi/4.7.3/armv6-m\libgcc.a(_aeabi_ldivmod.o) (__gnu_ldivmod_helper)
c:/program files (x86)/cypress/psoc creator/3.0/psoc creator/import/gnu_cs/arm/4.7.3/bin/../lib/gcc/arm-none-eabi/4.7.3/armv6-m\libgcc.a(divsf3.o)
                              .\CortexM0\ARM_GCC_473\Debug\controllers.a(ADC_SAR_Seq_0.o) (__aeabi_fdiv)
c:/program files (x86)/cypress/psoc creator/3.0/psoc creator/import/gnu_cs/arm/4.7.3/bin/../lib/gcc/arm-none-eabi/4.7.3/armv6-m\libgcc.a(eqsf2.o)
                              c:/program files (x86)/cypress/psoc creator/3.0/psoc creator/import/gnu_cs/arm/4.7.3/bin/../lib/gcc/arm-none-eabi/4.7.3/armv6-m\libgcc.a(_arm_cmpsf2.o) (__eqsf2)
c:/program files (x86)/cypress/psoc creator/3.0/psoc creator/import/gnu_cs/arm/4.7.3/bin/../lib/gcc/arm-none-eabi/4.7.3/armv6-m\libgcc.a(gesf2.o)
                              c:/program files (x86)/cypress/psoc creator/3.0/psoc creator/import/gnu_cs/arm/4.7.3/bin/../lib/gcc/arm-none-eabi/4.7.3/armv6-m\libgcc.a(_arm_cmpsf2.o) (__gesf2)
[...]
Memory Configuration

Name             Origin             Length             Attributes
rom              0x00000000         0x00008000         xr
ram              0x20000000         0x00001000         xrw
*default*        0x00000000         0xffffffff

Linker script and memory map

LOAD c:/program files (x86)/cypress/psoc creator/3.0/psoc creator/import/gnu_cs/arm/4.7.3/bin/../lib/gcc/arm-none-eabi/4.7.3/armv6-m/crti.o
LOAD c:/program files (x86)/cypress/psoc creator/3.0/psoc creator/import/gnu_cs/arm/4.7.3/bin/../lib/gcc/arm-none-eabi/4.7.3/armv6-m/crtbegin.o
LOAD c:/program files (x86)/cypress/psoc creator/3.0/psoc creator/import/gnu_cs/arm/4.7.3/bin/../lib/gcc/arm-none-eabi/4.7.3/../../../../arm-none-eabi/lib/armv6-m/crt0.o
START GROUP
LOAD .\CortexM0\ARM_GCC_473\Debug\test_controllers.o
LOAD .\CortexM0\ARM_GCC_473\Debug\loadData.o
LOAD .\CortexM0\ARM_GCC_473\Debug\buffer.o
LOAD .\CortexM0\ARM_GCC_473\Debug\parameters.o
LOAD .\CortexM0\ARM_GCC_473\Debug\humiSensor.o
LOAD .\CortexM0\ARM_GCC_473\Debug\sensorPackage.o
LOAD .\CortexM0\ARM_GCC_473\Debug\sprinkler.o
LOAD .\CortexM0\ARM_GCC_473\Debug\tempSensor.o
LOAD .\CortexM0\ARM_GCC_473\Debug\onOff.o
LOAD .\CortexM0\ARM_GCC_473\Debug\config.o
LOAD .\CortexM0\ARM_GCC_473\Debug\addRemove.o
LOAD .\CortexM0\ARM_GCC_473\Debug\cymetadata.o
LOAD .\CortexM0\ARM_GCC_473\Debug\Cm0Start.o
LOAD .\CortexM0\ARM_GCC_473\Debug\controllers.a
LOAD C:\Program Files (x86)\Cypress\PSoC Creator\3.0\PSoC Creator\psoc\content\cycomponentlibrary\CyComponentLibrary.cylib\CortexM0\ARM_GCC_473\Debug\CyComponentLibrary.a
END GROUP
START GROUP
LOAD c:/program files (x86)/cypress/psoc creator/3.0/psoc creator/import/gnu_cs/arm/4.7.3/bin/../lib/gcc/arm-none-eabi/4.7.3/armv6-m\libgcc.a
LOAD c:/program files (x86)/cypress/psoc creator/3.0/psoc creator/import/gnu_cs/arm/4.7.3/bin/../lib/gcc/arm-none-eabi/4.7.3/../../../../arm-none-eabi/lib/armv6-m\libc_s.a
END GROUP
LOAD c:/program files (x86)/cypress/psoc creator/3.0/psoc creator/import/gnu_cs/arm/4.7.3/bin/../lib/gcc/arm-none-eabi/4.7.3/armv6-m/crtend.o
LOAD c:/program files (x86)/cypress/psoc creator/3.0/psoc creator/import/gnu_cs/arm/4.7.3/bin/../lib/gcc/arm-none-eabi/4.7.3/armv6-m/crtn.o
START GROUP
LOAD c:/program files (x86)/cypress/psoc creator/3.0/psoc creator/import/gnu_cs/arm/4.7.3/bin/../lib/gcc/arm-none-eabi/4.7.3/armv6-m\libgcc.a
LOAD c:/program files (x86)/cypress/psoc creator/3.0/psoc creator/import/gnu_cs/arm/4.7.3/bin/../lib/gcc/arm-none-eabi/4.7.3/../../../../arm-none-eabi/lib/armv6-m\libc.a
LOAD c:/program files (x86)/cypress/psoc creator/3.0/psoc creator/import/gnu_cs/arm/4.7.3/bin/../lib/gcc/arm-none-eabi/4.7.3/../../../../arm-none-eabi/lib/armv6-m\libnosys.a
END GROUP
                0x00000000                CY_APPL_ORIGIN = 0x0
                0x00000080                CY_FLASH_ROW_SIZE = 0x80
                0x00000001                CY_APPL_NUM = 0x1
                0x00000040                CY_METADATA_SIZE = 0x40
                0x200001a8                PROVIDE (__cy_heap_start, _end)
                0x00000001                PROVIDE (__cy_region_num, ((__cy_regions_end - __cy_regions) / 0x10))
                0x20001000                PROVIDE (__cy_stack, (ORIGIN (ram) + 0x1000))
                0x20000c00                PROVIDE (__cy_heap_end, (__cy_stack - 0x400))

.cybootloader   0x00000000        0x0
 *(.cybootloader)
                0x00000000                appl1_start = CY_APPL_ORIGIN?CY_APPL_ORIGIN:ALIGN (CY_FLASH_ROW_SIZE)
                0x00003f80                appl2_start = (appl1_start + ALIGN ((((0x8000 - appl1_start) - (0x2 * CY_FLASH_ROW_SIZE)) / 0x2), CY_FLASH_ROW_SIZE))
                0x00000000                appl_start = (CY_APPL_NUM == 0x1)?appl1_start:appl2_start

.text           0x00000000     0x3f90
 CREATE_OBJECT_SYMBOLS
                0x00000000                PROVIDE (__cy_interrupt_vector, RomVectors)
 *(.romvectors)
 .romvectors    0x00000000       0x10 .\CortexM0\ARM_GCC_473\Debug\Cm0Start.o
                0x00000000                RomVectors
                0x00000001                ASSERT ((. != __cy_interrupt_vector), No interrupt vector)
                0x00000001                ASSERT (CY_APPL_ORIGIN?(SIZEOF (.cybootloader) <= CY_APPL_ORIGIN):0x1, Wrong image location)
                0x00000010                PROVIDE (__cy_reset, Reset)
 *(.text.Reset)
 .text.Reset    0x00000010        0x8 .\CortexM0\ARM_GCC_473\Debug\Cm0Start.o
                0x00000010                Reset
                0x00000001                ASSERT ((. != __cy_reset), No reset code)
 *(.psocinit)
 .psocinit      0x00000018      0x264 .\CortexM0\ARM_GCC_473\Debug\controllers.a(cyfitter_cfg.o)
                0x00000150                cyfitter_cfg
                0x0000027c                . = MAX (., 0x100)
 *(.text .text.* .gnu.linkonce.t.*)
 .text          0x0000027c       0x60 c:/program files (x86)/cypress/psoc creator/3.0/psoc creator/import/gnu_cs/arm/4.7.3/bin/../lib/gcc/arm-none-eabi/4.7.3/armv6-m/crtbegin.o
 .text.main     0x000002dc       0x28 .\CortexM0\ARM_GCC_473\Debug\test_controllers.o
                0x000002dc                main
 .text.addRemove_init
                0x00000304        0x8 .\CortexM0\ARM_GCC_473\Debug\addRemove.o
                0x00000304                addRemove_init
 .text.addRemove_verify
                0x0000030c        0xc .\CortexM0\ARM_GCC_473\Debug\addRemove.o
                0x0000030c                addRemove_verify
 .text.IntDefaultHandler
                0x00000318        0x8 .\CortexM0\ARM_GCC_473\Debug\Cm0Start.o
                0x00000318                IntDefaultHandler
 .text.Start_c  0x00000320       0xa4 .\CortexM0\ARM_GCC_473\Debug\Cm0Start.o
                0x00000320                Start_c
 .text.initialize_psoc
                0x000003c4       0x64 .\CortexM0\ARM_GCC_473\Debug\Cm0Start.o
                0x000003c4                initialize_psoc
 .text.CYMEMZERO
                0x00000428       0x20 .\CortexM0\ARM_GCC_473\Debug\controllers.a(cyfitter_cfg.o)
 .text.cfg_write_bytes32
                0x00000448       0x80 .\CortexM0\ARM_GCC_473\Debug\controllers.a(cyfitter_cfg.o)
 .text.AnalogSetDefault
                0x000004c8       0x18 .\CortexM0\ARM_GCC_473\Debug\controllers.a(cyfitter_cfg.o)
 .text.SetAnalogRoutingPumps
                0x000004e0       0x40 .\CortexM0\ARM_GCC_473\Debug\controllers.a(cyfitter_cfg.o)
                0x000004e0                SetAnalogRoutingPumps
 .text          0x00000520       0x20 .\CortexM0\ARM_GCC_473\Debug\controllers.a(CyBootAsmGnu.o)
                0x00000520                CyDelayCycles
                0x00000532                CyEnterCriticalSection
                0x0000053a                CyExitCriticalSection
 .text.CyDelayUs
                0x00000540       0x28 .\CortexM0\ARM_GCC_473\Debug\controllers.a(CyLib.o)
                0x00000540                CyDelayUs
 .text          0x00000568       0x9c c:/program files (x86)/cypress/psoc creator/3.0/psoc creator/import/gnu_cs/arm/4.7.3/bin/../lib/gcc/arm-none-eabi/4.7.3/armv6-m\libgcc.a(_udivsi3.o)
                0x00000568                __aeabi_uidiv
                0x00000568                __udivsi3
                0x000005f0                __aeabi_uidivmod
 .text          0x00000604       0xc0 c:/program files (x86)/cypress/psoc creator/3.0/psoc creator/import/gnu_cs/arm/4.7.3/bin/../lib/gcc/arm-none-eabi/4.7.3/armv6-m\libgcc.a(_divsi3.o)
                0x00000604                __divsi3
                0x00000604                __aeabi_idiv
                0x000006b0                __aeabi_idivmod
 .text          0x000006c4        0x4 c:/program files (x86)/cypress/psoc creator/3.0/psoc creator/import/gnu_cs/arm/4.7.3/bin/../lib/gcc/arm-none-eabi/4.7.3/armv6-m\libgcc.a(_dvmd_tls.o)
                0x000006c4                __aeabi_idiv0
                0x000006c4                __aeabi_ldiv0
 .text          0x000006c8       0x7c c:/program files (x86)/cypress/psoc creator/3.0/psoc creator/import/gnu_cs/arm/4.7.3/bin/../lib/gcc/arm-none-eabi/4.7.3/armv6-m\libgcc.a(_arm_cmpdf2.o)
                0x000006c8                __aeabi_cdrcmple
                0x000006d8                __aeabi_cdcmple
                0x000006d8                __aeabi_cdcmpeq
                0x000006e8                __aeabi_dcmpeq
                0x000006f4                __aeabi_dcmplt
                0x00000708                __aeabi_dcmple
                0x0000071c                __aeabi_dcmpgt
                0x00000730                __aeabi_dcmpge
 .text          0x00000744      0x5b8 c:/program files (x86)/cypress/psoc creator/3.0/psoc creator/import/gnu_cs/arm/4.7.3/bin/../lib/gcc/arm-none-eabi/4.7.3/armv6-m\libgcc.a(divdf3.o)
                0x00000744                __aeabi_ddiv
 .text          0x00000cfc       0x7c c:/program files (x86)/cypress/psoc creator/3.0/psoc creator/import/gnu_cs/arm/4.7.3/bin/../lib/gcc/arm-none-eabi/4.7.3/armv6-m\libgcc.a(eqdf2.o)
                0x00000cfc                __nedf2
                0x00000cfc                __eqdf2
 .text          0x00000d78       0xe8 c:/program files (x86)/cypress/psoc creator/3.0/psoc creator/import/gnu_cs/arm/4.7.3/bin/../lib/gcc/arm-none-eabi/4.7.3/armv6-m\libgcc.a(gedf2.o)
                0x00000d78                __gedf2
                0x00000d78                __gtdf2
 .text          0x00000e60       0xd8 c:/program files (x86)/cypress/psoc creator/3.0/psoc creator/import/gnu_cs/arm/4.7.3/bin/../lib/gcc/arm-none-eabi/4.7.3/armv6-m\libgcc.a(ledf2.o)
                0x00000e60                __ledf2
                0x00000e60                __ltdf2
 .text          0x00000f38      0x4e4 c:/program files (x86)/cypress/psoc creator/3.0/psoc creator/import/gnu_cs/arm/4.7.3/bin/../lib/gcc/arm-none-eabi/4.7.3/armv6-m\libgcc.a(muldf3.o)
                0x00000f38                __aeabi_dmul
 .text          0x0000141c      0x704 c:/program files (x86)/cypress/psoc creator/3.0/psoc creator/import/gnu_cs/arm/4.7.3/bin/../lib/gcc/arm-none-eabi/4.7.3/armv6-m\libgcc.a(subdf3.o)
                0x0000141c                __aeabi_dsub
 .text          0x00001b20       0x64 c:/program files (x86)/cypress/psoc creator/3.0/psoc creator/import/gnu_cs/arm/4.7.3/bin/../lib/gcc/arm-none-eabi/4.7.3/armv6-m\libgcc.a(floatunsidf.o)
                0x00001b20                __aeabi_ui2d
 .text          0x00001b84       0x3c c:/program files (x86)/cypress/psoc creator/3.0/psoc creator/import/gnu_cs/arm/4.7.3/bin/../lib/gcc/arm-none-eabi/4.7.3/armv6-m\libgcc.a(_clzsi2.o)
                0x00001b84                __clzsi2
 .text.__libc_init_array
                0x00001bc0       0x4c c:/program files (x86)/cypress/psoc creator/3.0/psoc creator/import/gnu_cs/arm/4.7.3/bin/../lib/gcc/arm-none-eabi/4.7.3/../../../../arm-none-eabi/lib/armv6-m\libc_s.a(lib_a-init.o)
                0x00001bc0                __libc_init_array
 .text.memcpy   0x00001c0c       0x12 c:/program files (x86)/cypress/psoc creator/3.0/psoc creator/import/gnu_cs/arm/4.7.3/bin/../lib/gcc/arm-none-eabi/4.7.3/../../../../arm-none-eabi/lib/armv6-m\libc_s.a(lib_a-memcpy.o)
                0x00001c0c                memcpy
 .text.memset   0x00001c1e       0x12 c:/program files (x86)/cypress/psoc creator/3.0/psoc creator/import/gnu_cs/arm/4.7.3/bin/../lib/gcc/arm-none-eabi/4.7.3/../../../../arm-none-eabi/lib/armv6-m\libc_s.a(lib_a-memset.o)
                0x00001c1e                memset
 .text.__cvt    0x00001c30       0xd8 c:/program files (x86)/cypress/psoc creator/3.0/psoc creator/import/gnu_cs/arm/4.7.3/bin/../lib/gcc/arm-none-eabi/4.7.3/../../../../arm-none-eabi/lib/armv6-m\libc_s.a(lib_a-vfprintf_float.o)
                0x00001c30                __cvt
 .text.__exponent
                0x00001d08       0x6a c:/program files (x86)/cypress/psoc creator/3.0/psoc creator/import/gnu_cs/arm/4.7.3/bin/../lib/gcc/arm-none-eabi/4.7.3/../../../../arm-none-eabi/lib/armv6-m\libc_s.a(lib_a-vfprintf_float.o)
                0x00001d08                __exponent
 *fill*         0x00001d72        0x6 00
 .text._printf_float
                0x00001d78      0x4c8 c:/program files (x86)/cypress/psoc creator/3.0/psoc creator/import/gnu_cs/arm/4.7.3/bin/../lib/gcc/arm-none-eabi/4.7.3/../../../../arm-none-eabi/lib/armv6-m\libc_s.a(lib_a-vfprintf_float.o)
                0x00001d78                _printf_float
 .text._printf_common
                0x00002240       0xe0 c:/program files (x86)/cypress/psoc creator/3.0/psoc creator/import/gnu_cs/arm/4.7.3/bin/../lib/gcc/arm-none-eabi/4.7.3/../../../../arm-none-eabi/lib/armv6-m\libc_s.a(lib_a-vfprintf_i.o)
                0x00002240                _printf_common
 .text.quorem   0x00002320      0x126 c:/program files (x86)/cypress/psoc creator/3.0/psoc creator/import/gnu_cs/arm/4.7.3/bin/../lib/gcc/arm-none-eabi/4.7.3/../../../../arm-none-eabi/lib/armv6-m\libc_s.a(lib_a-dtoa.o)
 *fill*         0x00002446        0x2 00
 .text._dtoa_r  0x00002448      0xb78 c:/program files (x86)/cypress/psoc creator/3.0/psoc creator/import/gnu_cs/arm/4.7.3/bin/../lib/gcc/arm-none-eabi/4.7.3/../../../../arm-none-eabi/lib/armv6-m\libc_s.a(lib_a-dtoa.o)
                0x00002448                _dtoa_r
 .text._localeconv_r
                0x00002fc0        0x8 c:/program files (x86)/cypress/psoc creator/3.0/psoc creator/import/gnu_cs/arm/4.7.3/bin/../lib/gcc/arm-none-eabi/4.7.3/../../../../arm-none-eabi/lib/armv6-m\libc_s.a(lib_a-locale.o)
                0x00002fc0                _localeconv_r
 .text.malloc   0x00002fc8       0x14 c:/program files (x86)/cypress/psoc creator/3.0/psoc creator/import/gnu_cs/arm/4.7.3/bin/../lib/gcc/arm-none-eabi/4.7.3/../../../../arm-none-eabi/lib/armv6-m\libc_s.a(lib_a-malloc.o)
                0x00002fc8                malloc
 .text._malloc_r
                0x00002fdc       0x94 c:/program files (x86)/cypress/psoc creator/3.0/psoc creator/import/gnu_cs/arm/4.7.3/bin/../lib/gcc/arm-none-eabi/4.7.3/../../../../arm-none-eabi/lib/armv6-m\libc_s.a(lib_a-mallocr.o)
                0x00002fdc                _malloc_r
 .text._Balloc  0x00003070       0x70 c:/program files (x86)/cypress/psoc creator/3.0/psoc creator/import/gnu_cs/arm/4.7.3/bin/../lib/gcc/arm-none-eabi/4.7.3/../../../../arm-none-eabi/lib/armv6-m\libc_s.a(lib_a-mprec.o)
                0x00003070                _Balloc
 .text._Bfree   0x000030e0       0x32 c:/program files (x86)/cypress/psoc creator/3.0/psoc creator/import/gnu_cs/arm/4.7.3/bin/../lib/gcc/arm-none-eabi/4.7.3/../../../../arm-none-eabi/lib/armv6-m\libc_s.a(lib_a-mprec.o)
                0x000030e0                _Bfree
 .text.__multadd
                0x00003112       0x7c c:/program files (x86)/cypress/psoc creator/3.0/psoc creator/import/gnu_cs/arm/4.7.3/bin/../lib/gcc/arm-none-eabi/4.7.3/../../../../arm-none-eabi/lib/armv6-m\libc_s.a(lib_a-mprec.o)
                0x00003112                __multadd
 .text.__hi0bits
                0x0000318e       0x36 c:/program files (x86)/cypress/psoc creator/3.0/psoc creator/import/gnu_cs/arm/4.7.3/bin/../lib/gcc/arm-none-eabi/4.7.3/../../../../arm-none-eabi/lib/armv6-m\libc_s.a(lib_a-mprec.o)
                0x0000318e                __hi0bits
 .text.__lo0bits
                0x000031c4       0x5c c:/program files (x86)/cypress/psoc creator/3.0/psoc creator/import/gnu_cs/arm/4.7.3/bin/../lib/gcc/arm-none-eabi/4.7.3/../../../../arm-none-eabi/lib/armv6-m\libc_s.a(lib_a-mprec.o)
                0x000031c4                __lo0bits
 .text.__i2b    0x00003220       0x12 c:/program files (x86)/cypress/psoc creator/3.0/psoc creator/import/gnu_cs/arm/4.7.3/bin/../lib/gcc/arm-none-eabi/4.7.3/../../../../arm-none-eabi/lib/armv6-m\libc_s.a(lib_a-mprec.o)
                0x00003220                __i2b
 .text.__multiply
                0x00003232      0x122 c:/program files (x86)/cypress/psoc creator/3.0/psoc creator/import/gnu_cs/arm/4.7.3/bin/../lib/gcc/arm-none-eabi/4.7.3/../../../../arm-none-eabi/lib/armv6-m\libc_s.a(lib_a-mprec.o)
                0x00003232                __multiply
 .text.__pow5mult
                0x00003354       0xa4 c:/program files (x86)/cypress/psoc creator/3.0/psoc creator/import/gnu_cs/arm/4.7.3/bin/../lib/gcc/arm-none-eabi/4.7.3/../../../../arm-none-eabi/lib/armv6-m\libc_s.a(lib_a-mprec.o)
                0x00003354                __pow5mult
 .text.__lshift
                0x000033f8       0xa4 c:/program files (x86)/cypress/psoc creator/3.0/psoc creator/import/gnu_cs/arm/4.7.3/bin/../lib/gcc/arm-none-eabi/4.7.3/../../../../arm-none-eabi/lib/armv6-m\libc_s.a(lib_a-mprec.o)
                0x000033f8                __lshift
 .text.__mcmp   0x0000349c       0x38 c:/program files (x86)/cypress/psoc creator/3.0/psoc creator/import/gnu_cs/arm/4.7.3/bin/../lib/gcc/arm-none-eabi/4.7.3/../../../../arm-none-eabi/lib/armv6-m\libc_s.a(lib_a-mprec.o)
                0x0000349c                __mcmp
 .text.__mdiff  0x000034d4       0xce c:/program files (x86)/cypress/psoc creator/3.0/psoc creator/import/gnu_cs/arm/4.7.3/bin/../lib/gcc/arm-none-eabi/4.7.3/../../../../arm-none-eabi/lib/armv6-m\libc_s.a(lib_a-mprec.o)
                0x000034d4                __mdiff
 *fill*         0x000035a2        0x2 00
 .text.__d2b    0x000035a4       0xac c:/program files (x86)/cypress/psoc creator/3.0/psoc creator/import/gnu_cs/arm/4.7.3/bin/../lib/gcc/arm-none-eabi/4.7.3/../../../../arm-none-eabi/lib/armv6-m\libc_s.a(lib_a-mprec.o)
                0x000035a4                __d2b
 .text.__fpclassifyd
                0x00003650       0x68 c:/program files (x86)/cypress/psoc creator/3.0/psoc creator/import/gnu_cs/arm/4.7.3/bin/../lib/gcc/arm-none-eabi/4.7.3/../../../../arm-none-eabi/lib/armv6-m\libc_s.a(lib_a-s_fpclassify.o)
                0x00003650                __fpclassifyd
 .text._sbrk_r  0x000036b8       0x24 c:/program files (x86)/cypress/psoc creator/3.0/psoc creator/import/gnu_cs/arm/4.7.3/bin/../lib/gcc/arm-none-eabi/4.7.3/../../../../arm-none-eabi/lib/armv6-m\libc_s.a(lib_a-sbrkr.o)
                0x000036b8                _sbrk_r
 .text.strlen   0x000036dc        0xe c:/program files (x86)/cypress/psoc creator/3.0/psoc creator/import/gnu_cs/arm/4.7.3/bin/../lib/gcc/arm-none-eabi/4.7.3/../../../../arm-none-eabi/lib/armv6-m\libc_s.a(lib_a-strlen.o)
                0x000036dc                strlen
 .text._calloc_r
                0x000036ea       0x1c c:/program files (x86)/cypress/psoc creator/3.0/psoc creator/import/gnu_cs/arm/4.7.3/bin/../lib/gcc/arm-none-eabi/4.7.3/../../../../arm-none-eabi/lib/armv6-m\libc_s.a(lib_a-callocr.o)
                0x000036ea                _calloc_r
 *fill*         0x00003706        0x2 00
 .text          0x00003708       0x14 c:/program files (x86)/cypress/psoc creator/3.0/psoc creator/import/gnu_cs/arm/4.7.3/bin/../lib/gcc/arm-none-eabi/4.7.3/armv6-m\libgcc.a(_thumb1_case_uqi.o)
                0x00003708                __gnu_thumb1_case_uqi
 .text          0x0000371c      0x760 c:/program files (x86)/cypress/psoc creator/3.0/psoc creator/import/gnu_cs/arm/4.7.3/bin/../lib/gcc/arm-none-eabi/4.7.3/armv6-m\libgcc.a(adddf3.o)
                0x0000371c                __aeabi_dadd
 .text          0x00003e7c       0x68 c:/program files (x86)/cypress/psoc creator/3.0/psoc creator/import/gnu_cs/arm/4.7.3/bin/../lib/gcc/arm-none-eabi/4.7.3/armv6-m\libgcc.a(fixdfsi.o)
                0x00003e7c                __aeabi_d2iz
 .text          0x00003ee4       0x74 c:/program files (x86)/cypress/psoc creator/3.0/psoc creator/import/gnu_cs/arm/4.7.3/bin/../lib/gcc/arm-none-eabi/4.7.3/armv6-m\libgcc.a(floatsidf.o)
                0x00003ee4                __aeabi_i2d
 .text._sbrk    0x00003f58       0x38 c:/program files (x86)/cypress/psoc creator/3.0/psoc creator/import/gnu_cs/arm/4.7.3/bin/../lib/gcc/arm-none-eabi/4.7.3/../../../../arm-none-eabi/lib/armv6-m\libnosys.a(sbrk.o)
                0x00003f58                _sbrk
 *(.plt)
 *(.gnu.warning)
 *(.glue_7t)
 .glue_7t       0x00000000        0x0 linker stubs
 *(.glue_7)
 .glue_7        0x00000000        0x0 linker stubs
 *(.vfp11_veneer)
 .vfp11_veneer  0x00000000        0x0 linker stubs
 *(.bootloader)
 *(.ARM.extab* .gnu.linkonce.armextab.*)
 *(.gcc_except_table)

.v4_bx          0x00003f90        0x0
 .v4_bx         0x00000000        0x0 linker stubs

.iplt           0x00003f90        0x0
 .iplt          0x00000000        0x0 c:/program files (x86)/cypress/psoc creator/3.0/psoc creator/import/gnu_cs/arm/4.7.3/bin/../lib/gcc/arm-none-eabi/4.7.3/armv6-m/crtbegin.o

.eh_frame_hdr
 *(.eh_frame_hdr)

.eh_frame       0x00003f90        0x4
 *(.eh_frame)
 .eh_frame      0x00003f90        0x0 c:/program files (x86)/cypress/psoc creator/3.0/psoc creator/import/gnu_cs/arm/4.7.3/bin/../lib/gcc/arm-none-eabi/4.7.3/armv6-m/crtbegin.o
 .eh_frame      0x00003f90        0x4 c:/program files (x86)/cypress/psoc creator/3.0/psoc creator/import/gnu_cs/arm/4.7.3/bin/../lib/gcc/arm-none-eabi/4.7.3/armv6-m/crtend.o
                0x00003f94                PROVIDE (__exidx_start, .)

.ARM.exidx
 *(.ARM.exidx* .gnu.linkonce.armexidx.*)
                0x00003f94                __exidx_end = .

.rodata         0x00003f98      0x350
 *(.rodata .rodata.* .gnu.linkonce.r.*)
 .rodata        0x00003f98      0x16c .\CortexM0\ARM_GCC_473\Debug\controllers.a(cyfitter_cfg.o)
 .rodata        0x00004104       0x40 c:/program files (x86)/cypress/psoc creator/3.0/psoc creator/import/gnu_cs/arm/4.7.3/bin/../lib/gcc/arm-none-eabi/4.7.3/armv6-m\libgcc.a(divdf3.o)
 .rodata        0x00004144       0x40 c:/program files (x86)/cypress/psoc creator/3.0/psoc creator/import/gnu_cs/arm/4.7.3/bin/../lib/gcc/arm-none-eabi/4.7.3/armv6-m\libgcc.a(muldf3.o)
 .rodata.str1.1
                0x00004184        0x2 c:/program files (x86)/cypress/psoc creator/3.0/psoc creator/import/gnu_cs/arm/4.7.3/bin/../lib/gcc/arm-none-eabi/4.7.3/../../../../arm-none-eabi/lib/armv6-m\libc_s.a(lib_a-impure.o)
 .rodata.str1.1
                0x00004186       0x10 c:/program files (x86)/cypress/psoc creator/3.0/psoc creator/import/gnu_cs/arm/4.7.3/bin/../lib/gcc/arm-none-eabi/4.7.3/../../../../arm-none-eabi/lib/armv6-m\libc_s.a(lib_a-vfprintf_float.o)
 .rodata.str1.1
                0x00004196        0xf c:/program files (x86)/cypress/psoc creator/3.0/psoc creator/import/gnu_cs/arm/4.7.3/bin/../lib/gcc/arm-none-eabi/4.7.3/../../../../arm-none-eabi/lib/armv6-m\libc_s.a(lib_a-dtoa.o)
 .rodata.str1.1
                0x000041a5        0x8 c:/program files (x86)/cypress/psoc creator/3.0/psoc creator/import/gnu_cs/arm/4.7.3/bin/../lib/gcc/arm-none-eabi/4.7.3/../../../../arm-none-eabi/lib/armv6-m\libc_s.a(lib_a-locale.o)
                                  0xb (size before relaxing)
 *fill*         0x000041ad        0x3 00
 .rodata.__mprec_tens
                0x000041b0       0xc8 c:/program files (x86)/cypress/psoc creator/3.0/psoc creator/import/gnu_cs/arm/4.7.3/bin/../lib/gcc/arm-none-eabi/4.7.3/../../../../arm-none-eabi/lib/armv6-m\libc_s.a(lib_a-mprec.o)
                0x000041b0                __mprec_tens
 .rodata.p05.5252
                0x00004278        0xc c:/program files (x86)/cypress/psoc creator/3.0/psoc creator/import/gnu_cs/arm/4.7.3/bin/../lib/gcc/arm-none-eabi/4.7.3/../../../../arm-none-eabi/lib/armv6-m\libc_s.a(lib_a-mprec.o)
 *fill*         0x00004284        0x4 00
 .rodata.__mprec_bigtens
                0x00004288       0x28 c:/program files (x86)/cypress/psoc creator/3.0/psoc creator/import/gnu_cs/arm/4.7.3/bin/../lib/gcc/arm-none-eabi/4.7.3/../../../../arm-none-eabi/lib/armv6-m\libc_s.a(lib_a-mprec.o)
                0x00004288                __mprec_bigtens
                0x000042b0                . = ALIGN (0x4)
 *(.init)
 .init          0x000042b0        0x4 c:/program files (x86)/cypress/psoc creator/3.0/psoc creator/import/gnu_cs/arm/4.7.3/bin/../lib/gcc/arm-none-eabi/4.7.3/armv6-m/crti.o
                0x000042b0                _init
 .init          0x000042b4        0x8 c:/program files (x86)/cypress/psoc creator/3.0/psoc creator/import/gnu_cs/arm/4.7.3/bin/../lib/gcc/arm-none-eabi/4.7.3/armv6-m/crtn.o
                0x000042bc                . = ALIGN (0x4)
                0x000042bc                __preinit_array_start = .
 *(.preinit_array)
                0x000042bc                __preinit_array_end = .
                0x000042bc                . = ALIGN (0x4)
                0x000042bc                __init_array_start = .
 *(SORT(.init_array.*))
 *(.init_array)
 .init_array    0x000042bc        0x4 c:/program files (x86)/cypress/psoc creator/3.0/psoc creator/import/gnu_cs/arm/4.7.3/bin/../lib/gcc/arm-none-eabi/4.7.3/armv6-m/crtbegin.o
 .init_array    0x000042c0        0x4 .\CortexM0\ARM_GCC_473\Debug\Cm0Start.o
                0x000042c4                __init_array_end = .
                0x000042c4                . = ALIGN (0x4)
 *(.fini)
 .fini          0x000042c4        0x4 c:/program files (x86)/cypress/psoc creator/3.0/psoc creator/import/gnu_cs/arm/4.7.3/bin/../lib/gcc/arm-none-eabi/4.7.3/armv6-m/crti.o
                0x000042c4                _fini
 .fini          0x000042c8        0x8 c:/program files (x86)/cypress/psoc creator/3.0/psoc creator/import/gnu_cs/arm/4.7.3/bin/../lib/gcc/arm-none-eabi/4.7.3/armv6-m/crtn.o
                0x000042d0                . = ALIGN (0x4)
                0x000042d0                __fini_array_start = .
 *(.fini_array)
 .fini_array    0x000042d0        0x4 c:/program files (x86)/cypress/psoc creator/3.0/psoc creator/import/gnu_cs/arm/4.7.3/bin/../lib/gcc/arm-none-eabi/4.7.3/armv6-m/crtbegin.o
 *(SORT(.fini_array.*))
                0x000042d4                __fini_array_end = .
                0x000042d4                . = ALIGN (0x4)
 *crtbegin.o(.ctors)
 *(EXCLUDE_FILE(*crtend.o) .ctors)
 *(SORT(.ctors.*))
 *crtend.o(.ctors)
                0x000042d4                . = ALIGN (0x4)
 *crtbegin.o(.dtors)
 *(EXCLUDE_FILE(*crtend.o) .dtors)
 *(SORT(.dtors.*))
 *crtend.o(.dtors)
                0x000042d4                . = ALIGN (0x4)
                0x000042d4                __cy_regions = .
                0x000042d4        0x4 LONG 0x42e8 __cy_region_init_ram
                0x000042d8        0x4 LONG 0x200000c8 __cy_region_start_data
                0x000042dc        0x4 LONG 0xb8 __cy_region_init_size_ram
                0x000042e0        0x4 LONG 0x28 __cy_region_zero_size_ram
                0x000042e4                __cy_regions_end = .
                0x000042e8                . = ALIGN (0x8)
 *fill*         0x000042e4        0x4 00
                0x000042e8                _etext = .

.ramvectors     0x20000000       0xc0
                0x20000000                __cy_region_start_ram = .
 *(.ramvectors)
 .ramvectors    0x20000000       0xc0 .\CortexM0\ARM_GCC_473\Debug\Cm0Start.o
                0x20000000                CyRamVectors

.noinit         0x200000c0        0x4
 *(.noinit)
 .noinit        0x200000c0        0x4 .\CortexM0\ARM_GCC_473\Debug\Cm0Start.o

.data           0x200000c8       0xb8 load address 0x000042e8
                0x200000c8                __cy_region_start_data = .
 *(.jcr)
 .jcr           0x200000c8        0x0 c:/program files (x86)/cypress/psoc creator/3.0/psoc creator/import/gnu_cs/arm/4.7.3/bin/../lib/gcc/arm-none-eabi/4.7.3/armv6-m/crtbegin.o
 .jcr           0x200000c8        0x4 c:/program files (x86)/cypress/psoc creator/3.0/psoc creator/import/gnu_cs/arm/4.7.3/bin/../lib/gcc/arm-none-eabi/4.7.3/armv6-m/crtend.o
 *(.got.plt)
 *(.got)
 *(.shdata)
 *(.data .data.* .gnu.linkonce.d.*)
 .data          0x200000cc        0x4 .\CortexM0\ARM_GCC_473\Debug\controllers.a(cyfitter_cfg.o)
 .data          0x200000d0       0x10 .\CortexM0\ARM_GCC_473\Debug\controllers.a(CyLib.o)
                0x200000d0                cydelayFreqHz
                0x200000d4                cydelayFreqKhz
                0x200000d8                cydelayFreqMhz
                0x200000dc                cydelay32kMs
 .data.impure_data
                0x200000e0       0x64 c:/program files (x86)/cypress/psoc creator/3.0/psoc creator/import/gnu_cs/arm/4.7.3/bin/../lib/gcc/arm-none-eabi/4.7.3/../../../../arm-none-eabi/lib/armv6-m\libc_s.a(lib_a-impure.o)
 .data._impure_ptr
                0x20000144        0x4 c:/program files (x86)/cypress/psoc creator/3.0/psoc creator/import/gnu_cs/arm/4.7.3/bin/../lib/gcc/arm-none-eabi/4.7.3/../../../../arm-none-eabi/lib/armv6-m\libc_s.a(lib_a-impure.o)
                0x20000144                _impure_ptr
 .data.lconv    0x20000148       0x38 c:/program files (x86)/cypress/psoc creator/3.0/psoc creator/import/gnu_cs/arm/4.7.3/bin/../lib/gcc/arm-none-eabi/4.7.3/../../../../arm-none-eabi/lib/armv6-m\libc_s.a(lib_a-locale.o)
                0x20000180                . = ALIGN (0x8)
 *(.ram)
                0x20000180                _edata = .

.igot.plt       0x20000180        0x0 load address 0x000043a0
 .igot.plt      0x00000000        0x0 c:/program files (x86)/cypress/psoc creator/3.0/psoc creator/import/gnu_cs/arm/4.7.3/bin/../lib/gcc/arm-none-eabi/4.7.3/armv6-m/crtbegin.o

.bss            0x20000180       0x28 load address 0x000043a0
                0x20000180                PROVIDE (__bss_start__, .)
 *(.shbss)
 *(.bss .bss.* .gnu.linkonce.b.*)
 .bss           0x20000180       0x1c c:/program files (x86)/cypress/psoc creator/3.0/psoc creator/import/gnu_cs/arm/4.7.3/bin/../lib/gcc/arm-none-eabi/4.7.3/armv6-m/crtbegin.o
 .bss.__malloc_free_list
                0x2000019c        0x4 c:/program files (x86)/cypress/psoc creator/3.0/psoc creator/import/gnu_cs/arm/4.7.3/bin/../lib/gcc/arm-none-eabi/4.7.3/../../../../arm-none-eabi/lib/armv6-m\libc_s.a(lib_a-mallocr.o)
                0x2000019c                __malloc_free_list
 .bss.heap_end.4231
                0x200001a0        0x4 c:/program files (x86)/cypress/psoc creator/3.0/psoc creator/import/gnu_cs/arm/4.7.3/bin/../lib/gcc/arm-none-eabi/4.7.3/../../../../arm-none-eabi/lib/armv6-m\libnosys.a(sbrk.o)
 *(COMMON)
 COMMON         0x200001a4        0x4 c:/program files (x86)/cypress/psoc creator/3.0/psoc creator/import/gnu_cs/arm/4.7.3/bin/../lib/gcc/arm-none-eabi/4.7.3/../../../../arm-none-eabi/lib/armv6-m\libc_s.a(lib_a-reent.o)
                0x200001a4                errno
                0x200001a8                . = ALIGN (0x8)
 *(.ram.b)
                0x200001a8                _end = .
                0x200001a8                __end = .
                0x200001a8                PROVIDE (end, .)
                0x200001a8                PROVIDE (__bss_end__, .)
                0x000042e8                __cy_region_init_ram = LOADADDR (.data)
                0x000000b8                __cy_region_init_size_ram = (_edata - ADDR (.data))
                0x00000028                __cy_region_zero_size_ram = (_end - _edata)

.heap           0x200001a8      0x100 load address 0x000043a0
                0x200001a8                . = _end
                0x200002a8                . = (. + 0x100)
 *fill*         0x200001a8      0x100 00
                0x200002a8                __cy_heap_limit = .

.stack          0x20000c00      0x400
                0x20000c00                __cy_stack_limit = .
                0x20001000                . = (. + 0x400)
 *fill*         0x20000c00      0x400 00
                0x00000001                ASSERT ((__cy_stack_limit >= __cy_heap_limit), region RAM overflowed with stack)

.cyloadermeta
 *(.cyloadermeta)

.cyloadablemeta
 *(.cyloadablemeta)

.cyflashprotect
                0x90400000       0x20
 *(.cyflashprotect)
 .cyflashprotect
                0x90400000       0x20 .\CortexM0\ARM_GCC_473\Debug\cymetadata.o
                0x90400000                cy_meta_flashprotect

.cymeta         0x90500000        0xc
 *(.cymeta)
 .cymeta        0x90500000        0xc .\CortexM0\ARM_GCC_473\Debug\cymetadata.o
                0x90500000                cy_metadata

.cychipprotect  0x90600000        0x4
 *(.cychipprotect)
 .cychipprotect
                0x90600000        0x4 .\CortexM0\ARM_GCC_473\Debug\cymetadata.o
                0x90600000                cy_meta_chipprotect

.rel.dyn        0x000043a0        0x0 load address 0x90600004
 .rel.iplt      0x00000000        0x0 c:/program files (x86)/cypress/psoc creator/3.0/psoc creator/import/gnu_cs/arm/4.7.3/bin/../lib/gcc/arm-none-eabi/4.7.3/armv6-m/crtbegin.o

.stab
 *(.stab)

.stabstr
 *(.stabstr)

.debug
 *(.debug)

.line
 *(.line)

.debug_srcinfo
 *(.debug_srcinfo)

.debug_sfnames
 *(.debug_sfnames)

.debug_aranges  0x00000000      0x818
 *(.debug_aranges)
 .debug_aranges
                0x00000000       0x20 .\CortexM0\ARM_GCC_473\Debug\test_controllers.o
 .debug_aranges
                0x00000020       0x50 .\CortexM0\ARM_GCC_473\Debug\loadData.o
 .debug_aranges
                0x00000070       0x30 .\CortexM0\ARM_GCC_473\Debug\buffer.o
 .debug_aranges
                0x000000a0       0x58 .\CortexM0\ARM_GCC_473\Debug\parameters.o
 .debug_aranges
                0x000000f8       0x30 .\CortexM0\ARM_GCC_473\Debug\humiSensor.o
 .debug_aranges
                0x00000128       0x38 .\CortexM0\ARM_GCC_473\Debug\sensorPackage.o
 .debug_aranges
                0x00000160       0x30 .\CortexM0\ARM_GCC_473\Debug\sprinkler.o
 .debug_aranges
                0x00000190       0x30 .\CortexM0\ARM_GCC_473\Debug\tempSensor.o
 .debug_aranges
                0x000001c0       0x28 .\CortexM0\ARM_GCC_473\Debug\onOff.o
 .debug_aranges
                0x000001e8       0x28 .\CortexM0\ARM_GCC_473\Debug\config.o
 .debug_aranges
                0x00000210       0x28 .\CortexM0\ARM_GCC_473\Debug\addRemove.o
 .debug_aranges
                0x00000238       0x18 .\CortexM0\ARM_GCC_473\Debug\cymetadata.o
 .debug_aranges
                0x00000250       0x40 .\CortexM0\ARM_GCC_473\Debug\Cm0Start.o
 .debug_aranges
                0x00000290       0x60 .\CortexM0\ARM_GCC_473\Debug\controllers.a(cyfitter_cfg.o)
 .debug_aranges
                0x000002f0       0x20 .\CortexM0\ARM_GCC_473\Debug\controllers.a(CyBootAsmGnu.o)
 .debug_aranges
                0x00000310      0x1a0 .\CortexM0\ARM_GCC_473\Debug\controllers.a(CyLib.o)
 .debug_aranges
                0x000004b0       0x90 .\CortexM0\ARM_GCC_473\Debug\controllers.a(logDataTimer.o)
 .debug_aranges
                0x00000540       0x90 .\CortexM0\ARM_GCC_473\Debug\controllers.a(waterTimer.o)
 .debug_aranges
                0x000005d0       0x80 .\CortexM0\ARM_GCC_473\Debug\controllers.a(logDataInterrupt.o)
 .debug_aranges
                0x00000650       0x80 .\CortexM0\ARM_GCC_473\Debug\controllers.a(waterInterrupt.o)
 .debug_aranges
                0x000006d0       0x40 .\CortexM0\ARM_GCC_473\Debug\controllers.a(SLC.o)
 .debug_aranges
                0x00000710       0x40 .\CortexM0\ARM_GCC_473\Debug\controllers.a(water_pin.o)
 .debug_aranges
                0x00000750       0xa8 .\CortexM0\ARM_GCC_473\Debug\controllers.a(ADC_SAR_Seq_0.o)
 .debug_aranges
                0x000007f8       0x20 .\CortexM0\ARM_GCC_473\Debug\controllers.a(ADC_SAR_Seq_0_INT.o)

.debug_pubnames
 *(.debug_pubnames)

.debug_info     0x00000000     0x3608
 *(.debug_info .gnu.linkonce.wi.*)
 .debug_info    0x00000000       0xbe .\CortexM0\ARM_GCC_473\Debug\test_controllers.o
 .debug_info    0x000000be      0x301 .\CortexM0\ARM_GCC_473\Debug\loadData.o
 .debug_info    0x000003bf      0x1a6 .\CortexM0\ARM_GCC_473\Debug\buffer.o
 .debug_info    0x00000565      0x252 .\CortexM0\ARM_GCC_473\Debug\parameters.o
 .debug_info    0x000007b7      0x145 .\CortexM0\ARM_GCC_473\Debug\humiSensor.o
 .debug_info    0x000008fc      0x120 .\CortexM0\ARM_GCC_473\Debug\sensorPackage.o
 .debug_info    0x00000a1c       0xdf .\CortexM0\ARM_GCC_473\Debug\sprinkler.o
 .debug_info    0x00000afb      0x137 .\CortexM0\ARM_GCC_473\Debug\tempSensor.o
 .debug_info    0x00000c32      0x17f .\CortexM0\ARM_GCC_473\Debug\onOff.o
 .debug_info    0x00000db1      0x193 .\CortexM0\ARM_GCC_473\Debug\config.o
 .debug_info    0x00000f44       0x5f .\CortexM0\ARM_GCC_473\Debug\addRemove.o
 .debug_info    0x00000fa3      0x100 .\CortexM0\ARM_GCC_473\Debug\cymetadata.o
 .debug_info    0x000010a3      0x2c0 .\CortexM0\ARM_GCC_473\Debug\Cm0Start.o
 .debug_info    0x00001363      0x4af .\CortexM0\ARM_GCC_473\Debug\controllers.a(cyfitter_cfg.o)
 .debug_info    0x00001812       0x71 .\CortexM0\ARM_GCC_473\Debug\controllers.a(CyBootAsmGnu.o)
 .debug_info    0x00001883      0xac5 .\CortexM0\ARM_GCC_473\Debug\controllers.a(CyLib.o)
 .debug_info    0x00002348      0x2a0 .\CortexM0\ARM_GCC_473\Debug\controllers.a(logDataTimer.o)
 .debug_info    0x000025e8      0x2a0 .\CortexM0\ARM_GCC_473\Debug\controllers.a(waterTimer.o)
 .debug_info    0x00002888      0x288 .\CortexM0\ARM_GCC_473\Debug\controllers.a(logDataInterrupt.o)
 .debug_info    0x00002b10      0x288 .\CortexM0\ARM_GCC_473\Debug\controllers.a(waterInterrupt.o)
 .debug_info    0x00002d98      0x168 .\CortexM0\ARM_GCC_473\Debug\controllers.a(SLC.o)
 .debug_info    0x00002f00      0x168 .\CortexM0\ARM_GCC_473\Debug\controllers.a(water_pin.o)
 .debug_info    0x00003068      0x4d4 .\CortexM0\ARM_GCC_473\Debug\controllers.a(ADC_SAR_Seq_0.o)
 .debug_info    0x0000353c       0xcc .\CortexM0\ARM_GCC_473\Debug\controllers.a(ADC_SAR_Seq_0_INT.o)

.debug_abbrev   0x00000000     0x1487
 *(.debug_abbrev)
 .debug_abbrev  0x00000000       0x5c .\CortexM0\ARM_GCC_473\Debug\test_controllers.o
 .debug_abbrev  0x0000005c      0x11f .\CortexM0\ARM_GCC_473\Debug\loadData.o
 .debug_abbrev  0x0000017b       0xeb .\CortexM0\ARM_GCC_473\Debug\buffer.o
 .debug_abbrev  0x00000266       0xbb .\CortexM0\ARM_GCC_473\Debug\parameters.o
 .debug_abbrev  0x00000321       0x92 .\CortexM0\ARM_GCC_473\Debug\humiSensor.o
 .debug_abbrev  0x000003b3       0x90 .\CortexM0\ARM_GCC_473\Debug\sensorPackage.o
 .debug_abbrev  0x00000443       0x6b .\CortexM0\ARM_GCC_473\Debug\sprinkler.o
 .debug_abbrev  0x000004ae       0x92 .\CortexM0\ARM_GCC_473\Debug\tempSensor.o
 .debug_abbrev  0x00000540       0xcd .\CortexM0\ARM_GCC_473\Debug\onOff.o
 .debug_abbrev  0x0000060d       0xcd .\CortexM0\ARM_GCC_473\Debug\config.o
 .debug_abbrev  0x000006da       0x4f .\CortexM0\ARM_GCC_473\Debug\addRemove.o
 .debug_abbrev  0x00000729       0x5d .\CortexM0\ARM_GCC_473\Debug\cymetadata.o
 .debug_abbrev  0x00000786      0x164 .\CortexM0\ARM_GCC_473\Debug\Cm0Start.o
 .debug_abbrev  0x000008ea      0x1b5 .\CortexM0\ARM_GCC_473\Debug\controllers.a(cyfitter_cfg.o)
 .debug_abbrev  0x00000a9f       0x14 .\CortexM0\ARM_GCC_473\Debug\controllers.a(CyBootAsmGnu.o)
 .debug_abbrev  0x00000ab3      0x1a2 .\CortexM0\ARM_GCC_473\Debug\controllers.a(CyLib.o)
 .debug_abbrev  0x00000c55      0x11d .\CortexM0\ARM_GCC_473\Debug\controllers.a(logDataTimer.o)
 .debug_abbrev  0x00000d72      0x11d .\CortexM0\ARM_GCC_473\Debug\controllers.a(waterTimer.o)
 .debug_abbrev  0x00000e8f      0x16a .\CortexM0\ARM_GCC_473\Debug\controllers.a(logDataInterrupt.o)
 .debug_abbrev  0x00000ff9      0x16a .\CortexM0\ARM_GCC_473\Debug\controllers.a(waterInterrupt.o)
 .debug_abbrev  0x00001163       0xac .\CortexM0\ARM_GCC_473\Debug\controllers.a(SLC.o)
 .debug_abbrev  0x0000120f       0xac .\CortexM0\ARM_GCC_473\Debug\controllers.a(water_pin.o)
 .debug_abbrev  0x000012bb      0x165 .\CortexM0\ARM_GCC_473\Debug\controllers.a(ADC_SAR_Seq_0.o)
 .debug_abbrev  0x00001420       0x67 .\CortexM0\ARM_GCC_473\Debug\controllers.a(ADC_SAR_Seq_0_INT.o)

.debug_line     0x00000000     0x18f4
 *(.debug_line)
 .debug_line    0x00000000       0x4d .\CortexM0\ARM_GCC_473\Debug\test_controllers.o
 .debug_line    0x0000004d       0xfa .\CortexM0\ARM_GCC_473\Debug\loadData.o
 .debug_line    0x00000147       0x9a .\CortexM0\ARM_GCC_473\Debug\buffer.o
 .debug_line    0x000001e1       0xd0 .\CortexM0\ARM_GCC_473\Debug\parameters.o
 .debug_line    0x000002b1       0x90 .\CortexM0\ARM_GCC_473\Debug\humiSensor.o
 .debug_line    0x00000341       0x85 .\CortexM0\ARM_GCC_473\Debug\sensorPackage.o
 .debug_line    0x000003c6       0x68 .\CortexM0\ARM_GCC_473\Debug\sprinkler.o
 .debug_line    0x0000042e       0x90 .\CortexM0\ARM_GCC_473\Debug\tempSensor.o
 .debug_line    0x000004be       0x78 .\CortexM0\ARM_GCC_473\Debug\onOff.o
 .debug_line    0x00000536       0x70 .\CortexM0\ARM_GCC_473\Debug\config.o
 .debug_line    0x000005a6       0x4f .\CortexM0\ARM_GCC_473\Debug\addRemove.o
 .debug_line    0x000005f5       0x53 .\CortexM0\ARM_GCC_473\Debug\cymetadata.o
 .debug_line    0x00000648      0x19b .\CortexM0\ARM_GCC_473\Debug\Cm0Start.o
 .debug_line    0x000007e3      0x1cb .\CortexM0\ARM_GCC_473\Debug\controllers.a(cyfitter_cfg.o)
 .debug_line    0x000009ae       0x68 .\CortexM0\ARM_GCC_473\Debug\controllers.a(CyBootAsmGnu.o)
 .debug_line    0x00000a16      0x541 .\CortexM0\ARM_GCC_473\Debug\controllers.a(CyLib.o)
 .debug_line    0x00000f57      0x17b .\CortexM0\ARM_GCC_473\Debug\controllers.a(logDataTimer.o)
 .debug_line    0x000010d2      0x179 .\CortexM0\ARM_GCC_473\Debug\controllers.a(waterTimer.o)
 .debug_line    0x0000124b      0x14f .\CortexM0\ARM_GCC_473\Debug\controllers.a(logDataInterrupt.o)
 .debug_line    0x0000139a      0x15d .\CortexM0\ARM_GCC_473\Debug\controllers.a(waterInterrupt.o)
 .debug_line    0x000014f7       0xa9 .\CortexM0\ARM_GCC_473\Debug\controllers.a(SLC.o)
 .debug_line    0x000015a0       0xaf .\CortexM0\ARM_GCC_473\Debug\controllers.a(water_pin.o)
 .debug_line    0x0000164f      0x237 .\CortexM0\ARM_GCC_473\Debug\controllers.a(ADC_SAR_Seq_0.o)
 .debug_line    0x00001886       0x6e .\CortexM0\ARM_GCC_473\Debug\controllers.a(ADC_SAR_Seq_0_INT.o)

.debug_frame    0x00000000     0x256c
 *(.debug_frame)
 .debug_frame   0x00000000       0x30 .\CortexM0\ARM_GCC_473\Debug\test_controllers.o
 .debug_frame   0x00000030       0xf4 .\CortexM0\ARM_GCC_473\Debug\loadData.o
 .debug_frame   0x00000124       0x70 .\CortexM0\ARM_GCC_473\Debug\buffer.o
 .debug_frame   0x00000194      0x110 .\CortexM0\ARM_GCC_473\Debug\parameters.o
 .debug_frame   0x000002a4       0x6c .\CortexM0\ARM_GCC_473\Debug\humiSensor.o
 .debug_frame   0x00000310       0x88 .\CortexM0\ARM_GCC_473\Debug\sensorPackage.o
 .debug_frame   0x00000398       0x68 .\CortexM0\ARM_GCC_473\Debug\sprinkler.o
 .debug_frame   0x00000400       0x6c .\CortexM0\ARM_GCC_473\Debug\tempSensor.o
 .debug_frame   0x0000046c       0x50 .\CortexM0\ARM_GCC_473\Debug\onOff.o
 .debug_frame   0x000004bc       0x50 .\CortexM0\ARM_GCC_473\Debug\config.o
 .debug_frame   0x0000050c       0x48 .\CortexM0\ARM_GCC_473\Debug\addRemove.o
 .debug_frame   0x00000554       0xa8 .\CortexM0\ARM_GCC_473\Debug\Cm0Start.o
 .debug_frame   0x000005fc      0x128 .\CortexM0\ARM_GCC_473\Debug\controllers.a(cyfitter_cfg.o)
 .debug_frame   0x00000724      0x628 .\CortexM0\ARM_GCC_473\Debug\controllers.a(CyLib.o)
 .debug_frame   0x00000d4c      0x1cc .\CortexM0\ARM_GCC_473\Debug\controllers.a(logDataTimer.o)
 .debug_frame   0x00000f18      0x1cc .\CortexM0\ARM_GCC_473\Debug\controllers.a(waterTimer.o)
 .debug_frame   0x000010e4      0x190 .\CortexM0\ARM_GCC_473\Debug\controllers.a(logDataInterrupt.o)
 .debug_frame   0x00001274      0x190 .\CortexM0\ARM_GCC_473\Debug\controllers.a(waterInterrupt.o)
 .debug_frame   0x00001404       0xa8 .\CortexM0\ARM_GCC_473\Debug\controllers.a(SLC.o)
 .debug_frame   0x000014ac       0xa8 .\CortexM0\ARM_GCC_473\Debug\controllers.a(water_pin.o)
 .debug_frame   0x00001554      0x24c .\CortexM0\ARM_GCC_473\Debug\controllers.a(ADC_SAR_Seq_0.o)
 .debug_frame   0x000017a0       0x30 .\CortexM0\ARM_GCC_473\Debug\controllers.a(ADC_SAR_Seq_0_INT.o)
 .debug_frame   0x000017d0       0x20 c:/program files (x86)/cypress/psoc creator/3.0/psoc creator/import/gnu_cs/arm/4.7.3/bin/../lib/gcc/arm-none-eabi/4.7.3/armv6-m\libgcc.a(_udivsi3.o)
 .debug_frame   0x000017f0       0x20 c:/program files (x86)/cypress/psoc creator/3.0/psoc creator/import/gnu_cs/arm/4.7.3/bin/../lib/gcc/arm-none-eabi/4.7.3/armv6-m\libgcc.a(_divsi3.o)
 .debug_frame   0x00001810       0x30 c:/program files (x86)/cypress/psoc creator/3.0/psoc creator/import/gnu_cs/arm/4.7.3/bin/../lib/gcc/arm-none-eabi/4.7.3/armv6-m\libgcc.a(_muldi3.o)
 .debug_frame   0x00001840       0x60 c:/program files (x86)/cypress/psoc creator/3.0/psoc creator/import/gnu_cs/arm/4.7.3/bin/../lib/gcc/arm-none-eabi/4.7.3/armv6-m\libgcc.a(bpabi.o)
 .debug_frame   0x000018a0       0x3c c:/program files (x86)/cypress/psoc creator/3.0/psoc creator/import/gnu_cs/arm/4.7.3/bin/../lib/gcc/arm-none-eabi/4.7.3/armv6-m\libgcc.a(divsf3.o)
 .debug_frame   0x000018dc       0x2c c:/program files (x86)/cypress/psoc creator/3.0/psoc creator/import/gnu_cs/arm/4.7.3/bin/../lib/gcc/arm-none-eabi/4.7.3/armv6-m\libgcc.a(eqsf2.o)
 .debug_frame   0x00001908       0x30 c:/program files (x86)/cypress/psoc creator/3.0/psoc creator/import/gnu_cs/arm/4.7.3/bin/../lib/gcc/arm-none-eabi/4.7.3/armv6-m\libgcc.a(gesf2.o)
 .debug_frame   0x00001938       0x30 c:/program files (x86)/cypress/psoc creator/3.0/psoc creator/import/gnu_cs/arm/4.7.3/bin/../lib/gcc/arm-none-eabi/4.7.3/armv6-m\libgcc.a(lesf2.o)
 .debug_frame   0x00001968       0x3c c:/program files (x86)/cypress/psoc creator/3.0/psoc creator/import/gnu_cs/arm/4.7.3/bin/../lib/gcc/arm-none-eabi/4.7.3/armv6-m\libgcc.a(mulsf3.o)
 .debug_frame   0x000019a4       0x30 c:/program files (x86)/cypress/psoc creator/3.0/psoc creator/import/gnu_cs/arm/4.7.3/bin/../lib/gcc/arm-none-eabi/4.7.3/armv6-m\libgcc.a(subsf3.o)
 .debug_frame   0x000019d4       0x2c c:/program files (x86)/cypress/psoc creator/3.0/psoc creator/import/gnu_cs/arm/4.7.3/bin/../lib/gcc/arm-none-eabi/4.7.3/armv6-m\libgcc.a(floatsisf.o)
 .debug_frame   0x00001a00       0x28 c:/program files (x86)/cypress/psoc creator/3.0/psoc creator/import/gnu_cs/arm/4.7.3/bin/../lib/gcc/arm-none-eabi/4.7.3/armv6-m\libgcc.a(floatunsisf.o)
 .debug_frame   0x00001a28       0x3c c:/program files (x86)/cypress/psoc creator/3.0/psoc creator/import/gnu_cs/arm/4.7.3/bin/../lib/gcc/arm-none-eabi/4.7.3/armv6-m\libgcc.a(divdf3.o)
 .debug_frame   0x00001a64       0x34 c:/program files (x86)/cypress/psoc creator/3.0/psoc creator/import/gnu_cs/arm/4.7.3/bin/../lib/gcc/arm-none-eabi/4.7.3/armv6-m\libgcc.a(eqdf2.o)
 .debug_frame   0x00001a98       0x38 c:/program files (x86)/cypress/psoc creator/3.0/psoc creator/import/gnu_cs/arm/4.7.3/bin/../lib/gcc/arm-none-eabi/4.7.3/armv6-m\libgcc.a(gedf2.o)
 .debug_frame   0x00001ad0       0x38 c:/program files (x86)/cypress/psoc creator/3.0/psoc creator/import/gnu_cs/arm/4.7.3/bin/../lib/gcc/arm-none-eabi/4.7.3/armv6-m\libgcc.a(ledf2.o)
 .debug_frame   0x00001b08       0x3c c:/program files (x86)/cypress/psoc creator/3.0/psoc creator/import/gnu_cs/arm/4.7.3/bin/../lib/gcc/arm-none-eabi/4.7.3/armv6-m\libgcc.a(muldf3.o)
 .debug_frame   0x00001b44       0x38 c:/program files (x86)/cypress/psoc creator/3.0/psoc creator/import/gnu_cs/arm/4.7.3/bin/../lib/gcc/arm-none-eabi/4.7.3/armv6-m\libgcc.a(subdf3.o)
 .debug_frame   0x00001b7c       0x2c c:/program files (x86)/cypress/psoc creator/3.0/psoc creator/import/gnu_cs/arm/4.7.3/bin/../lib/gcc/arm-none-eabi/4.7.3/armv6-m\libgcc.a(floatunsidf.o)
 .debug_frame   0x00001ba8       0x2c c:/program files (x86)/cypress/psoc creator/3.0/psoc creator/import/gnu_cs/arm/4.7.3/bin/../lib/gcc/arm-none-eabi/4.7.3/armv6-m\libgcc.a(extendsfdf2.o)
 .debug_frame   0x00001bd4       0x30 c:/program files (x86)/cypress/psoc creator/3.0/psoc creator/import/gnu_cs/arm/4.7.3/bin/../lib/gcc/arm-none-eabi/4.7.3/armv6-m\libgcc.a(truncdfsf2.o)
 .debug_frame   0x00001c04       0x3c c:/program files (x86)/cypress/psoc creator/3.0/psoc creator/import/gnu_cs/arm/4.7.3/bin/../lib/gcc/arm-none-eabi/4.7.3/armv6-m\libgcc.a(_divdi3.o)
 .debug_frame   0x00001c40       0x3c c:/program files (x86)/cypress/psoc creator/3.0/psoc creator/import/gnu_cs/arm/4.7.3/bin/../lib/gcc/arm-none-eabi/4.7.3/armv6-m\libgcc.a(_udivdi3.o)
 .debug_frame   0x00001c7c       0x28 c:/program files (x86)/cypress/psoc creator/3.0/psoc creator/import/gnu_cs/arm/4.7.3/bin/../lib/gcc/arm-none-eabi/4.7.3/../../../../arm-none-eabi/lib/armv6-m\libc_s.a(lib_a-__atexit2.o)
 .debug_frame   0x00001ca4       0x28 c:/program files (x86)/cypress/psoc creator/3.0/psoc creator/import/gnu_cs/arm/4.7.3/bin/../lib/gcc/arm-none-eabi/4.7.3/../../../../arm-none-eabi/lib/armv6-m\libc_s.a(lib_a-exit.o)
 .debug_frame   0x00001ccc       0x2c c:/program files (x86)/cypress/psoc creator/3.0/psoc creator/import/gnu_cs/arm/4.7.3/bin/../lib/gcc/arm-none-eabi/4.7.3/../../../../arm-none-eabi/lib/armv6-m\libc_s.a(lib_a-fini.o)
 .debug_frame   0x00001cf8       0x2c c:/program files (x86)/cypress/psoc creator/3.0/psoc creator/import/gnu_cs/arm/4.7.3/bin/../lib/gcc/arm-none-eabi/4.7.3/../../../../arm-none-eabi/lib/armv6-m\libc_s.a(lib_a-init.o)
 .debug_frame   0x00001d24       0x28 c:/program files (x86)/cypress/psoc creator/3.0/psoc creator/import/gnu_cs/arm/4.7.3/bin/../lib/gcc/arm-none-eabi/4.7.3/../../../../arm-none-eabi/lib/armv6-m\libc_s.a(lib_a-memcpy.o)
 .debug_frame   0x00001d4c       0x28 c:/program files (x86)/cypress/psoc creator/3.0/psoc creator/import/gnu_cs/arm/4.7.3/bin/../lib/gcc/arm-none-eabi/4.7.3/../../../../arm-none-eabi/lib/armv6-m\libc_s.a(lib_a-memset.o)
 .debug_frame   0x00001d74       0x54 c:/program files (x86)/cypress/psoc creator/3.0/psoc creator/import/gnu_cs/arm/4.7.3/bin/../lib/gcc/arm-none-eabi/4.7.3/../../../../arm-none-eabi/lib/armv6-m\libc_s.a(lib_a-snprintf.o)
 .debug_frame   0x00001dc8       0x78 c:/program files (x86)/cypress/psoc creator/3.0/psoc creator/import/gnu_cs/arm/4.7.3/bin/../lib/gcc/arm-none-eabi/4.7.3/../../../../arm-none-eabi/lib/armv6-m\libc_s.a(lib_a-svfprintf.o)
 .debug_frame   0x00001e40       0x70 c:/program files (x86)/cypress/psoc creator/3.0/psoc creator/import/gnu_cs/arm/4.7.3/bin/../lib/gcc/arm-none-eabi/4.7.3/../../../../arm-none-eabi/lib/armv6-m\libc_s.a(lib_a-vfprintf_float.o)
 .debug_frame   0x00001eb0       0x54 c:/program files (x86)/cypress/psoc creator/3.0/psoc creator/import/gnu_cs/arm/4.7.3/bin/../lib/gcc/arm-none-eabi/4.7.3/../../../../arm-none-eabi/lib/armv6-m\libc_s.a(lib_a-vfprintf_i.o)
 .debug_frame   0x00001f04       0x54 c:/program files (x86)/cypress/psoc creator/3.0/psoc creator/import/gnu_cs/arm/4.7.3/bin/../lib/gcc/arm-none-eabi/4.7.3/../../../../arm-none-eabi/lib/armv6-m\libc_s.a(lib_a-dtoa.o)
 .debug_frame   0x00001f58       0x2c c:/program files (x86)/cypress/psoc creator/3.0/psoc creator/import/gnu_cs/arm/4.7.3/bin/../lib/gcc/arm-none-eabi/4.7.3/../../../../arm-none-eabi/lib/armv6-m\libc_s.a(lib_a-freer.o)
 .debug_frame   0x00001f84       0xa4 c:/program files (x86)/cypress/psoc creator/3.0/psoc creator/import/gnu_cs/arm/4.7.3/bin/../lib/gcc/arm-none-eabi/4.7.3/../../../../arm-none-eabi/lib/armv6-m\libc_s.a(lib_a-locale.o)
 .debug_frame   0x00002028       0x40 c:/program files (x86)/cypress/psoc creator/3.0/psoc creator/import/gnu_cs/arm/4.7.3/bin/../lib/gcc/arm-none-eabi/4.7.3/../../../../arm-none-eabi/lib/armv6-m\libc_s.a(lib_a-malloc.o)
 .debug_frame   0x00002068       0x2c c:/program files (x86)/cypress/psoc creator/3.0/psoc creator/import/gnu_cs/arm/4.7.3/bin/../lib/gcc/arm-none-eabi/4.7.3/../../../../arm-none-eabi/lib/armv6-m\libc_s.a(lib_a-mallocr.o)
 .debug_frame   0x00002094       0x28 c:/program files (x86)/cypress/psoc creator/3.0/psoc creator/import/gnu_cs/arm/4.7.3/bin/../lib/gcc/arm-none-eabi/4.7.3/../../../../arm-none-eabi/lib/armv6-m\libc_s.a(lib_a-memchr.o)
 .debug_frame   0x000020bc       0x2c c:/program files (x86)/cypress/psoc creator/3.0/psoc creator/import/gnu_cs/arm/4.7.3/bin/../lib/gcc/arm-none-eabi/4.7.3/../../../../arm-none-eabi/lib/armv6-m\libc_s.a(lib_a-memmove.o)
 .debug_frame   0x000020e8      0x244 c:/program files (x86)/cypress/psoc creator/3.0/psoc creator/import/gnu_cs/arm/4.7.3/bin/../lib/gcc/arm-none-eabi/4.7.3/../../../../arm-none-eabi/lib/armv6-m\libc_s.a(lib_a-mprec.o)
 .debug_frame   0x0000232c       0x30 c:/program files (x86)/cypress/psoc creator/3.0/psoc creator/import/gnu_cs/arm/4.7.3/bin/../lib/gcc/arm-none-eabi/4.7.3/../../../../arm-none-eabi/lib/armv6-m\libc_s.a(lib_a-reallocr.o)
 .debug_frame   0x0000235c       0x2c c:/program files (x86)/cypress/psoc creator/3.0/psoc creator/import/gnu_cs/arm/4.7.3/bin/../lib/gcc/arm-none-eabi/4.7.3/../../../../arm-none-eabi/lib/armv6-m\libc_s.a(lib_a-s_fpclassify.o)
 .debug_frame   0x00002388       0x2c c:/program files (x86)/cypress/psoc creator/3.0/psoc creator/import/gnu_cs/arm/4.7.3/bin/../lib/gcc/arm-none-eabi/4.7.3/../../../../arm-none-eabi/lib/armv6-m\libc_s.a(lib_a-sbrkr.o)
 .debug_frame   0x000023b4       0x20 c:/program files (x86)/cypress/psoc creator/3.0/psoc creator/import/gnu_cs/arm/4.7.3/bin/../lib/gcc/arm-none-eabi/4.7.3/../../../../arm-none-eabi/lib/armv6-m\libc_s.a(lib_a-strcmp.o)
 .debug_frame   0x000023d4       0x20 c:/program files (x86)/cypress/psoc creator/3.0/psoc creator/import/gnu_cs/arm/4.7.3/bin/../lib/gcc/arm-none-eabi/4.7.3/../../../../arm-none-eabi/lib/armv6-m\libc_s.a(lib_a-strlen.o)
 .debug_frame   0x000023f4       0x2c c:/program files (x86)/cypress/psoc creator/3.0/psoc creator/import/gnu_cs/arm/4.7.3/bin/../lib/gcc/arm-none-eabi/4.7.3/../../../../arm-none-eabi/lib/armv6-m\libc_s.a(lib_a-callocr.o)
 .debug_frame   0x00002420       0x28 c:/program files (x86)/cypress/psoc creator/3.0/psoc creator/import/gnu_cs/arm/4.7.3/bin/../lib/gcc/arm-none-eabi/4.7.3/../../../../arm-none-eabi/lib/armv6-m\libc_s.a(lib_a-msizer.o)
 .debug_frame   0x00002448       0x64 c:/program files (x86)/cypress/psoc creator/3.0/psoc creator/import/gnu_cs/arm/4.7.3/bin/../lib/gcc/arm-none-eabi/4.7.3/../../../../arm-none-eabi/lib/armv6-m\libc_s.a(lib_a-reent.o)
 .debug_frame   0x000024ac       0x3c c:/program files (x86)/cypress/psoc creator/3.0/psoc creator/import/gnu_cs/arm/4.7.3/bin/../lib/gcc/arm-none-eabi/4.7.3/armv6-m\libgcc.a(adddf3.o)
 .debug_frame   0x000024e8       0x2c c:/program files (x86)/cypress/psoc creator/3.0/psoc creator/import/gnu_cs/arm/4.7.3/bin/../lib/gcc/arm-none-eabi/4.7.3/armv6-m\libgcc.a(fixdfsi.o)
 .debug_frame   0x00002514       0x30 c:/program files (x86)/cypress/psoc creator/3.0/psoc creator/import/gnu_cs/arm/4.7.3/bin/../lib/gcc/arm-none-eabi/4.7.3/armv6-m\libgcc.a(floatsidf.o)
 .debug_frame   0x00002544       0x28 c:/program files (x86)/cypress/psoc creator/3.0/psoc creator/import/gnu_cs/arm/4.7.3/bin/../lib/gcc/arm-none-eabi/4.7.3/../../../../arm-none-eabi/lib/armv6-m\libnosys.a(sbrk.o)

.debug_str      0x00000000     0x17d4
 *(.debug_str)
 .debug_str     0x00000000       0xea .\CortexM0\ARM_GCC_473\Debug\test_controllers.o
                                0x123 (size before relaxing)
 .debug_str     0x000000ea      0x15f .\CortexM0\ARM_GCC_473\Debug\loadData.o
                                0x273 (size before relaxing)
 .debug_str     0x00000249       0x45 .\CortexM0\ARM_GCC_473\Debug\buffer.o
                                 0xf2 (size before relaxing)
 .debug_str     0x0000028e       0xa5 .\CortexM0\ARM_GCC_473\Debug\parameters.o
                                0x16c (size before relaxing)
 .debug_str     0x00000333       0x7c .\CortexM0\ARM_GCC_473\Debug\humiSensor.o
                                0x18b (size before relaxing)
 .debug_str     0x000003af       0x6e .\CortexM0\ARM_GCC_473\Debug\sensorPackage.o
                                0x17d (size before relaxing)
 .debug_str     0x0000041d       0x3f .\CortexM0\ARM_GCC_473\Debug\sprinkler.o
                                0x14f (size before relaxing)
 .debug_str     0x0000045c       0x43 .\CortexM0\ARM_GCC_473\Debug\tempSensor.o
                                0x17f (size before relaxing)
 .debug_str     0x0000049f       0x39 .\CortexM0\ARM_GCC_473\Debug\onOff.o
                                0x14e (size before relaxing)
 .debug_str     0x000004d8       0x25 .\CortexM0\ARM_GCC_473\Debug\config.o
                                0x152 (size before relaxing)
 .debug_str     0x000004fd       0x2e .\CortexM0\ARM_GCC_473\Debug\addRemove.o
                                 0x98 (size before relaxing)
 .debug_str     0x0000052b       0x5b .\CortexM0\ARM_GCC_473\Debug\cymetadata.o
                                0x16a (size before relaxing)
 .debug_str     0x00000586      0x105 .\CortexM0\ARM_GCC_473\Debug\Cm0Start.o
                                0x233 (size before relaxing)
 .debug_str     0x0000068b      0x1c0 .\CortexM0\ARM_GCC_473\Debug\controllers.a(cyfitter_cfg.o)
                                0x319 (size before relaxing)
 .debug_str     0x0000084b      0x4df .\CortexM0\ARM_GCC_473\Debug\controllers.a(CyLib.o)
                                0x646 (size before relaxing)
 .debug_str     0x00000d2a      0x201 .\CortexM0\ARM_GCC_473\Debug\controllers.a(logDataTimer.o)
                                0x31c (size before relaxing)
 .debug_str     0x00000f2b      0x1b2 .\CortexM0\ARM_GCC_473\Debug\controllers.a(waterTimer.o)
                                0x2f8 (size before relaxing)
 .debug_str     0x000010dd      0x191 .\CortexM0\ARM_GCC_473\Debug\controllers.a(logDataInterrupt.o)
                                0x2e7 (size before relaxing)
 .debug_str     0x0000126e      0x166 .\CortexM0\ARM_GCC_473\Debug\controllers.a(waterInterrupt.o)
                                0x2cb (size before relaxing)
 .debug_str     0x000013d4       0x79 .\CortexM0\ARM_GCC_473\Debug\controllers.a(SLC.o)
                                0x197 (size before relaxing)
 .debug_str     0x0000144d       0x8a .\CortexM0\ARM_GCC_473\Debug\controllers.a(water_pin.o)
                                0x1bb (size before relaxing)
 .debug_str     0x000014d7      0x2b2 .\CortexM0\ARM_GCC_473\Debug\controllers.a(ADC_SAR_Seq_0.o)
                                0x409 (size before relaxing)
 .debug_str     0x00001789       0x4b .\CortexM0\ARM_GCC_473\Debug\controllers.a(ADC_SAR_Seq_0_INT.o)
                                0x161 (size before relaxing)

.debug_loc      0x00000000     0x2521
 *(.debug_loc)
 .debug_loc     0x00000000       0x38 .\CortexM0\ARM_GCC_473\Debug\test_controllers.o
 .debug_loc     0x00000038      0x159 .\CortexM0\ARM_GCC_473\Debug\loadData.o
 .debug_loc     0x00000191       0xa8 .\CortexM0\ARM_GCC_473\Debug\buffer.o
 .debug_loc     0x00000239      0x1c0 .\CortexM0\ARM_GCC_473\Debug\parameters.o
 .debug_loc     0x000003f9       0x90 .\CortexM0\ARM_GCC_473\Debug\humiSensor.o
 .debug_loc     0x00000489       0xc8 .\CortexM0\ARM_GCC_473\Debug\sensorPackage.o
 .debug_loc     0x00000551       0x90 .\CortexM0\ARM_GCC_473\Debug\sprinkler.o
 .debug_loc     0x000005e1       0x90 .\CortexM0\ARM_GCC_473\Debug\tempSensor.o
 .debug_loc     0x00000671       0x70 .\CortexM0\ARM_GCC_473\Debug\onOff.o
 .debug_loc     0x000006e1       0x70 .\CortexM0\ARM_GCC_473\Debug\config.o
 .debug_loc     0x00000751       0x58 .\CortexM0\ARM_GCC_473\Debug\addRemove.o
 .debug_loc     0x000007a9      0x100 .\CortexM0\ARM_GCC_473\Debug\Cm0Start.o
 .debug_loc     0x000008a9      0x1e0 .\CortexM0\ARM_GCC_473\Debug\controllers.a(cyfitter_cfg.o)
 .debug_loc     0x00000a89      0xa34 .\CortexM0\ARM_GCC_473\Debug\controllers.a(CyLib.o)
 .debug_loc     0x000014bd      0x2d0 .\CortexM0\ARM_GCC_473\Debug\controllers.a(logDataTimer.o)
 .debug_loc     0x0000178d      0x2d0 .\CortexM0\ARM_GCC_473\Debug\controllers.a(waterTimer.o)
 .debug_loc     0x00001a5d      0x26c .\CortexM0\ARM_GCC_473\Debug\controllers.a(logDataInterrupt.o)
 .debug_loc     0x00001cc9      0x26c .\CortexM0\ARM_GCC_473\Debug\controllers.a(waterInterrupt.o)
 .debug_loc     0x00001f35      0x100 .\CortexM0\ARM_GCC_473\Debug\controllers.a(SLC.o)
 .debug_loc     0x00002035      0x100 .\CortexM0\ARM_GCC_473\Debug\controllers.a(water_pin.o)
 .debug_loc     0x00002135      0x3b4 .\CortexM0\ARM_GCC_473\Debug\controllers.a(ADC_SAR_Seq_0.o)
 .debug_loc     0x000024e9       0x38 .\CortexM0\ARM_GCC_473\Debug\controllers.a(ADC_SAR_Seq_0_INT.o)

.debug_macinfo
 *(.debug_macinfo)

.debug_ranges   0x00000000      0x680
 *(.debug_ranges)
 .debug_ranges  0x00000000       0x10 .\CortexM0\ARM_GCC_473\Debug\test_controllers.o
 .debug_ranges  0x00000010       0x40 .\CortexM0\ARM_GCC_473\Debug\loadData.o
 .debug_ranges  0x00000050       0x20 .\CortexM0\ARM_GCC_473\Debug\buffer.o
 .debug_ranges  0x00000070       0x48 .\CortexM0\ARM_GCC_473\Debug\parameters.o
 .debug_ranges  0x000000b8       0x20 .\CortexM0\ARM_GCC_473\Debug\humiSensor.o
 .debug_ranges  0x000000d8       0x28 .\CortexM0\ARM_GCC_473\Debug\sensorPackage.o
 .debug_ranges  0x00000100       0x20 .\CortexM0\ARM_GCC_473\Debug\sprinkler.o
 .debug_ranges  0x00000120       0x20 .\CortexM0\ARM_GCC_473\Debug\tempSensor.o
 .debug_ranges  0x00000140       0x18 .\CortexM0\ARM_GCC_473\Debug\onOff.o
 .debug_ranges  0x00000158       0x18 .\CortexM0\ARM_GCC_473\Debug\config.o
 .debug_ranges  0x00000170       0x18 .\CortexM0\ARM_GCC_473\Debug\addRemove.o
 .debug_ranges  0x00000188       0x30 .\CortexM0\ARM_GCC_473\Debug\Cm0Start.o
 .debug_ranges  0x000001b8       0x50 .\CortexM0\ARM_GCC_473\Debug\controllers.a(cyfitter_cfg.o)
 .debug_ranges  0x00000208      0x190 .\CortexM0\ARM_GCC_473\Debug\controllers.a(CyLib.o)
 .debug_ranges  0x00000398       0x80 .\CortexM0\ARM_GCC_473\Debug\controllers.a(logDataTimer.o)
 .debug_ranges  0x00000418       0x80 .\CortexM0\ARM_GCC_473\Debug\controllers.a(waterTimer.o)
 .debug_ranges  0x00000498       0x70 .\CortexM0\ARM_GCC_473\Debug\controllers.a(logDataInterrupt.o)
 .debug_ranges  0x00000508       0x70 .\CortexM0\ARM_GCC_473\Debug\controllers.a(waterInterrupt.o)
 .debug_ranges  0x00000578       0x30 .\CortexM0\ARM_GCC_473\Debug\controllers.a(SLC.o)
 .debug_ranges  0x000005a8       0x30 .\CortexM0\ARM_GCC_473\Debug\controllers.a(water_pin.o)
 .debug_ranges  0x000005d8       0x98 .\CortexM0\ARM_GCC_473\Debug\controllers.a(ADC_SAR_Seq_0.o)
 .debug_ranges  0x00000670       0x10 .\CortexM0\ARM_GCC_473\Debug\controllers.a(ADC_SAR_Seq_0_INT.o)

.comment        0x00000000       0x70
 .comment       0x00000000       0x70 .\CortexM0\ARM_GCC_473\Debug\test_controllers.o
                                 0x71 (size before relaxing)
 .comment       0x00000000       0x71 .\CortexM0\ARM_GCC_473\Debug\loadData.o
 .comment       0x00000000       0x71 .\CortexM0\ARM_GCC_473\Debug\buffer.o
 .comment       0x00000000       0x71 .\CortexM0\ARM_GCC_473\Debug\parameters.o
 .comment       0x00000000       0x71 .\CortexM0\ARM_GCC_473\Debug\humiSensor.o
 .comment       0x00000000       0x71 .\CortexM0\ARM_GCC_473\Debug\sensorPackage.o
 .comment       0x00000000       0x71 .\CortexM0\ARM_GCC_473\Debug\sprinkler.o
 .comment       0x00000000       0x71 .\CortexM0\ARM_GCC_473\Debug\tempSensor.o
 .comment       0x00000000       0x71 .\CortexM0\ARM_GCC_473\Debug\onOff.o
 .comment       0x00000000       0x71 .\CortexM0\ARM_GCC_473\Debug\config.o
 .comment       0x00000000       0x71 .\CortexM0\ARM_GCC_473\Debug\addRemove.o
 .comment       0x00000000       0x71 .\CortexM0\ARM_GCC_473\Debug\cymetadata.o
 .comment       0x00000000       0x71 .\CortexM0\ARM_GCC_473\Debug\Cm0Start.o
 .comment       0x00000000       0x71 .\CortexM0\ARM_GCC_473\Debug\controllers.a(cyfitter_cfg.o)
 .comment       0x00000000       0x71 .\CortexM0\ARM_GCC_473\Debug\controllers.a(CyLib.o)
 .comment       0x00000000       0x71 .\CortexM0\ARM_GCC_473\Debug\controllers.a(logDataTimer.o)
 .comment       0x00000000       0x71 .\CortexM0\ARM_GCC_473\Debug\controllers.a(waterTimer.o)
 .comment       0x00000000       0x71 .\CortexM0\ARM_GCC_473\Debug\controllers.a(logDataInterrupt.o)
 .comment       0x00000000       0x71 .\CortexM0\ARM_GCC_473\Debug\controllers.a(waterInterrupt.o)
 .comment       0x00000000       0x71 .\CortexM0\ARM_GCC_473\Debug\controllers.a(SLC.o)
 .comment       0x00000000       0x71 .\CortexM0\ARM_GCC_473\Debug\controllers.a(water_pin.o)
 .comment       0x00000000       0x71 .\CortexM0\ARM_GCC_473\Debug\controllers.a(ADC_SAR_Seq_0.o)
 .comment       0x00000000       0x71 .\CortexM0\ARM_GCC_473\Debug\controllers.a(ADC_SAR_Seq_0_INT.o)

.debug_weaknames
 *(.debug_weaknames)

.debug_funcnames
 *(.debug_funcnames)

.debug_typenames
 *(.debug_typenames)

.debug_varnames
 *(.debug_varnames)

.note.gnu.arm.ident
 *(.note.gnu.arm.ident)

.ARM.attributes
                0x00000000       0x28
 *(.ARM.attributes)
 .ARM.attributes
                0x00000000       0x1e c:/program files (x86)/cypress/psoc creator/3.0/psoc creator/import/gnu_cs/arm/4.7.3/bin/../lib/gcc/arm-none-eabi/4.7.3/armv6-m/crti.o
 .ARM.attributes
                0x0000001e       0x2c c:/program files (x86)/cypress/psoc creator/3.0/psoc creator/import/gnu_cs/arm/4.7.3/bin/../lib/gcc/arm-none-eabi/4.7.3/armv6-m/crtbegin.o
 .ARM.attributes
                0x0000004a       0x1c c:/program files (x86)/cypress/psoc creator/3.0/psoc creator/import/gnu_cs/arm/4.7.3/bin/../lib/gcc/arm-none-eabi/4.7.3/../../../../arm-none-eabi/lib/armv6-m/crt0.o
 .ARM.attributes
                0x00000066       0x31 .\CortexM0\ARM_GCC_473\Debug\test_controllers.o
 .ARM.attributes
                0x00000097       0x31 .\CortexM0\ARM_GCC_473\Debug\loadData.o
 .ARM.attributes
                0x000000c8       0x31 .\CortexM0\ARM_GCC_473\Debug\buffer.o
 .ARM.attributes
                0x000000f9       0x31 .\CortexM0\ARM_GCC_473\Debug\parameters.o
 .ARM.attributes
                0x0000012a       0x31 .\CortexM0\ARM_GCC_473\Debug\humiSensor.o
 .ARM.attributes
                0x0000015b       0x31 .\CortexM0\ARM_GCC_473\Debug\sensorPackage.o
 .ARM.attributes
                0x0000018c       0x31 .\CortexM0\ARM_GCC_473\Debug\sprinkler.o
 .ARM.attributes
                0x000001bd       0x31 .\CortexM0\ARM_GCC_473\Debug\tempSensor.o
 .ARM.attributes
                0x000001ee       0x31 .\CortexM0\ARM_GCC_473\Debug\onOff.o
 .ARM.attributes
                0x0000021f       0x31 .\CortexM0\ARM_GCC_473\Debug\config.o
 .ARM.attributes
                0x00000250       0x31 .\CortexM0\ARM_GCC_473\Debug\addRemove.o
 .ARM.attributes
                0x00000281       0x31 .\CortexM0\ARM_GCC_473\Debug\cymetadata.o
 .ARM.attributes
                0x000002b2       0x31 .\CortexM0\ARM_GCC_473\Debug\Cm0Start.o
 .ARM.attributes
                0x000002e3       0x31 .\CortexM0\ARM_GCC_473\Debug\controllers.a(cyfitter_cfg.o)
 .ARM.attributes
                0x00000314       0x21 .\CortexM0\ARM_GCC_473\Debug\controllers.a(CyBootAsmGnu.o)
 .ARM.attributes
                0x00000335       0x31 .\CortexM0\ARM_GCC_473\Debug\controllers.a(CyLib.o)
 .ARM.attributes
                0x00000366       0x31 .\CortexM0\ARM_GCC_473\Debug\controllers.a(logDataTimer.o)
 .ARM.attributes
                0x00000397       0x31 .\CortexM0\ARM_GCC_473\Debug\controllers.a(waterTimer.o)
 .ARM.attributes
                0x000003c8       0x31 .\CortexM0\ARM_GCC_473\Debug\controllers.a(logDataInterrupt.o)
 .ARM.attributes
                0x000003f9       0x31 .\CortexM0\ARM_GCC_473\Debug\controllers.a(waterInterrupt.o)
 .ARM.attributes
                0x0000042a       0x31 .\CortexM0\ARM_GCC_473\Debug\controllers.a(SLC.o)
 .ARM.attributes
                0x0000045b       0x31 .\CortexM0\ARM_GCC_473\Debug\controllers.a(water_pin.o)
 .ARM.attributes
                0x0000048c       0x31 .\CortexM0\ARM_GCC_473\Debug\controllers.a(ADC_SAR_Seq_0.o)
 .ARM.attributes
                0x000004bd       0x31 .\CortexM0\ARM_GCC_473\Debug\controllers.a(ADC_SAR_Seq_0_INT.o)
 .ARM.attributes
                0x000004ee       0x1e c:/program files (x86)/cypress/psoc creator/3.0/psoc creator/import/gnu_cs/arm/4.7.3/bin/../lib/gcc/arm-none-eabi/4.7.3/armv6-m\libgcc.a(_udivsi3.o)
 .ARM.attributes
                0x0000050c       0x1e c:/program files (x86)/cypress/psoc creator/3.0/psoc creator/import/gnu_cs/arm/4.7.3/bin/../lib/gcc/arm-none-eabi/4.7.3/armv6-m\libgcc.a(_divsi3.o)
 .ARM.attributes
                0x0000052a       0x1e c:/program files (x86)/cypress/psoc creator/3.0/psoc creator/import/gnu_cs/arm/4.7.3/bin/../lib/gcc/arm-none-eabi/4.7.3/armv6-m\libgcc.a(_dvmd_tls.o)
 .ARM.attributes
                0x00000548       0x1e c:/program files (x86)/cypress/psoc creator/3.0/psoc creator/import/gnu_cs/arm/4.7.3/bin/../lib/gcc/arm-none-eabi/4.7.3/armv6-m\libgcc.a(_arm_cmpdf2.o)
 .ARM.attributes
                0x00000566       0x1e c:/program files (x86)/cypress/psoc creator/3.0/psoc creator/import/gnu_cs/arm/4.7.3/bin/../lib/gcc/arm-none-eabi/4.7.3/armv6-m\libgcc.a(_arm_cmpsf2.o)
 .ARM.attributes
                0x00000584       0x1e c:/program files (x86)/cypress/psoc creator/3.0/psoc creator/import/gnu_cs/arm/4.7.3/bin/../lib/gcc/arm-none-eabi/4.7.3/armv6-m\libgcc.a(_aeabi_ldivmod.o)
 .ARM.attributes
                0x000005a2       0x2c c:/program files (x86)/cypress/psoc creator/3.0/psoc creator/import/gnu_cs/arm/4.7.3/bin/../lib/gcc/arm-none-eabi/4.7.3/armv6-m\libgcc.a(_muldi3.o)
 .ARM.attributes
                0x000005ce       0x2c c:/program files (x86)/cypress/psoc creator/3.0/psoc creator/import/gnu_cs/arm/4.7.3/bin/../lib/gcc/arm-none-eabi/4.7.3/armv6-m\libgcc.a(bpabi.o)
 .ARM.attributes
                0x000005fa       0x2c c:/program files (x86)/cypress/psoc creator/3.0/psoc creator/import/gnu_cs/arm/4.7.3/bin/../lib/gcc/arm-none-eabi/4.7.3/armv6-m\libgcc.a(divsf3.o)
 .ARM.attributes
                0x00000626       0x2c c:/program files (x86)/cypress/psoc creator/3.0/psoc creator/import/gnu_cs/arm/4.7.3/bin/../lib/gcc/arm-none-eabi/4.7.3/armv6-m\libgcc.a(eqsf2.o)
 .ARM.attributes
                0x00000652       0x2c c:/program files (x86)/cypress/psoc creator/3.0/psoc creator/import/gnu_cs/arm/4.7.3/bin/../lib/gcc/arm-none-eabi/4.7.3/armv6-m\libgcc.a(gesf2.o)
 .ARM.attributes
                0x0000067e       0x2c c:/program files (x86)/cypress/psoc creator/3.0/psoc creator/import/gnu_cs/arm/4.7.3/bin/../lib/gcc/arm-none-eabi/4.7.3/armv6-m\libgcc.a(lesf2.o)
 .ARM.attributes
                0x000006aa       0x2c c:/program files (x86)/cypress/psoc creator/3.0/psoc creator/import/gnu_cs/arm/4.7.3/bin/../lib/gcc/arm-none-eabi/4.7.3/armv6-m\libgcc.a(mulsf3.o)
 .ARM.attributes
                0x000006d6       0x2c c:/program files (x86)/cypress/psoc creator/3.0/psoc creator/import/gnu_cs/arm/4.7.3/bin/../lib/gcc/arm-none-eabi/4.7.3/armv6-m\libgcc.a(subsf3.o)
 .ARM.attributes
                0x00000702       0x2c c:/program files (x86)/cypress/psoc creator/3.0/psoc creator/import/gnu_cs/arm/4.7.3/bin/../lib/gcc/arm-none-eabi/4.7.3/armv6-m\libgcc.a(floatsisf.o)
 .ARM.attributes
                0x0000072e       0x2c c:/program files (x86)/cypress/psoc creator/3.0/psoc creator/import/gnu_cs/arm/4.7.3/bin/../lib/gcc/arm-none-eabi/4.7.3/armv6-m\libgcc.a(floatunsisf.o)
 .ARM.attributes
                0x0000075a       0x2c c:/program files (x86)/cypress/psoc creator/3.0/psoc creator/import/gnu_cs/arm/4.7.3/bin/../lib/gcc/arm-none-eabi/4.7.3/armv6-m\libgcc.a(divdf3.o)
 .ARM.attributes
                0x00000786       0x2c c:/program files (x86)/cypress/psoc creator/3.0/psoc creator/import/gnu_cs/arm/4.7.3/bin/../lib/gcc/arm-none-eabi/4.7.3/armv6-m\libgcc.a(eqdf2.o)
 .ARM.attributes
                0x000007b2       0x2c c:/program files (x86)/cypress/psoc creator/3.0/psoc creator/import/gnu_cs/arm/4.7.3/bin/../lib/gcc/arm-none-eabi/4.7.3/armv6-m\libgcc.a(gedf2.o)
 .ARM.attributes
                0x000007de       0x2c c:/program files (x86)/cypress/psoc creator/3.0/psoc creator/import/gnu_cs/arm/4.7.3/bin/../lib/gcc/arm-none-eabi/4.7.3/armv6-m\libgcc.a(ledf2.o)
 .ARM.attributes
                0x0000080a       0x2c c:/program files (x86)/cypress/psoc creator/3.0/psoc creator/import/gnu_cs/arm/4.7.3/bin/../lib/gcc/arm-none-eabi/4.7.3/armv6-m\libgcc.a(muldf3.o)
 .ARM.attributes
                0x00000836       0x2c c:/program files (x86)/cypress/psoc creator/3.0/psoc creator/import/gnu_cs/arm/4.7.3/bin/../lib/gcc/arm-none-eabi/4.7.3/armv6-m\libgcc.a(subdf3.o)
 .ARM.attributes
                0x00000862       0x2c c:/program files (x86)/cypress/psoc creator/3.0/psoc creator/import/gnu_cs/arm/4.7.3/bin/../lib/gcc/arm-none-eabi/4.7.3/armv6-m\libgcc.a(floatunsidf.o)
 .ARM.attributes
                0x0000088e       0x2c c:/program files (x86)/cypress/psoc creator/3.0/psoc creator/import/gnu_cs/arm/4.7.3/bin/../lib/gcc/arm-none-eabi/4.7.3/armv6-m\libgcc.a(extendsfdf2.o)
 .ARM.attributes
                0x000008ba       0x2c c:/program files (x86)/cypress/psoc creator/3.0/psoc creator/import/gnu_cs/arm/4.7.3/bin/../lib/gcc/arm-none-eabi/4.7.3/armv6-m\libgcc.a(truncdfsf2.o)
 .ARM.attributes
                0x000008e6       0x1e c:/program files (x86)/cypress/psoc creator/3.0/psoc creator/import/gnu_cs/arm/4.7.3/bin/../lib/gcc/arm-none-eabi/4.7.3/armv6-m\libgcc.a(_clzsi2.o)
 .ARM.attributes
                0x00000904       0x2c c:/program files (x86)/cypress/psoc creator/3.0/psoc creator/import/gnu_cs/arm/4.7.3/bin/../lib/gcc/arm-none-eabi/4.7.3/armv6-m\libgcc.a(_divdi3.o)
 .ARM.attributes
                0x00000930       0x2c c:/program files (x86)/cypress/psoc creator/3.0/psoc creator/import/gnu_cs/arm/4.7.3/bin/../lib/gcc/arm-none-eabi/4.7.3/armv6-m\libgcc.a(_udivdi3.o)
 .ARM.attributes
                0x0000095c       0x2c c:/program files (x86)/cypress/psoc creator/3.0/psoc creator/import/gnu_cs/arm/4.7.3/bin/../lib/gcc/arm-none-eabi/4.7.3/../../../../arm-none-eabi/lib/armv6-m\libc_s.a(lib_a-__atexit2.o)
 .ARM.attributes
                0x00000988       0x2c c:/program files (x86)/cypress/psoc creator/3.0/psoc creator/import/gnu_cs/arm/4.7.3/bin/../lib/gcc/arm-none-eabi/4.7.3/../../../../arm-none-eabi/lib/armv6-m\libc_s.a(lib_a-exit.o)
 .ARM.attributes
                0x000009b4       0x2c c:/program files (x86)/cypress/psoc creator/3.0/psoc creator/import/gnu_cs/arm/4.7.3/bin/../lib/gcc/arm-none-eabi/4.7.3/../../../../arm-none-eabi/lib/armv6-m\libc_s.a(lib_a-fini.o)
 .ARM.attributes
                0x000009e0       0x2c c:/program files (x86)/cypress/psoc creator/3.0/psoc creator/import/gnu_cs/arm/4.7.3/bin/../lib/gcc/arm-none-eabi/4.7.3/../../../../arm-none-eabi/lib/armv6-m\libc_s.a(lib_a-impure.o)
 .ARM.attributes
                0x00000a0c       0x2c c:/program files (x86)/cypress/psoc creator/3.0/psoc creator/import/gnu_cs/arm/4.7.3/bin/../lib/gcc/arm-none-eabi/4.7.3/../../../../arm-none-eabi/lib/armv6-m\libc_s.a(lib_a-init.o)
 .ARM.attributes
                0x00000a38       0x2c c:/program files (x86)/cypress/psoc creator/3.0/psoc creator/import/gnu_cs/arm/4.7.3/bin/../lib/gcc/arm-none-eabi/4.7.3/../../../../arm-none-eabi/lib/armv6-m\libc_s.a(lib_a-memcpy.o)
 .ARM.attributes
                0x00000a64       0x2c c:/program files (x86)/cypress/psoc creator/3.0/psoc creator/import/gnu_cs/arm/4.7.3/bin/../lib/gcc/arm-none-eabi/4.7.3/../../../../arm-none-eabi/lib/armv6-m\libc_s.a(lib_a-memset.o)
 .ARM.attributes
                0x00000a90       0x2c c:/program files (x86)/cypress/psoc creator/3.0/psoc creator/import/gnu_cs/arm/4.7.3/bin/../lib/gcc/arm-none-eabi/4.7.3/../../../../arm-none-eabi/lib/armv6-m\libc_s.a(lib_a-snprintf.o)
 .ARM.attributes
                0x00000abc       0x2c c:/program files (x86)/cypress/psoc creator/3.0/psoc creator/import/gnu_cs/arm/4.7.3/bin/../lib/gcc/arm-none-eabi/4.7.3/../../../../arm-none-eabi/lib/armv6-m\libc_s.a(lib_a-svfprintf.o)
 .ARM.attributes
                0x00000ae8       0x2c c:/program files (x86)/cypress/psoc creator/3.0/psoc creator/import/gnu_cs/arm/4.7.3/bin/../lib/gcc/arm-none-eabi/4.7.3/../../../../arm-none-eabi/lib/armv6-m\libc_s.a(lib_a-vfprintf_float.o)
 .ARM.attributes
                0x00000b14       0x2c c:/program files (x86)/cypress/psoc creator/3.0/psoc creator/import/gnu_cs/arm/4.7.3/bin/../lib/gcc/arm-none-eabi/4.7.3/../../../../arm-none-eabi/lib/armv6-m\libc_s.a(lib_a-vfprintf_i.o)
 .ARM.attributes
                0x00000b40       0x2c c:/program files (x86)/cypress/psoc creator/3.0/psoc creator/import/gnu_cs/arm/4.7.3/bin/../lib/gcc/arm-none-eabi/4.7.3/../../../../arm-none-eabi/lib/armv6-m\libc_s.a(lib_a-dtoa.o)
 .ARM.attributes
                0x00000b6c       0x2c c:/program files (x86)/cypress/psoc creator/3.0/psoc creator/import/gnu_cs/arm/4.7.3/bin/../lib/gcc/arm-none-eabi/4.7.3/../../../../arm-none-eabi/lib/armv6-m\libc_s.a(lib_a-freer.o)
 .ARM.attributes
                0x00000b98       0x2c c:/program files (x86)/cypress/psoc creator/3.0/psoc creator/import/gnu_cs/arm/4.7.3/bin/../lib/gcc/arm-none-eabi/4.7.3/../../../../arm-none-eabi/lib/armv6-m\libc_s.a(lib_a-locale.o)
 .ARM.attributes
                0x00000bc4       0x2c c:/program files (x86)/cypress/psoc creator/3.0/psoc creator/import/gnu_cs/arm/4.7.3/bin/../lib/gcc/arm-none-eabi/4.7.3/../../../../arm-none-eabi/lib/armv6-m\libc_s.a(lib_a-malloc.o)
 .ARM.attributes
                0x00000bf0       0x2c c:/program files (x86)/cypress/psoc creator/3.0/psoc creator/import/gnu_cs/arm/4.7.3/bin/../lib/gcc/arm-none-eabi/4.7.3/../../../../arm-none-eabi/lib/armv6-m\libc_s.a(lib_a-mallocr.o)
 .ARM.attributes
                0x00000c1c       0x2c c:/program files (x86)/cypress/psoc creator/3.0/psoc creator/import/gnu_cs/arm/4.7.3/bin/../lib/gcc/arm-none-eabi/4.7.3/../../../../arm-none-eabi/lib/armv6-m\libc_s.a(lib_a-memchr.o)
 .ARM.attributes
                0x00000c48       0x2c c:/program files (x86)/cypress/psoc creator/3.0/psoc creator/import/gnu_cs/arm/4.7.3/bin/../lib/gcc/arm-none-eabi/4.7.3/../../../../arm-none-eabi/lib/armv6-m\libc_s.a(lib_a-memmove.o)
 .ARM.attributes
                0x00000c74       0x2c c:/program files (x86)/cypress/psoc creator/3.0/psoc creator/import/gnu_cs/arm/4.7.3/bin/../lib/gcc/arm-none-eabi/4.7.3/../../../../arm-none-eabi/lib/armv6-m\libc_s.a(lib_a-mprec.o)
 .ARM.attributes
                0x00000ca0       0x2c c:/program files (x86)/cypress/psoc creator/3.0/psoc creator/import/gnu_cs/arm/4.7.3/bin/../lib/gcc/arm-none-eabi/4.7.3/../../../../arm-none-eabi/lib/armv6-m\libc_s.a(lib_a-reallocr.o)
 .ARM.attributes
                0x00000ccc       0x2c c:/program files (x86)/cypress/psoc creator/3.0/psoc creator/import/gnu_cs/arm/4.7.3/bin/../lib/gcc/arm-none-eabi/4.7.3/../../../../arm-none-eabi/lib/armv6-m\libc_s.a(lib_a-s_fpclassify.o)
 .ARM.attributes
                0x00000cf8       0x2c c:/program files (x86)/cypress/psoc creator/3.0/psoc creator/import/gnu_cs/arm/4.7.3/bin/../lib/gcc/arm-none-eabi/4.7.3/../../../../arm-none-eabi/lib/armv6-m\libc_s.a(lib_a-sbrkr.o)
 .ARM.attributes
                0x00000d24       0x2c c:/program files (x86)/cypress/psoc creator/3.0/psoc creator/import/gnu_cs/arm/4.7.3/bin/../lib/gcc/arm-none-eabi/4.7.3/../../../../arm-none-eabi/lib/armv6-m\libc_s.a(lib_a-strcmp.o)
 .ARM.attributes
                0x00000d50       0x2c c:/program files (x86)/cypress/psoc creator/3.0/psoc creator/import/gnu_cs/arm/4.7.3/bin/../lib/gcc/arm-none-eabi/4.7.3/../../../../arm-none-eabi/lib/armv6-m\libc_s.a(lib_a-strlen.o)
 .ARM.attributes
                0x00000d7c       0x2c c:/program files (x86)/cypress/psoc creator/3.0/psoc creator/import/gnu_cs/arm/4.7.3/bin/../lib/gcc/arm-none-eabi/4.7.3/../../../../arm-none-eabi/lib/armv6-m\libc_s.a(lib_a-callocr.o)
 .ARM.attributes
                0x00000da8       0x2c c:/program files (x86)/cypress/psoc creator/3.0/psoc creator/import/gnu_cs/arm/4.7.3/bin/../lib/gcc/arm-none-eabi/4.7.3/../../../../arm-none-eabi/lib/armv6-m\libc_s.a(lib_a-msizer.o)
 .ARM.attributes
                0x00000dd4       0x2c c:/program files (x86)/cypress/psoc creator/3.0/psoc creator/import/gnu_cs/arm/4.7.3/bin/../lib/gcc/arm-none-eabi/4.7.3/../../../../arm-none-eabi/lib/armv6-m\libc_s.a(lib_a-reent.o)
 .ARM.attributes
                0x00000e00       0x1e c:/program files (x86)/cypress/psoc creator/3.0/psoc creator/import/gnu_cs/arm/4.7.3/bin/../lib/gcc/arm-none-eabi/4.7.3/armv6-m\libgcc.a(_thumb1_case_uqi.o)
 .ARM.attributes
                0x00000e1e       0x2c c:/program files (x86)/cypress/psoc creator/3.0/psoc creator/import/gnu_cs/arm/4.7.3/bin/../lib/gcc/arm-none-eabi/4.7.3/armv6-m\libgcc.a(adddf3.o)
 .ARM.attributes
                0x00000e4a       0x2c c:/program files (x86)/cypress/psoc creator/3.0/psoc creator/import/gnu_cs/arm/4.7.3/bin/../lib/gcc/arm-none-eabi/4.7.3/armv6-m\libgcc.a(fixdfsi.o)
 .ARM.attributes
                0x00000e76       0x2c c:/program files (x86)/cypress/psoc creator/3.0/psoc creator/import/gnu_cs/arm/4.7.3/bin/../lib/gcc/arm-none-eabi/4.7.3/armv6-m\libgcc.a(floatsidf.o)
 .ARM.attributes
                0x00000ea2       0x2c c:/program files (x86)/cypress/psoc creator/3.0/psoc creator/import/gnu_cs/arm/4.7.3/bin/../lib/gcc/arm-none-eabi/4.7.3/armv6-m/crtend.o
 .ARM.attributes
                0x00000ece       0x1e c:/program files (x86)/cypress/psoc creator/3.0/psoc creator/import/gnu_cs/arm/4.7.3/bin/../lib/gcc/arm-none-eabi/4.7.3/armv6-m/crtn.o
 .ARM.attributes
                0x00000eec       0x2c c:/program files (x86)/cypress/psoc creator/3.0/psoc creator/import/gnu_cs/arm/4.7.3/bin/../lib/gcc/arm-none-eabi/4.7.3/../../../../arm-none-eabi/lib/armv6-m\libnosys.a(sbrk.o)

/DISCARD/
 *(.note.GNU-stack)
OUTPUT(.\CortexM0\ARM_GCC_473\Debug\controllers.elf elf32-littlearm)
