ARM GAS  C:\Users\BJRN~1\AppData\Local\Temp\ccalFP9S.s 			page 1


   1              		.cpu cortex-m0
   2              		.fpu softvfp
   3              		.eabi_attribute 20, 1
   4              		.eabi_attribute 21, 1
   5              		.eabi_attribute 23, 3
   6              		.eabi_attribute 24, 1
   7              		.eabi_attribute 25, 1
   8              		.eabi_attribute 26, 1
   9              		.eabi_attribute 30, 6
  10              		.eabi_attribute 34, 0
  11              		.eabi_attribute 18, 4
  12              		.code	16
  13              		.file	"test_controllers.c"
  14              		.text
  15              	.Ltext0:
  16              		.cfi_sections	.debug_frame
  17              		.section	.text.main,"ax",%progbits
  18              		.align	2
  19              		.global	main
  20              		.code	16
  21              		.thumb_func
  22              		.type	main, %function
  23              	main:
  24              	.LFB33:
  25              		.file 1 ".\\test_controllers.c"
   1:.\test_controllers.c **** /*
   2:.\test_controllers.c **** * File: test_controllers.c
   3:.\test_controllers.c **** * Description: Test program for controller classes
   4:.\test_controllers.c **** * Project: PRJ3
   5:.\test_controllers.c **** * 
   6:.\test_controllers.c **** * Author: Bjørn Sørensen
   7:.\test_controllers.c **** */
   8:.\test_controllers.c **** 
   9:.\test_controllers.c **** 
  10:.\test_controllers.c **** #include <project.h>
  11:.\test_controllers.c **** // Controllers
  12:.\test_controllers.c **** #include "loadData.h"
  13:.\test_controllers.c **** #include "onOff.h"
  14:.\test_controllers.c **** #include "config.h"
  15:.\test_controllers.c **** #include "addRemove.h"
  16:.\test_controllers.c **** 
  17:.\test_controllers.c **** // Domain
  18:.\test_controllers.c **** #include "buffer.h"
  19:.\test_controllers.c **** #include "parameters.h"
  20:.\test_controllers.c **** 
  21:.\test_controllers.c **** int main()
  22:.\test_controllers.c **** {
  26              		.loc 1 22 0
  27              		.cfi_startproc
  28 0000 80B5     		push	{r7, lr}
  29              	.LCFI0:
  30              		.cfi_def_cfa_offset 8
  31              		.cfi_offset 7, -8
  32              		.cfi_offset 14, -4
  33 0002 82B0     		sub	sp, sp, #8
  34              	.LCFI1:
  35              		.cfi_def_cfa_offset 16
ARM GAS  C:\Users\BJRN~1\AppData\Local\Temp\ccalFP9S.s 			page 2


  36 0004 00AF     		add	r7, sp, #0
  37              	.LCFI2:
  38              		.cfi_def_cfa_register 7
  39              	.LBB2:
  23:.\test_controllers.c ****     /* Test of class addRemove */
  24:.\test_controllers.c ****     {
  25:.\test_controllers.c ****         int ret;
  26:.\test_controllers.c ****         ret = -1;
  40              		.loc 1 26 0
  41 0006 0123     		mov	r3, #1
  42 0008 5B42     		neg	r3, r3
  43 000a 7B60     		str	r3, [r7, #4]
  27:.\test_controllers.c ****         addRemove_init();           // Init controller (nothing done)
  44              		.loc 1 27 0
  45 000c FFF7FEFF 		bl	addRemove_init
  28:.\test_controllers.c ****         ret = addRemove_verify();   // Verify, return 0
  46              		.loc 1 28 0
  47 0010 FFF7FEFF 		bl	addRemove_verify
  48 0014 031C     		mov	r3, r0
  49 0016 7B60     		str	r3, [r7, #4]
  29:.\test_controllers.c ****         ret = 0;                    // Dummy
  50              		.loc 1 29 0
  51 0018 0023     		mov	r3, #0
  52 001a 7B60     		str	r3, [r7, #4]
  53              	.LBE2:
  30:.\test_controllers.c ****         
  31:.\test_controllers.c ****     }
  32:.\test_controllers.c ****     
  33:.\test_controllers.c ****     /* Test of class config */
  34:.\test_controllers.c ****     {
  35:.\test_controllers.c **** //        // Create objects
  36:.\test_controllers.c **** //        buffer bufferObj;
  37:.\test_controllers.c **** //        buffer_init(&bufferObj);
  38:.\test_controllers.c **** //        parameters paramObj;
  39:.\test_controllers.c **** //        parameters_init(&paramObj);
  40:.\test_controllers.c **** //        
  41:.\test_controllers.c **** //        // Create/init controller
  42:.\test_controllers.c **** //        config_init(&paramObj, &bufferObj);
  43:.\test_controllers.c **** //        
  44:.\test_controllers.c **** //        float readT, readH, t, h;
  45:.\test_controllers.c **** //        parameters_getTemp(&paramObj, &readT);      // Get temp
  46:.\test_controllers.c **** //        parameters_getHumi(&paramObj, &readH);      // Get humi
  47:.\test_controllers.c **** //        
  48:.\test_controllers.c **** //        t = 20.2;
  49:.\test_controllers.c **** //        h = 40.6;
  50:.\test_controllers.c **** //        config_config(&t, &h);                      // Set data
  51:.\test_controllers.c **** //        parameters_getTemp(&paramObj, &readT);      // Get temp
  52:.\test_controllers.c **** //        parameters_getHumi(&paramObj, &readH);      // Get humi
  53:.\test_controllers.c **** //        
  54:.\test_controllers.c **** //        t = 2.2;
  55:.\test_controllers.c **** //        h = 40;        
  56:.\test_controllers.c **** //        config_config(&t, &h);                      // Set data
  57:.\test_controllers.c **** //        parameters_getTemp(&paramObj, &readT);      // Get temp
  58:.\test_controllers.c **** //        parameters_getHumi(&paramObj, &readH);      // Get humi
  59:.\test_controllers.c **** //        
  60:.\test_controllers.c ****     }
  61:.\test_controllers.c ****     
ARM GAS  C:\Users\BJRN~1\AppData\Local\Temp\ccalFP9S.s 			page 3


  62:.\test_controllers.c ****     /* Test of class onOff */
  63:.\test_controllers.c ****     {
  64:.\test_controllers.c **** //        // Create objects
  65:.\test_controllers.c **** //        buffer bufferObj;
  66:.\test_controllers.c **** //        buffer_init(&bufferObj);
  67:.\test_controllers.c **** //        parameters paramObj;
  68:.\test_controllers.c **** //        parameters_init(&paramObj);
  69:.\test_controllers.c **** //        
  70:.\test_controllers.c **** //        // Create/init controller
  71:.\test_controllers.c **** //        onOff_init(&paramObj, &bufferObj);
  72:.\test_controllers.c **** //        
  73:.\test_controllers.c **** //        unsigned char read;
  74:.\test_controllers.c **** //        parameters_getActive(&paramObj, &read);     // Get active
  75:.\test_controllers.c **** //        
  76:.\test_controllers.c **** //        onOff_turnOnOff(1);                         // Turn ON
  77:.\test_controllers.c **** //        parameters_getActive(&paramObj, &read);     // Get active
  78:.\test_controllers.c **** //        
  79:.\test_controllers.c **** //        onOff_turnOnOff(0);                         // Turn OFF
  80:.\test_controllers.c **** //        parameters_getActive(&paramObj, &read);     // Get active
  81:.\test_controllers.c **** //        
  82:.\test_controllers.c **** //        onOff_turnOnOff(10);                        // Call with invalid argument
  83:.\test_controllers.c **** //        parameters_getActive(&paramObj, &read);     // Get active, no change should appear
  84:.\test_controllers.c **** //                                                    // Look up the buffer and verify error 23
  85:.\test_controllers.c ****     }
  86:.\test_controllers.c ****     
  87:.\test_controllers.c ****     /* Test of class loadData */
  88:.\test_controllers.c ****     {
  89:.\test_controllers.c **** //            
  90:.\test_controllers.c **** //        CyGlobalIntEnable;
  91:.\test_controllers.c **** //        // Create objects
  92:.\test_controllers.c **** //        buffer bufferObj;
  93:.\test_controllers.c **** //        buffer_init(&bufferObj);
  94:.\test_controllers.c **** //        parameters paramObj;
  95:.\test_controllers.c **** //        parameters_init(&paramObj);
  96:.\test_controllers.c **** //        sensorPackage_init();
  97:.\test_controllers.c **** //        parameters_setActive(&paramObj, 1);
  98:.\test_controllers.c **** //        
  99:.\test_controllers.c **** //        // Init controller
 100:.\test_controllers.c **** //        loadData_init(&paramObj, &bufferObj);
 101:.\test_controllers.c **** //        
 102:.\test_controllers.c **** //        // Read variables
 103:.\test_controllers.c **** //        char * read;
 104:.\test_controllers.c **** //        unsigned int read_len;
 105:.\test_controllers.c **** //        int ret;
 106:.\test_controllers.c **** //        while(1)
 107:.\test_controllers.c **** //        {
 108:.\test_controllers.c **** //            loadData_movementDetect();
 109:.\test_controllers.c **** //            CyDelay(20000);
 110:.\test_controllers.c **** //            ret = buffer_getData(&bufferObj, &read, &read_len);
 111:.\test_controllers.c **** //            
 112:.\test_controllers.c **** //        }
 113:.\test_controllers.c ****     }
 114:.\test_controllers.c ****     
 115:.\test_controllers.c ****     return 0;
  54              		.loc 1 115 0
  55 001c 0023     		mov	r3, #0
 116:.\test_controllers.c **** }...
ARM GAS  C:\Users\BJRN~1\AppData\Local\Temp\ccalFP9S.s 			page 4


  56              		.loc 1 116 0
  57 001e 181C     		mov	r0, r3
  58 0020 BD46     		mov	sp, r7
  59 0022 02B0     		add	sp, sp, #8
  60              		@ sp needed for prologue
  61 0024 80BD     		pop	{r7, pc}
  62              		.cfi_endproc
  63              	.LFE33:
  64              		.size	main, .-main
  65 0026 C046     		.text
  66              	.Letext0:
  67              		.section	.debug_info,"",%progbits
  68              	.Ldebug_info0:
  69 0000 BA000000 		.4byte	0xba
  70 0004 0200     		.2byte	0x2
  71 0006 00000000 		.4byte	.Ldebug_abbrev0
  72 000a 04       		.byte	0x4
  73 000b 01       		.uleb128 0x1
  74 000c 2E000000 		.4byte	.LASF13
  75 0010 01       		.byte	0x1
  76 0011 A0000000 		.4byte	.LASF14
  77 0015 C3000000 		.4byte	.LASF15
  78 0019 00000000 		.4byte	.Ldebug_ranges0+0
  79 001d 00000000 		.4byte	0
  80 0021 00000000 		.4byte	0
  81 0025 00000000 		.4byte	.Ldebug_line0
  82 0029 02       		.uleb128 0x2
  83 002a 01       		.byte	0x1
  84 002b 06       		.byte	0x6
  85 002c FE000000 		.4byte	.LASF0
  86 0030 02       		.uleb128 0x2
  87 0031 01       		.byte	0x1
  88 0032 08       		.byte	0x8
  89 0033 1B000000 		.4byte	.LASF1
  90 0037 02       		.uleb128 0x2
  91 0038 02       		.byte	0x2
  92 0039 05       		.byte	0x5
  93 003a 10010000 		.4byte	.LASF2
  94 003e 02       		.uleb128 0x2
  95 003f 02       		.byte	0x2
  96 0040 07       		.byte	0x7
  97 0041 EB000000 		.4byte	.LASF3
  98 0045 02       		.uleb128 0x2
  99 0046 04       		.byte	0x4
 100 0047 05       		.byte	0x5
 101 0048 BA000000 		.4byte	.LASF4
 102 004c 02       		.uleb128 0x2
 103 004d 04       		.byte	0x4
 104 004e 07       		.byte	0x7
 105 004f 77000000 		.4byte	.LASF5
 106 0053 02       		.uleb128 0x2
 107 0054 08       		.byte	0x8
 108 0055 05       		.byte	0x5
 109 0056 00000000 		.4byte	.LASF6
 110 005a 02       		.uleb128 0x2
 111 005b 08       		.byte	0x8
 112 005c 07       		.byte	0x7
ARM GAS  C:\Users\BJRN~1\AppData\Local\Temp\ccalFP9S.s 			page 5


 113 005d 89000000 		.4byte	.LASF7
 114 0061 03       		.uleb128 0x3
 115 0062 04       		.byte	0x4
 116 0063 05       		.byte	0x5
 117 0064 696E7400 		.ascii	"int\000"
 118 0068 02       		.uleb128 0x2
 119 0069 04       		.byte	0x4
 120 006a 07       		.byte	0x7
 121 006b 0E000000 		.4byte	.LASF8
 122 006f 02       		.uleb128 0x2
 123 0070 04       		.byte	0x4
 124 0071 04       		.byte	0x4
 125 0072 0A010000 		.4byte	.LASF9
 126 0076 02       		.uleb128 0x2
 127 0077 08       		.byte	0x8
 128 0078 04       		.byte	0x4
 129 0079 E4000000 		.4byte	.LASF10
 130 007d 02       		.uleb128 0x2
 131 007e 01       		.byte	0x1
 132 007f 08       		.byte	0x8
 133 0080 B5000000 		.4byte	.LASF11
 134 0084 02       		.uleb128 0x2
 135 0085 04       		.byte	0x4
 136 0086 07       		.byte	0x7
 137 0087 1A010000 		.4byte	.LASF12
 138 008b 04       		.uleb128 0x4
 139 008c 01       		.byte	0x1
 140 008d 29000000 		.4byte	.LASF16
 141 0091 01       		.byte	0x1
 142 0092 15       		.byte	0x15
 143 0093 61000000 		.4byte	0x61
 144 0097 00000000 		.4byte	.LFB33
 145 009b 26000000 		.4byte	.LFE33
 146 009f 00000000 		.4byte	.LLST0
 147 00a3 01       		.byte	0x1
 148 00a4 05       		.uleb128 0x5
 149 00a5 06000000 		.4byte	.LBB2
 150 00a9 1C000000 		.4byte	.LBE2
 151 00ad 06       		.uleb128 0x6
 152 00ae 72657400 		.ascii	"ret\000"
 153 00b2 01       		.byte	0x1
 154 00b3 19       		.byte	0x19
 155 00b4 61000000 		.4byte	0x61
 156 00b8 02       		.byte	0x2
 157 00b9 91       		.byte	0x91
 158 00ba 74       		.sleb128 -12
 159 00bb 00       		.byte	0
 160 00bc 00       		.byte	0
 161 00bd 00       		.byte	0
 162              		.section	.debug_abbrev,"",%progbits
 163              	.Ldebug_abbrev0:
 164 0000 01       		.uleb128 0x1
 165 0001 11       		.uleb128 0x11
 166 0002 01       		.byte	0x1
 167 0003 25       		.uleb128 0x25
 168 0004 0E       		.uleb128 0xe
 169 0005 13       		.uleb128 0x13
ARM GAS  C:\Users\BJRN~1\AppData\Local\Temp\ccalFP9S.s 			page 6


 170 0006 0B       		.uleb128 0xb
 171 0007 03       		.uleb128 0x3
 172 0008 0E       		.uleb128 0xe
 173 0009 1B       		.uleb128 0x1b
 174 000a 0E       		.uleb128 0xe
 175 000b 55       		.uleb128 0x55
 176 000c 06       		.uleb128 0x6
 177 000d 11       		.uleb128 0x11
 178 000e 01       		.uleb128 0x1
 179 000f 52       		.uleb128 0x52
 180 0010 01       		.uleb128 0x1
 181 0011 10       		.uleb128 0x10
 182 0012 06       		.uleb128 0x6
 183 0013 00       		.byte	0
 184 0014 00       		.byte	0
 185 0015 02       		.uleb128 0x2
 186 0016 24       		.uleb128 0x24
 187 0017 00       		.byte	0
 188 0018 0B       		.uleb128 0xb
 189 0019 0B       		.uleb128 0xb
 190 001a 3E       		.uleb128 0x3e
 191 001b 0B       		.uleb128 0xb
 192 001c 03       		.uleb128 0x3
 193 001d 0E       		.uleb128 0xe
 194 001e 00       		.byte	0
 195 001f 00       		.byte	0
 196 0020 03       		.uleb128 0x3
 197 0021 24       		.uleb128 0x24
 198 0022 00       		.byte	0
 199 0023 0B       		.uleb128 0xb
 200 0024 0B       		.uleb128 0xb
 201 0025 3E       		.uleb128 0x3e
 202 0026 0B       		.uleb128 0xb
 203 0027 03       		.uleb128 0x3
 204 0028 08       		.uleb128 0x8
 205 0029 00       		.byte	0
 206 002a 00       		.byte	0
 207 002b 04       		.uleb128 0x4
 208 002c 2E       		.uleb128 0x2e
 209 002d 01       		.byte	0x1
 210 002e 3F       		.uleb128 0x3f
 211 002f 0C       		.uleb128 0xc
 212 0030 03       		.uleb128 0x3
 213 0031 0E       		.uleb128 0xe
 214 0032 3A       		.uleb128 0x3a
 215 0033 0B       		.uleb128 0xb
 216 0034 3B       		.uleb128 0x3b
 217 0035 0B       		.uleb128 0xb
 218 0036 49       		.uleb128 0x49
 219 0037 13       		.uleb128 0x13
 220 0038 11       		.uleb128 0x11
 221 0039 01       		.uleb128 0x1
 222 003a 12       		.uleb128 0x12
 223 003b 01       		.uleb128 0x1
 224 003c 40       		.uleb128 0x40
 225 003d 06       		.uleb128 0x6
 226 003e 9642     		.uleb128 0x2116
ARM GAS  C:\Users\BJRN~1\AppData\Local\Temp\ccalFP9S.s 			page 7


 227 0040 0C       		.uleb128 0xc
 228 0041 00       		.byte	0
 229 0042 00       		.byte	0
 230 0043 05       		.uleb128 0x5
 231 0044 0B       		.uleb128 0xb
 232 0045 01       		.byte	0x1
 233 0046 11       		.uleb128 0x11
 234 0047 01       		.uleb128 0x1
 235 0048 12       		.uleb128 0x12
 236 0049 01       		.uleb128 0x1
 237 004a 00       		.byte	0
 238 004b 00       		.byte	0
 239 004c 06       		.uleb128 0x6
 240 004d 34       		.uleb128 0x34
 241 004e 00       		.byte	0
 242 004f 03       		.uleb128 0x3
 243 0050 08       		.uleb128 0x8
 244 0051 3A       		.uleb128 0x3a
 245 0052 0B       		.uleb128 0xb
 246 0053 3B       		.uleb128 0x3b
 247 0054 0B       		.uleb128 0xb
 248 0055 49       		.uleb128 0x49
 249 0056 13       		.uleb128 0x13
 250 0057 02       		.uleb128 0x2
 251 0058 0A       		.uleb128 0xa
 252 0059 00       		.byte	0
 253 005a 00       		.byte	0
 254 005b 00       		.byte	0
 255              		.section	.debug_loc,"",%progbits
 256              	.Ldebug_loc0:
 257              	.LLST0:
 258 0000 00000000 		.4byte	.LFB33
 259 0004 02000000 		.4byte	.LCFI0
 260 0008 0200     		.2byte	0x2
 261 000a 7D       		.byte	0x7d
 262 000b 00       		.sleb128 0
 263 000c 02000000 		.4byte	.LCFI0
 264 0010 04000000 		.4byte	.LCFI1
 265 0014 0200     		.2byte	0x2
 266 0016 7D       		.byte	0x7d
 267 0017 08       		.sleb128 8
 268 0018 04000000 		.4byte	.LCFI1
 269 001c 06000000 		.4byte	.LCFI2
 270 0020 0200     		.2byte	0x2
 271 0022 7D       		.byte	0x7d
 272 0023 10       		.sleb128 16
 273 0024 06000000 		.4byte	.LCFI2
 274 0028 26000000 		.4byte	.LFE33
 275 002c 0200     		.2byte	0x2
 276 002e 77       		.byte	0x77
 277 002f 10       		.sleb128 16
 278 0030 00000000 		.4byte	0
 279 0034 00000000 		.4byte	0
 280              		.section	.debug_aranges,"",%progbits
 281 0000 1C000000 		.4byte	0x1c
 282 0004 0200     		.2byte	0x2
 283 0006 00000000 		.4byte	.Ldebug_info0
ARM GAS  C:\Users\BJRN~1\AppData\Local\Temp\ccalFP9S.s 			page 8


 284 000a 04       		.byte	0x4
 285 000b 00       		.byte	0
 286 000c 0000     		.2byte	0
 287 000e 0000     		.2byte	0
 288 0010 00000000 		.4byte	.LFB33
 289 0014 26000000 		.4byte	.LFE33-.LFB33
 290 0018 00000000 		.4byte	0
 291 001c 00000000 		.4byte	0
 292              		.section	.debug_ranges,"",%progbits
 293              	.Ldebug_ranges0:
 294 0000 00000000 		.4byte	.LFB33
 295 0004 26000000 		.4byte	.LFE33
 296 0008 00000000 		.4byte	0
 297 000c 00000000 		.4byte	0
 298              		.section	.debug_line,"",%progbits
 299              	.Ldebug_line0:
 300 0000 49000000 		.section	.debug_str,"MS",%progbits,1
 300      02002B00 
 300      00000201 
 300      FB0E0D00 
 300      01010101 
 301              	.LASF6:
 302 0000 6C6F6E67 		.ascii	"long long int\000"
 302      206C6F6E 
 302      6720696E 
 302      7400
 303              	.LASF8:
 304 000e 756E7369 		.ascii	"unsigned int\000"
 304      676E6564 
 304      20696E74 
 304      00
 305              	.LASF1:
 306 001b 756E7369 		.ascii	"unsigned char\000"
 306      676E6564 
 306      20636861 
 306      7200
 307              	.LASF16:
 308 0029 6D61696E 		.ascii	"main\000"
 308      00
 309              	.LASF13:
 310 002e 474E5520 		.ascii	"GNU C 4.7.3 20130312 (release) [ARM/embedded-4_7-br"
 310      4320342E 
 310      372E3320 
 310      32303133 
 310      30333132 
 311 0061 616E6368 		.ascii	"anch revision 196615]\000"
 311      20726576 
 311      6973696F 
 311      6E203139 
 311      36363135 
 312              	.LASF5:
 313 0077 6C6F6E67 		.ascii	"long unsigned int\000"
 313      20756E73 
 313      69676E65 
 313      6420696E 
 313      7400
 314              	.LASF7:
ARM GAS  C:\Users\BJRN~1\AppData\Local\Temp\ccalFP9S.s 			page 9


 315 0089 6C6F6E67 		.ascii	"long long unsigned int\000"
 315      206C6F6E 
 315      6720756E 
 315      7369676E 
 315      65642069 
 316              	.LASF14:
 317 00a0 2E5C7465 		.ascii	".\\test_controllers.c\000"
 317      73745F63 
 317      6F6E7472 
 317      6F6C6C65 
 317      72732E63 
 318              	.LASF11:
 319 00b5 63686172 		.ascii	"char\000"
 319      00
 320              	.LASF4:
 321 00ba 6C6F6E67 		.ascii	"long int\000"
 321      20696E74 
 321      00
 322              	.LASF15:
 323 00c3 433A5C63 		.ascii	"C:\\controllers\\controllers.cydsn\000"
 323      6F6E7472 
 323      6F6C6C65 
 323      72735C63 
 323      6F6E7472 
 324              	.LASF10:
 325 00e4 646F7562 		.ascii	"double\000"
 325      6C6500
 326              	.LASF3:
 327 00eb 73686F72 		.ascii	"short unsigned int\000"
 327      7420756E 
 327      7369676E 
 327      65642069 
 327      6E7400
 328              	.LASF0:
 329 00fe 7369676E 		.ascii	"signed char\000"
 329      65642063 
 329      68617200 
 330              	.LASF9:
 331 010a 666C6F61 		.ascii	"float\000"
 331      7400
 332              	.LASF2:
 333 0110 73686F72 		.ascii	"short int\000"
 333      7420696E 
 333      7400
 334              	.LASF12:
 335 011a 73697A65 		.ascii	"sizetype\000"
 335      74797065 
 335      00
 336              		.ident	"GCC: (GNU Tools for ARM Embedded Processors) 4.7.3 20130312 (release) [ARM/embedded-4_7-br
